stm32g4xx_hal_uart.c:3535:13:UART_TxISR_16BIT	0	static
stm32g4xx_hal_uart.c:3607:13:UART_TxISR_16BIT_FIFOEN	4	static
stm32g4xx_hal_uart.c:3506:13:UART_TxISR_8BIT	0	static
stm32g4xx_hal_uart.c:3567:13:UART_TxISR_8BIT_FIFOEN	4	static
stm32g4xx_hal_uart.c:657:13:HAL_UART_MspInit	0	static
stm32g4xx_hal_uart.c:672:13:HAL_UART_MspDeInit	0	static
stm32g4xx_hal_uart.c:612:19:HAL_UART_DeInit	16	static
stm32g4xx_hal_uart.c:1031:19:HAL_UART_Transmit	32	static
stm32g4xx_hal_uart.c:1120:19:HAL_UART_Receive	40	static
stm32g4xx_hal_uart.c:1205:19:HAL_UART_Transmit_IT	8	static
stm32g4xx_hal_uart.c:1279:19:HAL_UART_Receive_IT	8	static
stm32g4xx_hal_uart.c:1360:19:HAL_UART_Transmit_DMA	24	static
stm32g4xx_hal_uart.c:1436:19:HAL_UART_Receive_DMA	24	static
stm32g4xx_hal_uart.c:1507:19:HAL_UART_DMAPause	8	static
stm32g4xx_hal_uart.c:1541:19:HAL_UART_DMAResume	0	static
stm32g4xx_hal_uart.c:1573:19:HAL_UART_DMAStop	16	static
stm32g4xx_hal_uart.c:1648:19:HAL_UART_Abort	16	static
stm32g4xx_hal_uart.c:1741:19:HAL_UART_AbortTransmit	8	static
stm32g4xx_hal_uart.c:1799:19:HAL_UART_AbortReceive	8	static
stm32g4xx_hal_uart.c:2398:13:HAL_UART_TxCpltCallback	0	static
stm32g4xx_hal_uart.c:3168:13:UART_DMATransmitCplt	8	static
stm32g4xx_hal_uart.c:2413:13:HAL_UART_TxHalfCpltCallback	0	static
stm32g4xx_hal_uart.c:3202:13:UART_DMATxHalfCplt	8	static
stm32g4xx_hal_uart.c:2428:13:HAL_UART_RxCpltCallback	0	static
stm32g4xx_hal_uart.c:3673:13:UART_RxISR_8BIT	16	static
stm32g4xx_hal_uart.c:3723:13:UART_RxISR_16BIT	16	static
stm32g4xx_hal_uart.c:3775:13:UART_RxISR_8BIT_FIFOEN	24	static
stm32g4xx_hal_uart.c:3847:13:UART_RxISR_16BIT_FIFOEN	24	static
stm32g4xx_hal_uart.c:3220:13:UART_DMAReceiveCplt	8	static
stm32g4xx_hal_uart.c:2443:13:HAL_UART_RxHalfCpltCallback	0	static
stm32g4xx_hal_uart.c:3255:13:UART_DMARxHalfCplt	8	static
stm32g4xx_hal_uart.c:2458:13:HAL_UART_ErrorCallback	0	static
stm32g4xx_hal_uart.c:3273:13:UART_DMAError	8	static
stm32g4xx_hal_uart.c:2177:6:HAL_UART_IRQHandler	24	static
stm32g4xx_hal_uart.c:3313:13:UART_DMAAbortOnError	8	static
stm32g4xx_hal_uart.c:2473:13:HAL_UART_AbortCpltCallback	0	static
stm32g4xx_hal_uart.c:1859:19:HAL_UART_Abort_IT	8	static
stm32g4xx_hal_uart.c:3390:13:UART_DMARxAbortCallback	8	static
stm32g4xx_hal_uart.c:3336:13:UART_DMATxAbortCallback	8	static
stm32g4xx_hal_uart.c:2488:13:HAL_UART_AbortTransmitCpltCallback	0	static
stm32g4xx_hal_uart.c:2003:19:HAL_UART_AbortTransmit_IT	8	static
stm32g4xx_hal_uart.c:3441:13:UART_DMATxOnlyAbortCallback	8	static
stm32g4xx_hal_uart.c:2503:13:HAL_UART_AbortReceiveCpltCallback	0	static
stm32g4xx_hal_uart.c:2093:19:HAL_UART_AbortReceive_IT	16	static
stm32g4xx_hal_uart.c:3474:13:UART_DMARxOnlyAbortCallback	8	static
stm32g4xx_hal_uart.c:2545:19:HAL_MultiProcessor_EnableMuteMode	16	static
stm32g4xx_hal_uart.c:2565:19:HAL_MultiProcessor_DisableMuteMode	16	static
stm32g4xx_hal_uart.c:2585:6:HAL_MultiProcessor_EnterMuteMode	0	static
stm32g4xx_hal_uart.c:2595:19:HAL_HalfDuplex_EnableTransmitter	8	static
stm32g4xx_hal_uart.c:2618:19:HAL_HalfDuplex_EnableReceiver	8	static
stm32g4xx_hal_uart.c:2642:19:HAL_LIN_SendBreak	4	static
stm32g4xx_hal_uart.c:2687:23:HAL_UART_GetState	0	static
stm32g4xx_hal_uart.c:2703:10:HAL_UART_GetError	0	static
stm32g4xx_hal_uart.c:2748:19:UART_SetConfig	24	static
stm32g4xx_hal_uart.c:2976:6:UART_AdvFeatureConfig	4	static
stm32g4xx_hal_uart.c:295:19:HAL_UART_Init	24	static
stm32g4xx_hal_uart.c:368:19:HAL_HalfDuplex_Init	24	static
stm32g4xx_hal_uart.c:441:19:HAL_LIN_Init	32	static
stm32g4xx_hal_uart.c:538:19:HAL_MultiProcessor_Init	32	static
stm32g4xx_hal_uart.c:3050:19:UART_CheckIdleState	16	static
stm32g4xx_hal_uart.c:3100:19:UART_WaitOnFlagUntilTimeout	24	static
