stm32g4xx_hal_rcc.c:225:19:HAL_RCC_DeInit	16	static
stm32g4xx_hal_rcc.c:318:19:HAL_RCC_OscConfig	32	static
stm32g4xx_hal_rcc.c:773:19:HAL_RCC_ClockConfig	32	static
stm32g4xx_hal_rcc.c:996:6:HAL_RCC_MCOConfig	40	static
stm32g4xx_hal_rcc.c:1053:10:HAL_RCC_GetSysClockFreq	0	static
stm32g4xx_hal_rcc.c:1108:10:HAL_RCC_GetHCLKFreq	0	static
stm32g4xx_hal_rcc.c:1119:10:HAL_RCC_GetPCLK1Freq	0	static
stm32g4xx_hal_rcc.c:1131:10:HAL_RCC_GetPCLK2Freq	0	static
stm32g4xx_hal_rcc.c:1144:6:HAL_RCC_GetOscConfig	0	static
stm32g4xx_hal_rcc.c:1238:6:HAL_RCC_GetClockConfig	4	static
stm32g4xx_hal_rcc.c:1273:6:HAL_RCC_EnableCSS	0	static
stm32g4xx_hal_rcc.c:1287:6:HAL_RCC_EnableLSECSS	0	static
stm32g4xx_hal_rcc.c:1298:6:HAL_RCC_DisableLSECSS	0	static
stm32g4xx_hal_rcc.c:1325:13:HAL_RCC_CSSCallback	0	static
stm32g4xx_hal_rcc.c:1308:6:HAL_RCC_NMI_IRQHandler	8	static
