stm32g4xx_hal_fdcan.c:572:13:HAL_FDCAN_MspInit	0	static
stm32g4xx_hal_fdcan.c:283:19:HAL_FDCAN_Init	16	static
stm32g4xx_hal_fdcan.c:587:13:HAL_FDCAN_MspDeInit	0	static
stm32g4xx_hal_fdcan.c:526:19:HAL_FDCAN_DeInit	8	static
stm32g4xx_hal_fdcan.c:602:19:HAL_FDCAN_EnterPowerDownMode	16	static
stm32g4xx_hal_fdcan.c:637:19:HAL_FDCAN_ExitPowerDownMode	16	static
stm32g4xx_hal_fdcan.c:1277:19:HAL_FDCAN_ConfigFilter	16	static
stm32g4xx_hal_fdcan.c:1361:19:HAL_FDCAN_ConfigGlobalFilter	4	static
stm32g4xx_hal_fdcan.c:1405:19:HAL_FDCAN_ConfigExtendedIdMask	0	static
stm32g4xx_hal_fdcan.c:1439:19:HAL_FDCAN_ConfigRxFifoOverwrite	0	static
stm32g4xx_hal_fdcan.c:1479:19:HAL_FDCAN_ConfigRamWatchdog	0	static
stm32g4xx_hal_fdcan.c:1509:19:HAL_FDCAN_ConfigTimestampCounter	0	static
stm32g4xx_hal_fdcan.c:1539:19:HAL_FDCAN_EnableTimestampCounter	0	static
stm32g4xx_hal_fdcan.c:1567:19:HAL_FDCAN_DisableTimestampCounter	0	static
stm32g4xx_hal_fdcan.c:1592:10:HAL_FDCAN_GetTimestampCounter	0	static
stm32g4xx_hal_fdcan.c:1603:19:HAL_FDCAN_ResetTimestampCounter	0	static
stm32g4xx_hal_fdcan.c:1634:19:HAL_FDCAN_ConfigTimeoutCounter	4	static
stm32g4xx_hal_fdcan.c:1663:19:HAL_FDCAN_EnableTimeoutCounter	0	static
stm32g4xx_hal_fdcan.c:1688:19:HAL_FDCAN_DisableTimeoutCounter	0	static
stm32g4xx_hal_fdcan.c:1713:10:HAL_FDCAN_GetTimeoutCounter	0	static
stm32g4xx_hal_fdcan.c:1724:19:HAL_FDCAN_ResetTimeoutCounter	0	static
stm32g4xx_hal_fdcan.c:1754:19:HAL_FDCAN_ConfigTxDelayCompensation	0	static
stm32g4xx_hal_fdcan.c:1783:19:HAL_FDCAN_EnableTxDelayCompensation	0	static
stm32g4xx_hal_fdcan.c:1808:19:HAL_FDCAN_DisableTxDelayCompensation	0	static
stm32g4xx_hal_fdcan.c:1834:19:HAL_FDCAN_EnableISOMode	0	static
stm32g4xx_hal_fdcan.c:1860:19:HAL_FDCAN_DisableISOMode	0	static
stm32g4xx_hal_fdcan.c:1886:19:HAL_FDCAN_EnableEdgeFiltering	0	static
stm32g4xx_hal_fdcan.c:1912:19:HAL_FDCAN_DisableEdgeFiltering	0	static
stm32g4xx_hal_fdcan.c:1969:19:HAL_FDCAN_Start	0	static
stm32g4xx_hal_fdcan.c:2000:19:HAL_FDCAN_Stop	8	static
stm32g4xx_hal_fdcan.c:2082:19:HAL_FDCAN_AddMessageToTxFifoQ	24	static
stm32g4xx_hal_fdcan.c:2149:10:HAL_FDCAN_GetLatestTxFifoQRequestBuffer	0	static
stm32g4xx_hal_fdcan.c:2163:19:HAL_FDCAN_AbortTxRequest	0	static
stm32g4xx_hal_fdcan.c:2195:19:HAL_FDCAN_GetRxMessage	20	static
stm32g4xx_hal_fdcan.c:2323:19:HAL_FDCAN_GetTxEvent	8	static
stm32g4xx_hal_fdcan.c:2406:19:HAL_FDCAN_GetHighPriorityMessageStatus	4	static
stm32g4xx_hal_fdcan.c:2424:19:HAL_FDCAN_GetProtocolStatus	8	static
stm32g4xx_hal_fdcan.c:2455:19:HAL_FDCAN_GetErrorCounters	4	static
stm32g4xx_hal_fdcan.c:2482:10:HAL_FDCAN_IsTxBufferMessagePending	0	static
stm32g4xx_hal_fdcan.c:2505:10:HAL_FDCAN_GetRxFifoFillLevel	0	static
stm32g4xx_hal_fdcan.c:2532:10:HAL_FDCAN_GetTxFifoFreeLevel	0	static
stm32g4xx_hal_fdcan.c:2550:10:HAL_FDCAN_IsRestrictedOperationMode	0	static
stm32g4xx_hal_fdcan.c:2566:19:HAL_FDCAN_ExitRestrictedOperationMode	0	static
stm32g4xx_hal_fdcan.c:2618:19:HAL_FDCAN_ConfigInterruptLines	0	static
stm32g4xx_hal_fdcan.c:2663:19:HAL_FDCAN_ActivateNotification	8	static
stm32g4xx_hal_fdcan.c:2741:19:HAL_FDCAN_DeactivateNotification	8	static
stm32g4xx_hal_fdcan.c:3092:13:HAL_FDCAN_TxEventFifoCallback	0	static
stm32g4xx_hal_fdcan.c:3111:13:HAL_FDCAN_RxFifo0Callback	0	static
stm32g4xx_hal_fdcan.c:3130:13:HAL_FDCAN_RxFifo1Callback	0	static
stm32g4xx_hal_fdcan.c:3147:13:HAL_FDCAN_TxFifoEmptyCallback	0	static
stm32g4xx_hal_fdcan.c:3165:13:HAL_FDCAN_TxBufferCompleteCallback	0	static
stm32g4xx_hal_fdcan.c:3184:13:HAL_FDCAN_TxBufferAbortCallback	0	static
stm32g4xx_hal_fdcan.c:3201:13:HAL_FDCAN_TimestampWraparoundCallback	0	static
stm32g4xx_hal_fdcan.c:3217:13:HAL_FDCAN_TimeoutOccurredCallback	0	static
stm32g4xx_hal_fdcan.c:3233:13:HAL_FDCAN_HighPriorityMessageCallback	0	static
stm32g4xx_hal_fdcan.c:3249:13:HAL_FDCAN_ErrorCallback	0	static
stm32g4xx_hal_fdcan.c:3267:13:HAL_FDCAN_ErrorStatusCallback	0	static
stm32g4xx_hal_fdcan.c:2823:6:HAL_FDCAN_IRQHandler	32	static
stm32g4xx_hal_fdcan.c:3303:24:HAL_FDCAN_GetState	0	static
stm32g4xx_hal_fdcan.c:3315:10:HAL_FDCAN_GetError	0	static
