stm32g4xx_hal.c:222:13:HAL_MspInit	0	static
stm32g4xx_hal.c:233:13:HAL_MspDeInit	0	static
stm32g4xx_hal.c:193:19:HAL_DeInit	8	static
stm32g4xx_hal.c:256:26:HAL_InitTick	16	static
stm32g4xx_hal.c:149:19:HAL_Init	16	static
stm32g4xx_hal.c:323:13:HAL_IncTick	0	static
stm32g4xx_hal.c:334:17:HAL_GetTick	0	static
stm32g4xx_hal.c:343:10:HAL_GetTickPrio	0	static
stm32g4xx_hal.c:352:19:HAL_SetTickFreq	16	static
stm32g4xx_hal.c:374:10:HAL_GetTickFreq	0	static
stm32g4xx_hal.c:390:13:HAL_Delay	16	static
stm32g4xx_hal.c:416:13:HAL_SuspendTick	0	static
stm32g4xx_hal.c:432:13:HAL_ResumeTick	0	static
stm32g4xx_hal.c:442:10:HAL_GetHalVersion	0	static
stm32g4xx_hal.c:451:10:HAL_GetREVID	0	static
stm32g4xx_hal.c:460:10:HAL_GetDEVID	0	static
stm32g4xx_hal.c:489:6:HAL_DBGMCU_EnableDBGSleepMode	0	static
stm32g4xx_hal.c:498:6:HAL_DBGMCU_DisableDBGSleepMode	0	static
stm32g4xx_hal.c:507:6:HAL_DBGMCU_EnableDBGStopMode	0	static
stm32g4xx_hal.c:516:6:HAL_DBGMCU_DisableDBGStopMode	0	static
stm32g4xx_hal.c:525:6:HAL_DBGMCU_EnableDBGStandbyMode	0	static
stm32g4xx_hal.c:534:6:HAL_DBGMCU_DisableDBGStandbyMode	0	static
stm32g4xx_hal.c:567:6:HAL_SYSCFG_CCMSRAMErase	0	static
stm32g4xx_hal.c:586:6:HAL_SYSCFG_EnableMemorySwappingBank	0	static
stm32g4xx_hal.c:601:6:HAL_SYSCFG_DisableMemorySwappingBank	0	static
stm32g4xx_hal.c:619:6:HAL_SYSCFG_VREFBUF_VoltageScalingConfig	0	static
stm32g4xx_hal.c:635:6:HAL_SYSCFG_VREFBUF_HighImpedanceConfig	0	static
stm32g4xx_hal.c:649:6:HAL_SYSCFG_VREFBUF_TrimmingConfig	0	static
stm32g4xx_hal.c:661:19:HAL_SYSCFG_EnableVREFBUF	16	static
stm32g4xx_hal.c:687:6:HAL_SYSCFG_DisableVREFBUF	0	static
stm32g4xx_hal.c:698:6:HAL_SYSCFG_EnableIOSwitchBooster	0	static
stm32g4xx_hal.c:708:6:HAL_SYSCFG_DisableIOSwitchBooster	0	static
stm32g4xx_hal.c:718:6:HAL_SYSCFG_EnableIOSwitchVDD	0	static
stm32g4xx_hal.c:728:6:HAL_SYSCFG_DisableIOSwitchVDD	0	static
stm32g4xx_hal.c:739:6:HAL_SYSCFG_CCMSRAM_WriteProtectionEnable	0	static
