stm32g4xx_hal_cordic.c:325:13:HAL_CORDIC_MspInit	0	static
stm32g4xx_hal_cordic.c:201:19:HAL_CORDIC_Init	8	static
stm32g4xx_hal_cordic.c:340:13:HAL_CORDIC_MspDeInit	0	static
stm32g4xx_hal_cordic.c:268:19:HAL_CORDIC_DeInit	8	static
stm32g4xx_hal_cordic.c:557:19:HAL_CORDIC_Configure	12	static
stm32g4xx_hal_cordic.c:604:19:HAL_CORDIC_Calculate	32	static
stm32g4xx_hal_cordic.c:698:19:HAL_CORDIC_CalculateZO	32	static
stm32g4xx_hal_cordic.c:790:19:HAL_CORDIC_Calculate_IT	12	static
stm32g4xx_hal_cordic.c:881:19:HAL_CORDIC_Calculate_DMA	24	static
stm32g4xx_hal_cordic.c:1048:13:HAL_CORDIC_ErrorCallback	0	static
stm32g4xx_hal_cordic.c:1316:13:CORDIC_DMAError	8	static
stm32g4xx_hal_cordic.c:1064:13:HAL_CORDIC_CalculateCpltCallback	0	static
stm32g4xx_hal_cordic.c:1256:13:CORDIC_DMAInCplt	8	static
stm32g4xx_hal_cordic.c:1288:13:CORDIC_DMAOutCplt	16	static
stm32g4xx_hal_cordic.c:1097:6:HAL_CORDIC_IRQHandler	16	static
stm32g4xx_hal_cordic.c:1168:25:HAL_CORDIC_GetState	0	static
stm32g4xx_hal_cordic.c:1181:10:HAL_CORDIC_GetError	0	static
