stm32g4xx_hal_tim.c:362:13:HAL_TIM_Base_MspInit	0	static
stm32g4xx_hal_tim.c:274:19:HAL_TIM_Base_Init	24	static
stm32g4xx_hal_tim.c:377:13:HAL_TIM_Base_MspDeInit	0	static
stm32g4xx_hal_tim.c:326:19:HAL_TIM_Base_DeInit	8	static
stm32g4xx_hal_tim.c:393:19:HAL_TIM_Base_Start	0	static
stm32g4xx_hal_tim.c:422:19:HAL_TIM_Base_Stop	0	static
stm32g4xx_hal_tim.c:445:19:HAL_TIM_Base_Start_IT	0	static
stm32g4xx_hal_tim.c:471:19:HAL_TIM_Base_Stop_IT	0	static
stm32g4xx_hal_tim.c:492:19:HAL_TIM_Base_Start_DMA	16	static
stm32g4xx_hal_tim.c:551:19:HAL_TIM_Base_Stop_DMA	8	static
stm32g4xx_hal_tim.c:694:13:HAL_TIM_OC_MspInit	0	static
stm32g4xx_hal_tim.c:606:19:HAL_TIM_OC_Init	24	static
stm32g4xx_hal_tim.c:709:13:HAL_TIM_OC_MspDeInit	0	static
stm32g4xx_hal_tim.c:658:19:HAL_TIM_OC_DeInit	8	static
stm32g4xx_hal_tim.c:732:19:HAL_TIM_OC_Start	4	static
stm32g4xx_hal_tim.c:772:19:HAL_TIM_OC_Stop	4	static
stm32g4xx_hal_tim.c:804:19:HAL_TIM_OC_Start_IT	4	static
stm32g4xx_hal_tim.c:876:19:HAL_TIM_OC_Stop_IT	4	static
stm32g4xx_hal_tim.c:944:19:HAL_TIM_OC_Start_DMA	24	static
stm32g4xx_hal_tim.c:1086:19:HAL_TIM_OC_Stop_DMA	16	static
stm32g4xx_hal_tim.c:1271:13:HAL_TIM_PWM_MspInit	0	static
stm32g4xx_hal_tim.c:1183:19:HAL_TIM_PWM_Init	24	static
stm32g4xx_hal_tim.c:1286:13:HAL_TIM_PWM_MspDeInit	0	static
stm32g4xx_hal_tim.c:1235:19:HAL_TIM_PWM_DeInit	8	static
stm32g4xx_hal_tim.c:1309:19:HAL_TIM_PWM_Start	4	static
stm32g4xx_hal_tim.c:1349:19:HAL_TIM_PWM_Stop	8	static
stm32g4xx_hal_tim.c:1384:19:HAL_TIM_PWM_Start_IT	4	static
stm32g4xx_hal_tim.c:1455:19:HAL_TIM_PWM_Stop_IT	4	static
stm32g4xx_hal_tim.c:1523:19:HAL_TIM_PWM_Start_DMA	24	static
stm32g4xx_hal_tim.c:1664:19:HAL_TIM_PWM_Stop_DMA	16	static
stm32g4xx_hal_tim.c:1849:13:HAL_TIM_IC_MspInit	0	static
stm32g4xx_hal_tim.c:1761:19:HAL_TIM_IC_Init	24	static
stm32g4xx_hal_tim.c:1864:13:HAL_TIM_IC_MspDeInit	0	static
stm32g4xx_hal_tim.c:1813:19:HAL_TIM_IC_DeInit	8	static
stm32g4xx_hal_tim.c:1885:19:HAL_TIM_IC_Start	4	static
stm32g4xx_hal_tim.c:1917:19:HAL_TIM_IC_Stop	0	static
stm32g4xx_hal_tim.c:1943:19:HAL_TIM_IC_Start_IT	4	static
stm32g4xx_hal_tim.c:2008:19:HAL_TIM_IC_Stop_IT	0	static
stm32g4xx_hal_tim.c:2070:19:HAL_TIM_IC_Start_DMA	24	static
stm32g4xx_hal_tim.c:2205:19:HAL_TIM_IC_Stop_DMA	16	static
stm32g4xx_hal_tim.c:2395:13:HAL_TIM_OnePulse_MspInit	0	static
stm32g4xx_hal_tim.c:2300:19:HAL_TIM_OnePulse_Init	24	static
stm32g4xx_hal_tim.c:2410:13:HAL_TIM_OnePulse_MspDeInit	0	static
stm32g4xx_hal_tim.c:2359:19:HAL_TIM_OnePulse_DeInit	8	static
stm32g4xx_hal_tim.c:2429:19:HAL_TIM_OnePulse_Start	0	static
stm32g4xx_hal_tim.c:2465:19:HAL_TIM_OnePulse_Stop	0	static
stm32g4xx_hal_tim.c:2501:19:HAL_TIM_OnePulse_Start_IT	0	static
stm32g4xx_hal_tim.c:2543:19:HAL_TIM_OnePulse_Stop_IT	0	static
stm32g4xx_hal_tim.c:2754:13:HAL_TIM_Encoder_MspInit	0	static
stm32g4xx_hal_tim.c:2613:19:HAL_TIM_Encoder_Init	24	static
stm32g4xx_hal_tim.c:2769:13:HAL_TIM_Encoder_MspDeInit	0	static
stm32g4xx_hal_tim.c:2718:19:HAL_TIM_Encoder_DeInit	8	static
stm32g4xx_hal_tim.c:2789:19:HAL_TIM_Encoder_Start	0	static
stm32g4xx_hal_tim.c:2833:19:HAL_TIM_Encoder_Stop	0	static
stm32g4xx_hal_tim.c:2879:19:HAL_TIM_Encoder_Start_IT	0	static
stm32g4xx_hal_tim.c:2929:19:HAL_TIM_Encoder_Stop_IT	0	static
stm32g4xx_hal_tim.c:2983:19:HAL_TIM_Encoder_Start_DMA	32	static
stm32g4xx_hal_tim.c:3118:19:HAL_TIM_Encoder_Stop_DMA	8	static
stm32g4xx_hal_tim.c:3466:19:HAL_TIM_OC_ConfigChannel	16	static
stm32g4xx_hal_tim.c:3566:19:HAL_TIM_IC_ConfigChannel	16	static
stm32g4xx_hal_tim.c:3665:19:HAL_TIM_PWM_ConfigChannel	16	static
stm32g4xx_hal_tim.c:3814:19:HAL_TIM_OnePulse_ConfigChannel	36	static
stm32g4xx_hal_tim.c:3962:19:HAL_TIM_DMABurst_WriteStart	24	static
stm32g4xx_hal_tim.c:4017:19:HAL_TIM_DMABurst_MultiWriteStart	24	static
stm32g4xx_hal_tim.c:4189:19:HAL_TIM_DMABurst_WriteStop	16	static
stm32g4xx_hal_tim.c:4294:19:HAL_TIM_DMABurst_ReadStart	24	static
stm32g4xx_hal_tim.c:4349:19:HAL_TIM_DMABurst_MultiReadStart	24	static
stm32g4xx_hal_tim.c:4522:19:HAL_TIM_DMABurst_ReadStop	16	static
stm32g4xx_hal_tim.c:4601:19:HAL_TIM_GenerateEvent	8	static
stm32g4xx_hal_tim.c:4640:19:HAL_TIM_ConfigOCrefClear	16	static
stm32g4xx_hal_tim.c:4836:19:HAL_TIM_ConfigClockSource	16	static
stm32g4xx_hal_tim.c:5000:19:HAL_TIM_ConfigTI1Input	0	static
stm32g4xx_hal_tim.c:5032:19:HAL_TIM_SlaveConfigSynchro	16	static
stm32g4xx_hal_tim.c:5072:19:HAL_TIM_SlaveConfigSynchro_IT	16	static
stm32g4xx_hal_tim.c:5115:10:HAL_TIM_ReadCapturedValue	0	static
stm32g4xx_hal_tim.c:5203:13:HAL_TIM_PeriodElapsedCallback	0	static
stm32g4xx_hal_tim.c:6159:13:TIM_DMAPeriodElapsedCplt	8	static
stm32g4xx_hal_tim.c:5218:13:HAL_TIM_PeriodElapsedHalfCpltCallback	0	static
stm32g4xx_hal_tim.c:6177:13:TIM_DMAPeriodElapsedHalfCplt	8	static
stm32g4xx_hal_tim.c:5233:13:HAL_TIM_OC_DelayElapsedCallback	0	static
stm32g4xx_hal_tim.c:5248:13:HAL_TIM_IC_CaptureCallback	0	static
stm32g4xx_hal_tim.c:6077:6:TIM_DMACaptureCplt	8	static
stm32g4xx_hal_tim.c:5263:13:HAL_TIM_IC_CaptureHalfCpltCallback	0	static
stm32g4xx_hal_tim.c:6118:6:TIM_DMACaptureHalfCplt	8	static
stm32g4xx_hal_tim.c:5278:13:HAL_TIM_PWM_PulseFinishedCallback	0	static
stm32g4xx_hal_tim.c:5995:6:TIM_DMADelayPulseCplt	8	static
stm32g4xx_hal_tim.c:5293:13:HAL_TIM_PWM_PulseFinishedHalfCpltCallback	0	static
stm32g4xx_hal_tim.c:6036:6:TIM_DMADelayPulseHalfCplt	8	static
stm32g4xx_hal_tim.c:5308:13:HAL_TIM_TriggerCallback	0	static
stm32g4xx_hal_tim.c:3184:6:HAL_TIM_IRQHandler	8	static
stm32g4xx_hal_tim.c:6195:13:TIM_DMATriggerCplt	8	static
stm32g4xx_hal_tim.c:5323:13:HAL_TIM_TriggerHalfCpltCallback	0	static
stm32g4xx_hal_tim.c:6213:13:TIM_DMATriggerHalfCplt	8	static
stm32g4xx_hal_tim.c:5338:13:HAL_TIM_ErrorCallback	0	static
stm32g4xx_hal_tim.c:5977:6:TIM_DMAError	8	static
stm32g4xx_hal_tim.c:5905:22:HAL_TIM_Base_GetState	0	static
stm32g4xx_hal_tim.c:5915:22:HAL_TIM_OC_GetState	0	static
stm32g4xx_hal_tim.c:5925:22:HAL_TIM_PWM_GetState	0	static
stm32g4xx_hal_tim.c:5935:22:HAL_TIM_IC_GetState	0	static
stm32g4xx_hal_tim.c:5945:22:HAL_TIM_OnePulse_GetState	0	static
stm32g4xx_hal_tim.c:5955:22:HAL_TIM_Encoder_GetState	0	static
stm32g4xx_hal_tim.c:6232:6:TIM_Base_SetConfig	16	static
stm32g4xx_hal_tim.c:6355:6:TIM_OC2_SetConfig	16	static
stm32g4xx_hal_tim.c:6832:6:TIM_TI1_SetConfig	12	static
stm32g4xx_hal_tim.c:7137:6:TIM_ETR_SetConfig	0	static
stm32g4xx_hal_tim.c:7169:6:TIM_CCxChannelCmd	4	static
