stm32g4xx_hal_tim_ex.c:277:13:HAL_TIMEx_HallSensor_MspInit	0	static
stm32g4xx_hal_tim_ex.c:149:19:HAL_TIMEx_HallSensor_Init	48	static
stm32g4xx_hal_tim_ex.c:292:13:HAL_TIMEx_HallSensor_MspDeInit	0	static
stm32g4xx_hal_tim_ex.c:241:19:HAL_TIMEx_HallSensor_DeInit	8	static
stm32g4xx_hal_tim_ex.c:307:19:HAL_TIMEx_HallSensor_Start	8	static
stm32g4xx_hal_tim_ex.c:334:19:HAL_TIMEx_HallSensor_Stop	8	static
stm32g4xx_hal_tim_ex.c:355:19:HAL_TIMEx_HallSensor_Start_IT	8	static
stm32g4xx_hal_tim_ex.c:385:19:HAL_TIMEx_HallSensor_Stop_IT	8	static
stm32g4xx_hal_tim_ex.c:411:19:HAL_TIMEx_HallSensor_Start_DMA	24	static
stm32g4xx_hal_tim_ex.c:471:19:HAL_TIMEx_HallSensor_Stop_DMA	8	static
stm32g4xx_hal_tim_ex.c:528:19:HAL_TIMEx_OCN_Start	4	static
stm32g4xx_hal_tim_ex.c:564:19:HAL_TIMEx_OCN_Stop	0	static
stm32g4xx_hal_tim_ex.c:594:19:HAL_TIMEx_OCN_Start_IT	4	static
stm32g4xx_hal_tim_ex.c:668:19:HAL_TIMEx_OCN_Stop_IT	0	static
stm32g4xx_hal_tim_ex.c:742:19:HAL_TIMEx_OCN_Start_DMA	24	static
stm32g4xx_hal_tim_ex.c:880:19:HAL_TIMEx_OCN_Stop_DMA	16	static
stm32g4xx_hal_tim_ex.c:984:19:HAL_TIMEx_PWMN_Start	4	static
stm32g4xx_hal_tim_ex.c:1019:19:HAL_TIMEx_PWMN_Stop	0	static
stm32g4xx_hal_tim_ex.c:1049:19:HAL_TIMEx_PWMN_Start_IT	4	static
stm32g4xx_hal_tim_ex.c:1122:19:HAL_TIMEx_PWMN_Stop_IT	0	static
stm32g4xx_hal_tim_ex.c:1197:19:HAL_TIMEx_PWMN_Start_DMA	24	static
stm32g4xx_hal_tim_ex.c:1334:19:HAL_TIMEx_PWMN_Stop_DMA	16	static
stm32g4xx_hal_tim_ex.c:1425:19:HAL_TIMEx_OnePulseN_Start	0	static
stm32g4xx_hal_tim_ex.c:1450:19:HAL_TIMEx_OnePulseN_Stop	0	static
stm32g4xx_hal_tim_ex.c:1479:19:HAL_TIMEx_OnePulseN_Start_IT	0	static
stm32g4xx_hal_tim_ex.c:1510:19:HAL_TIMEx_OnePulseN_Stop_IT	0	static
stm32g4xx_hal_tim_ex.c:1595:19:HAL_TIMEx_ConfigCommutEvent	8	static
stm32g4xx_hal_tim_ex.c:1681:19:HAL_TIMEx_ConfigCommutEvent_IT	8	static
stm32g4xx_hal_tim_ex.c:1768:19:HAL_TIMEx_ConfigCommutEvent_DMA	12	static
stm32g4xx_hal_tim_ex.c:1836:19:HAL_TIMEx_MasterConfigSynchronization	12	static
stm32g4xx_hal_tim_ex.c:1906:19:HAL_TIMEx_ConfigBreakDeadTime	8	static
stm32g4xx_hal_tim_ex.c:1988:19:HAL_TIMEx_ConfigBreakInput	16	static
stm32g4xx_hal_tim_ex.c:2250:19:HAL_TIMEx_RemapConfig	0	static
stm32g4xx_hal_tim_ex.c:2424:20:HAL_TIMEx_TISelection	4	static
stm32g4xx_hal_tim_ex.c:2479:19:HAL_TIMEx_GroupChannel5	8	static
stm32g4xx_hal_tim_ex.c:2517:19:HAL_TIMEx_DisarmBreakInput	0	static
stm32g4xx_hal_tim_ex.c:2570:19:HAL_TIMEx_ReArmBreakInput	16	static
stm32g4xx_hal_tim_ex.c:2646:19:HAL_TIMEx_DitheringEnable	0	static
stm32g4xx_hal_tim_ex.c:2670:19:HAL_TIMEx_DitheringDisable	0	static
stm32g4xx_hal_tim_ex.c:2688:19:HAL_TIMEx_OC_ConfigPulseOnCompare	8	static
stm32g4xx_hal_tim_ex.c:2733:19:HAL_TIMEx_ConfigSlaveModePreload	0	static
stm32g4xx_hal_tim_ex.c:2748:19:HAL_TIMEx_EnableSlaveModePreload	0	static
stm32g4xx_hal_tim_ex.c:2762:19:HAL_TIMEx_DisableSlaveModePreload	0	static
stm32g4xx_hal_tim_ex.c:2776:19:HAL_TIMEx_EnableDeadTimePreload	0	static
stm32g4xx_hal_tim_ex.c:2790:19:HAL_TIMEx_DisableDeadTimePreload	0	static
stm32g4xx_hal_tim_ex.c:2806:19:HAL_TIMEx_ConfigDeadTime	0	static
stm32g4xx_hal_tim_ex.c:2823:19:HAL_TIMEx_ConfigAsymmetricalDeadTime	0	static
stm32g4xx_hal_tim_ex.c:2838:19:HAL_TIMEx_EnableAsymmetricalDeadTime	0	static
stm32g4xx_hal_tim_ex.c:2852:19:HAL_TIMEx_DisableAsymmetricalDeadTime	0	static
stm32g4xx_hal_tim_ex.c:2870:19:HAL_TIMEx_ConfigEncoderIndex	16	static
stm32g4xx_hal_tim_ex.c:2909:19:HAL_TIMEx_EnableEncoderIndex	0	static
stm32g4xx_hal_tim_ex.c:2923:19:HAL_TIMEx_DisableEncoderIndex	0	static
stm32g4xx_hal_tim_ex.c:2937:19:HAL_TIMEx_EnableEncoderFirstIndex	0	static
stm32g4xx_hal_tim_ex.c:2951:19:HAL_TIMEx_DisableEncoderFirstIndex	0	static
stm32g4xx_hal_tim_ex.c:2985:13:HAL_TIMEx_CommutCallback	0	static
stm32g4xx_hal_tim_ex.c:3146:6:TIMEx_DMACommutationCplt	8	static
stm32g4xx_hal_tim_ex.c:2999:13:HAL_TIMEx_CommutHalfCpltCallback	0	static
stm32g4xx_hal_tim_ex.c:3165:6:TIMEx_DMACommutationHalfCplt	8	static
stm32g4xx_hal_tim_ex.c:3014:13:HAL_TIMEx_BreakCallback	0	static
stm32g4xx_hal_tim_ex.c:3029:13:HAL_TIMEx_Break2Callback	0	static
stm32g4xx_hal_tim_ex.c:3044:13:HAL_TIMEx_EncoderIndexCallback	0	static
stm32g4xx_hal_tim_ex.c:3059:13:HAL_TIMEx_DirectionChangeCallback	0	static
stm32g4xx_hal_tim_ex.c:3074:13:HAL_TIMEx_IndexErrorCallback	0	static
stm32g4xx_hal_tim_ex.c:3089:13:HAL_TIMEx_TransitionErrorCallback	0	static
stm32g4xx_hal_tim_ex.c:3123:22:HAL_TIMEx_HallSensor_GetState	0	static
