stm32g4xx_hal_rcc_ex.c:125:19:HAL_RCCEx_PeriphCLKConfig	32	static
stm32g4xx_hal_rcc_ex.c:487:6:HAL_RCCEx_GetPeriphCLKConfig	0	static
stm32g4xx_hal_rcc_ex.c:641:10:HAL_RCCEx_GetPeriphCLKFreq	4	static
stm32g4xx_hal_rcc_ex.c:1279:6:HAL_RCCEx_EnableLSECSS	0	static
stm32g4xx_hal_rcc_ex.c:1289:6:HAL_RCCEx_DisableLSECSS	0	static
stm32g4xx_hal_rcc_ex.c:1302:6:HAL_RCCEx_EnableLSECSS_IT	0	static
stm32g4xx_hal_rcc_ex.c:1336:13:HAL_RCCEx_LSECSS_Callback	0	static
stm32g4xx_hal_rcc_ex.c:1319:6:HAL_RCCEx_LSECSS_IRQHandler	8	static
stm32g4xx_hal_rcc_ex.c:1351:6:HAL_RCCEx_EnableLSCO	48	static
stm32g4xx_hal_rcc_ex.c:1398:6:HAL_RCCEx_DisableLSCO	16	static
stm32g4xx_hal_rcc_ex.c:1506:6:HAL_RCCEx_CRSConfig	8	static
stm32g4xx_hal_rcc_ex.c:1548:6:HAL_RCCEx_CRSSoftwareSynchronizationGenerate	0	static
stm32g4xx_hal_rcc_ex.c:1558:6:HAL_RCCEx_CRSGetSynchronizationInfo	0	static
stm32g4xx_hal_rcc_ex.c:1591:10:HAL_RCCEx_CRSWaitSynchronization	24	static
stm32g4xx_hal_rcc_ex.c:1739:13:HAL_RCCEx_CRS_SyncOkCallback	0	static
stm32g4xx_hal_rcc_ex.c:1750:13:HAL_RCCEx_CRS_SyncWarnCallback	0	static
stm32g4xx_hal_rcc_ex.c:1761:13:HAL_RCCEx_CRS_ExpectedSyncCallback	0	static
stm32g4xx_hal_rcc_ex.c:1777:13:HAL_RCCEx_CRS_ErrorCallback	0	static
stm32g4xx_hal_rcc_ex.c:1674:6:HAL_RCCEx_CRS_IRQHandler	16	static
