r3_2_g4xx_pwm_curr_fdbk.c:458:13:R3_2_GetPhaseCurrents	16	static
r3_2_g4xx_pwm_curr_fdbk.c:624:10:R3_2_SetADCSampPointPolarization	4	static
r3_2_g4xx_pwm_curr_fdbk.c:653:10:R3_2_SetADCSampPointSectX	12	static
r3_2_g4xx_pwm_curr_fdbk.c:765:13:R3_2_HFCurrentsPolarizationAB	12	static
r3_2_g4xx_pwm_curr_fdbk.c:803:13:R3_2_HFCurrentsPolarizationC	4	static
r3_2_g4xx_pwm_curr_fdbk.c:837:13:R3_2_TurnOnLowSides	12	static
r3_2_g4xx_pwm_curr_fdbk.c:881:13:R3_2_SwitchOnPWM	16	static
r3_2_g4xx_pwm_curr_fdbk.c:939:13:R3_2_SwitchOffPWM	8	static
r3_2_g4xx_pwm_curr_fdbk.c:1364:13:R3_2_RLGetPhaseCurrents	8	static
r3_2_g4xx_pwm_curr_fdbk.c:1409:13:R3_2_RLTurnOnLowSides	12	static
r3_2_g4xx_pwm_curr_fdbk.c:1449:13:R3_2_RLSwitchOnPWM	24	static
r3_2_g4xx_pwm_curr_fdbk.c:81:13:R3_2_Init	72	static
r3_2_g4xx_pwm_curr_fdbk.c:342:13:R3_2_CurrentReadingPolarization	24	static
r3_2_g4xx_pwm_curr_fdbk.c:993:15:R3_2_TIMx_UP_IRQHandler	24	static
r3_2_g4xx_pwm_curr_fdbk.c:1047:15:R3_2_BRK2_IRQHandler	8	static
r3_2_g4xx_pwm_curr_fdbk.c:1075:15:R3_2_BRK_IRQHandler	0	static
r3_2_g4xx_pwm_curr_fdbk.c:1092:17:R3_2_IsOverCurrentOccurred	0	static
r3_2_g4xx_pwm_curr_fdbk.c:1162:6:R3_2_RLDetectionModeEnable	8	static
r3_2_g4xx_pwm_curr_fdbk.c:1219:6:R3_2_RLDetectionModeDisable	12	static
r3_2_g4xx_pwm_curr_fdbk.c:1302:10:R3_2_RLDetectionModeSetDuty	12	static
r3_2_g4xx_pwm_curr_fdbk.c:1515:6:RLTurnOnLowSidesAndStart	8	static
