stm32g4xx_hal_msp.c:69:6:HAL_MspInit	16	static
stm32g4xx_hal_msp.c:99:6:HAL_ADC_MspInit	48	static
stm32g4xx_hal_msp.c:168:6:HAL_ADC_MspDeInit	8	static
stm32g4xx_hal_msp.c:242:6:HAL_COMP_MspInit	40	static
stm32g4xx_hal_msp.c:311:6:HAL_COMP_MspDeInit	0	static
stm32g4xx_hal_msp.c:367:6:HAL_CORDIC_MspInit	8	static
stm32g4xx_hal_msp.c:389:6:HAL_CORDIC_MspDeInit	0	static
stm32g4xx_hal_msp.c:411:6:HAL_DAC_MspInit	40	static
stm32g4xx_hal_msp.c:444:6:HAL_DAC_MspDeInit	0	static
stm32g4xx_hal_msp.c:472:6:HAL_FDCAN_MspInit	48	static
stm32g4xx_hal_msp.c:519:6:HAL_FDCAN_MspDeInit	8	static
stm32g4xx_hal_msp.c:552:6:HAL_OPAMP_MspInit	40	static
stm32g4xx_hal_msp.c:627:6:HAL_OPAMP_MspDeInit	0	static
stm32g4xx_hal_msp.c:689:6:HAL_TIM_Base_MspInit	24	static
stm32g4xx_hal_msp.c:739:6:HAL_TIM_Encoder_MspInit	40	static
stm32g4xx_hal_msp.c:769:6:HAL_TIM_MspPostInit	48	static
stm32g4xx_hal_msp.c:822:6:HAL_TIM_Base_MspDeInit	8	static
stm32g4xx_hal_msp.c:888:6:HAL_TIM_Encoder_MspDeInit	8	static
stm32g4xx_hal_msp.c:919:6:HAL_UART_MspInit	48	static
stm32g4xx_hal_msp.c:990:6:HAL_UART_MspDeInit	8	static
