main.c:102:5:main	8	static
main.c:164:6:SystemClock_Config	152	static
main.c:218:13:MX_NVIC_Init	8	static
main.c:242:13:MX_ADC1_Init	112	static
main.c:343:13:MX_ADC2_Init	72	static
main.c:413:13:MX_COMP1_Init	8	static
main.c:445:13:MX_COMP2_Init	8	static
main.c:477:13:MX_COMP4_Init	8	static
main.c:509:13:MX_CORDIC_Init	8	static
main.c:535:13:MX_DAC1_Init	56	static
main.c:580:13:MX_FDCAN1_Init	8	static
main.c:623:13:MX_OPAMP1_Init	8	static
main.c:657:13:MX_OPAMP2_Init	8	static
main.c:691:13:MX_OPAMP3_Init	8	static
main.c:725:13:MX_TIM1_Init	136	static
main.c:843:13:MX_TIM4_Init	56	static
main.c:892:13:MX_USART2_UART_Init	8	static
main.c:940:13:MX_GPIO_Init	24	static
main.c:959:6:Error_Handler	4	static
