stm32g4xx_ll_gpio.h:720:22:LL_GPIO_LockPin	24	static
mc_tasks.c:124:13:MCboot	32	static
mc_tasks.c:268:13:MC_RunMotorControlTasks	8	static
mc_tasks.c:289:13:MC_Scheduler	8	static
mc_tasks.c:334:13:TSK_MediumFrequencyTaskM1	16	static
mc_tasks.c:553:13:FOC_Clear	32	static
mc_tasks.c:589:13:FOC_InitAdditionalMethods	16	static
mc_tasks.c:606:13:FOC_CalcCurrRef	24	static
mc_tasks.c:629:13:TSK_SetChargeBootCapDelayM1	16	static
mc_tasks.c:640:13:TSK_ChargeBootCapDelayHasElapsedM1	16	static
mc_tasks.c:656:13:TSK_SetStopPermanencyTimeM1	16	static
mc_tasks.c:667:13:TSK_StopPermanencyTimeHasElapsedM1	16	static
mc_tasks.c:692:16:TSK_HighFrequencyTask	16	static
mc_tasks.c:744:17:FOC_CurrControllerM1	40	static
mc_tasks.c:783:13:TSK_SafetyTask	8	static
mc_tasks.c:805:13:TSK_SafetyTask_PWMOFF	32	static
mc_tasks.c:861:23:GetMCI	24	static
mc_tasks.c:880:22:GetMCT	24	static
mc_tasks.c:896:13:TSK_HardwareFaultTask	8	static
mc_tasks.c:911:13:mc_lock_pins	8	static
