stm32g4xx_ll_adc.h:3781:22:LL_ADC_REG_SetSequencerLength	16	static
stm32g4xx_ll_adc.h:3993:22:LL_ADC_REG_SetSequencerRanks	24	static
stm32g4xx_ll_adc.h:5232:22:LL_ADC_SetChannelSamplingTime	24	static
stm32g4xx_ll_adc.h:6582:22:LL_ADC_Enable	16	static
stm32g4xx_ll_adc.h:6621:26:LL_ADC_IsEnabled	16	static
stm32g4xx_ll_adc.h:6660:22:LL_ADC_StartCalibration	16	static
stm32g4xx_ll_adc.h:6676:26:LL_ADC_IsCalibrationOnGoing	16	static
stm32g4xx_ll_adc.h:6707:22:LL_ADC_REG_StartConversion	16	static
stm32g4xx_ll_adc.h:6825:26:LL_ADC_REG_ReadConversionData12	16	static
stm32g4xx_ll_adc.h:7135:26:LL_ADC_IsActiveFlag_ADRDY	16	static
stm32g4xx_ll_adc.h:7146:26:LL_ADC_IsActiveFlag_EOC	16	static
stm32g4xx_ll_adc.h:7270:22:LL_ADC_ClearFlag_EOC	16	static
stm32g4xx_ll_adc.h:7314:22:LL_ADC_ClearFlag_JEOC	16	static
stm32g4xx_ll_adc.h:7786:22:LL_ADC_DisableIT_EOC	16	static
stm32g4xx_ll_adc.h:7830:22:LL_ADC_DisableIT_JEOC	16	static
regular_conversion_manager.c:146:9:RCM_RegisterRegConv_WithCB	32	static
regular_conversion_manager.c:179:9:RCM_RegisterRegConv	24	static
regular_conversion_manager.c:252:10:RCM_ExecRegularConv	24	static
regular_conversion_manager.c:282:6:RCM_RequestUserConv	24	static
regular_conversion_manager.c:303:10:RCM_GetUserConv	16	static
regular_conversion_manager.c:321:6:RCM_ExecUserConv	16	static
regular_conversion_manager.c:346:21:RCM_GetUserConvState	4	static
