stm32g4xx_ll_adc.h:7325:22:LL_ADC_ClearFlag_JEOS	16	static
stm32g4xx_ll_tim.h:5392:22:LL_TIM_ClearFlag_UPDATE	16	static
stm32g4xx_ll_tim.h:5403:26:LL_TIM_IsActiveFlag_UPDATE	16	static
stm32g4xx_ll_tim.h:5590:22:LL_TIM_ClearFlag_BRK	16	static
stm32g4xx_ll_tim.h:5601:26:LL_TIM_IsActiveFlag_BRK	16	static
stm32g4xx_ll_tim.h:5612:22:LL_TIM_ClearFlag_BRK2	16	static
stm32g4xx_ll_tim.h:5623:26:LL_TIM_IsActiveFlag_BRK2	16	static
stm32g4xx_ll_tim.h:5876:26:LL_TIM_IsEnabledIT_UPDATE	16	static
stm32g4xx_ll_usart.h:2941:26:LL_USART_IsActiveFlag_ORE	16	static
stm32g4xx_ll_usart.h:2968:26:LL_USART_IsActiveFlag_RXNE_RXFNE	16	static
stm32g4xx_ll_usart.h:2995:26:LL_USART_IsActiveFlag_TXE_TXFNF	16	static
stm32g4xx_ll_usart.h:3283:22:LL_USART_ClearFlag_ORE	16	static
stm32g4xx_ll_usart.h:4229:25:LL_USART_ReceiveData8	16	static
stm32g4xx_mc_it.c:80:6:ADC1_2_IRQHandler	8	static
stm32g4xx_mc_it.c:112:6:TIM1_UP_TIM16_IRQHandler	8	static
stm32g4xx_mc_it.c:126:6:TIM1_BRK_TIM15_IRQHandler	8	static
stm32g4xx_mc_it.c:154:6:TIM4_IRQHandler	8	static
stm32g4xx_mc_it.c:184:6:USART2_IRQHandler	16	static
stm32g4xx_mc_it.c:234:6:HardFault_Handler	16	static
stm32g4xx_mc_it.c:284:6:SysTick_Handler	8	static
