Archive member included to satisfy reference by file (symbol)

../../MCSDK_v5.4.3/MotorControl/lib\libmc-gcc_M4_NoCCMRAM.lib(revup_ctrl.o)
                              Application/User/user_interface.o (RUC_SetPhaseDurationms)
c:/st/stm32cubeide_1.2.0/stm32cubeide/plugins/com.st.stm32cube.ide.mcu.externaltools.gnu-tools-for-stm32.7-2018-q2-update.win32_1.0.0.201904181610/tools/bin/../lib/gcc/arm-none-eabi/7.3.1/../../../../arm-none-eabi/lib/thumb/v7e-m/fpv4-sp/hard\libc_nano.a(lib_a-errno.o)
                              Application/User/syscalls.o (__errno)
c:/st/stm32cubeide_1.2.0/stm32cubeide/plugins/com.st.stm32cube.ide.mcu.externaltools.gnu-tools-for-stm32.7-2018-q2-update.win32_1.0.0.201904181610/tools/bin/../lib/gcc/arm-none-eabi/7.3.1/../../../../arm-none-eabi/lib/thumb/v7e-m/fpv4-sp/hard\libc_nano.a(lib_a-exit.o)
                              c:/st/stm32cubeide_1.2.0/stm32cubeide/plugins/com.st.stm32cube.ide.mcu.externaltools.gnu-tools-for-stm32.7-2018-q2-update.win32_1.0.0.201904181610/tools/bin/../lib/gcc/arm-none-eabi/7.3.1/../../../../arm-none-eabi/lib/thumb/v7e-m/fpv4-sp/hard/crt0.o (exit)
c:/st/stm32cubeide_1.2.0/stm32cubeide/plugins/com.st.stm32cube.ide.mcu.externaltools.gnu-tools-for-stm32.7-2018-q2-update.win32_1.0.0.201904181610/tools/bin/../lib/gcc/arm-none-eabi/7.3.1/../../../../arm-none-eabi/lib/thumb/v7e-m/fpv4-sp/hard\libc_nano.a(lib_a-impure.o)
                              c:/st/stm32cubeide_1.2.0/stm32cubeide/plugins/com.st.stm32cube.ide.mcu.externaltools.gnu-tools-for-stm32.7-2018-q2-update.win32_1.0.0.201904181610/tools/bin/../lib/gcc/arm-none-eabi/7.3.1/../../../../arm-none-eabi/lib/thumb/v7e-m/fpv4-sp/hard\libc_nano.a(lib_a-exit.o) (_global_impure_ptr)
c:/st/stm32cubeide_1.2.0/stm32cubeide/plugins/com.st.stm32cube.ide.mcu.externaltools.gnu-tools-for-stm32.7-2018-q2-update.win32_1.0.0.201904181610/tools/bin/../lib/gcc/arm-none-eabi/7.3.1/../../../../arm-none-eabi/lib/thumb/v7e-m/fpv4-sp/hard\libc_nano.a(lib_a-init.o)
                              c:/st/stm32cubeide_1.2.0/stm32cubeide/plugins/com.st.stm32cube.ide.mcu.externaltools.gnu-tools-for-stm32.7-2018-q2-update.win32_1.0.0.201904181610/tools/bin/../lib/gcc/arm-none-eabi/7.3.1/../../../../arm-none-eabi/lib/thumb/v7e-m/fpv4-sp/hard/crt0.o (__libc_init_array)
c:/st/stm32cubeide_1.2.0/stm32cubeide/plugins/com.st.stm32cube.ide.mcu.externaltools.gnu-tools-for-stm32.7-2018-q2-update.win32_1.0.0.201904181610/tools/bin/../lib/gcc/arm-none-eabi/7.3.1/../../../../arm-none-eabi/lib/thumb/v7e-m/fpv4-sp/hard\libc_nano.a(lib_a-memset.o)
                              c:/st/stm32cubeide_1.2.0/stm32cubeide/plugins/com.st.stm32cube.ide.mcu.externaltools.gnu-tools-for-stm32.7-2018-q2-update.win32_1.0.0.201904181610/tools/bin/../lib/gcc/arm-none-eabi/7.3.1/../../../../arm-none-eabi/lib/thumb/v7e-m/fpv4-sp/hard/crt0.o (memset)
c:/st/stm32cubeide_1.2.0/stm32cubeide/plugins/com.st.stm32cube.ide.mcu.externaltools.gnu-tools-for-stm32.7-2018-q2-update.win32_1.0.0.201904181610/tools/bin/../lib/gcc/arm-none-eabi/7.3.1/thumb/v7e-m/fpv4-sp/hard\libgcc.a(_arm_addsubdf3.o)
                              Application/User/customMC.o (__aeabi_f2d)
c:/st/stm32cubeide_1.2.0/stm32cubeide/plugins/com.st.stm32cube.ide.mcu.externaltools.gnu-tools-for-stm32.7-2018-q2-update.win32_1.0.0.201904181610/tools/bin/../lib/gcc/arm-none-eabi/7.3.1/thumb/v7e-m/fpv4-sp/hard\libgcc.a(_arm_muldivdf3.o)
                              Application/User/customMC.o (__aeabi_dmul)
c:/st/stm32cubeide_1.2.0/stm32cubeide/plugins/com.st.stm32cube.ide.mcu.externaltools.gnu-tools-for-stm32.7-2018-q2-update.win32_1.0.0.201904181610/tools/bin/../lib/gcc/arm-none-eabi/7.3.1/thumb/v7e-m/fpv4-sp/hard\libgcc.a(_arm_truncdfsf2.o)
                              Application/User/customMC.o (__aeabi_d2f)
c:/st/stm32cubeide_1.2.0/stm32cubeide/plugins/com.st.stm32cube.ide.mcu.externaltools.gnu-tools-for-stm32.7-2018-q2-update.win32_1.0.0.201904181610/tools/bin/../lib/gcc/arm-none-eabi/7.3.1/thumb/v7e-m/fpv4-sp/hard\libgcc.a(_aeabi_ldivmod.o)
                              Drivers/STM32G4xx_HAL_Driver/stm32g4xx_hal_uart.o (__aeabi_ldivmod)
c:/st/stm32cubeide_1.2.0/stm32cubeide/plugins/com.st.stm32cube.ide.mcu.externaltools.gnu-tools-for-stm32.7-2018-q2-update.win32_1.0.0.201904181610/tools/bin/../lib/gcc/arm-none-eabi/7.3.1/thumb/v7e-m/fpv4-sp/hard\libgcc.a(_aeabi_uldivmod.o)
                              Drivers/STM32G4xx_HAL_Driver/stm32g4xx_hal_uart.o (__aeabi_uldivmod)
c:/st/stm32cubeide_1.2.0/stm32cubeide/plugins/com.st.stm32cube.ide.mcu.externaltools.gnu-tools-for-stm32.7-2018-q2-update.win32_1.0.0.201904181610/tools/bin/../lib/gcc/arm-none-eabi/7.3.1/thumb/v7e-m/fpv4-sp/hard\libgcc.a(_udivmoddi4.o)
                              c:/st/stm32cubeide_1.2.0/stm32cubeide/plugins/com.st.stm32cube.ide.mcu.externaltools.gnu-tools-for-stm32.7-2018-q2-update.win32_1.0.0.201904181610/tools/bin/../lib/gcc/arm-none-eabi/7.3.1/thumb/v7e-m/fpv4-sp/hard\libgcc.a(_aeabi_ldivmod.o) (__udivmoddi4)
[...]
Memory Configuration

Name             Origin             Length             Attributes
RAM              0x0000000020000000 0x0000000000008000 xrw
FLASH            0x0000000008000000 0x0000000000020000 xr
*default*        0x0000000000000000 0xffffffffffffffff

Linker script and memory map

LOAD c:/st/stm32cubeide_1.2.0/stm32cubeide/plugins/com.st.stm32cube.ide.mcu.externaltools.gnu-tools-for-stm32.7-2018-q2-update.win32_1.0.0.201904181610/tools/bin/../lib/gcc/arm-none-eabi/7.3.1/thumb/v7e-m/fpv4-sp/hard/crti.o
LOAD c:/st/stm32cubeide_1.2.0/stm32cubeide/plugins/com.st.stm32cube.ide.mcu.externaltools.gnu-tools-for-stm32.7-2018-q2-update.win32_1.0.0.201904181610/tools/bin/../lib/gcc/arm-none-eabi/7.3.1/thumb/v7e-m/fpv4-sp/hard/crtbegin.o
LOAD c:/st/stm32cubeide_1.2.0/stm32cubeide/plugins/com.st.stm32cube.ide.mcu.externaltools.gnu-tools-for-stm32.7-2018-q2-update.win32_1.0.0.201904181610/tools/bin/../lib/gcc/arm-none-eabi/7.3.1/../../../../arm-none-eabi/lib/thumb/v7e-m/fpv4-sp/hard/crt0.o
LOAD Application/Startup/startup_stm32g431cbux.o
LOAD Application/User/customESC.o
LOAD Application/User/customMC.o
LOAD Application/User/dac_ui.o
LOAD Application/User/main.o
LOAD Application/User/mc_api.o
LOAD Application/User/mc_config.o
LOAD Application/User/mc_interface.o
LOAD Application/User/mc_math.o
LOAD Application/User/mc_parameters.o
LOAD Application/User/mc_tasks.o
LOAD Application/User/motor_control_protocol.o
LOAD Application/User/motorcontrol.o
LOAD Application/User/regular_conversion_manager.o
LOAD Application/User/stm32g4xx_hal_msp.o
LOAD Application/User/stm32g4xx_it.o
LOAD Application/User/stm32g4xx_mc_it.o
LOAD Application/User/syscalls.o
LOAD Application/User/sysmem.o
LOAD Application/User/ui_task.o
LOAD Application/User/user_interface.o
LOAD Drivers/CMSIS/system_stm32g4xx.o
LOAD Drivers/STM32G4xx_HAL_Driver/stm32g4xx_hal.o
LOAD Drivers/STM32G4xx_HAL_Driver/stm32g4xx_hal_adc.o
LOAD Drivers/STM32G4xx_HAL_Driver/stm32g4xx_hal_adc_ex.o
LOAD Drivers/STM32G4xx_HAL_Driver/stm32g4xx_hal_comp.o
LOAD Drivers/STM32G4xx_HAL_Driver/stm32g4xx_hal_cordic.o
LOAD Drivers/STM32G4xx_HAL_Driver/stm32g4xx_hal_cortex.o
LOAD Drivers/STM32G4xx_HAL_Driver/stm32g4xx_hal_dac.o
LOAD Drivers/STM32G4xx_HAL_Driver/stm32g4xx_hal_dac_ex.o
LOAD Drivers/STM32G4xx_HAL_Driver/stm32g4xx_hal_dma.o
LOAD Drivers/STM32G4xx_HAL_Driver/stm32g4xx_hal_dma_ex.o
LOAD Drivers/STM32G4xx_HAL_Driver/stm32g4xx_hal_exti.o
LOAD Drivers/STM32G4xx_HAL_Driver/stm32g4xx_hal_fdcan.o
LOAD Drivers/STM32G4xx_HAL_Driver/stm32g4xx_hal_flash.o
LOAD Drivers/STM32G4xx_HAL_Driver/stm32g4xx_hal_flash_ex.o
LOAD Drivers/STM32G4xx_HAL_Driver/stm32g4xx_hal_flash_ramfunc.o
LOAD Drivers/STM32G4xx_HAL_Driver/stm32g4xx_hal_gpio.o
LOAD Drivers/STM32G4xx_HAL_Driver/stm32g4xx_hal_opamp.o
LOAD Drivers/STM32G4xx_HAL_Driver/stm32g4xx_hal_opamp_ex.o
LOAD Drivers/STM32G4xx_HAL_Driver/stm32g4xx_hal_pwr.o
LOAD Drivers/STM32G4xx_HAL_Driver/stm32g4xx_hal_pwr_ex.o
LOAD Drivers/STM32G4xx_HAL_Driver/stm32g4xx_hal_rcc.o
LOAD Drivers/STM32G4xx_HAL_Driver/stm32g4xx_hal_rcc_ex.o
LOAD Drivers/STM32G4xx_HAL_Driver/stm32g4xx_hal_tim.o
LOAD Drivers/STM32G4xx_HAL_Driver/stm32g4xx_hal_tim_ex.o
LOAD Drivers/STM32G4xx_HAL_Driver/stm32g4xx_hal_uart.o
LOAD Drivers/STM32G4xx_HAL_Driver/stm32g4xx_hal_uart_ex.o
LOAD Drivers/STM32G4xx_HAL_Driver/stm32g4xx_ll_adc.o
LOAD Drivers/STM32G4xx_HAL_Driver/stm32g4xx_ll_pwr.o
LOAD Middlewares/MotorControl/bus_voltage_sensor.o
LOAD Middlewares/MotorControl/circle_limitation.o
LOAD Middlewares/MotorControl/dac_common_ui.o
LOAD Middlewares/MotorControl/digital_output.o
LOAD Middlewares/MotorControl/enc_align_ctrl.o
LOAD Middlewares/MotorControl/encoder_speed_pos_fdbk.o
LOAD Middlewares/MotorControl/frame_communication_protocol.o
LOAD Middlewares/MotorControl/motor_power_measurement.o
LOAD Middlewares/MotorControl/ntc_temperature_sensor.o
LOAD Middlewares/MotorControl/open_loop.o
LOAD Middlewares/MotorControl/pid_regulator.o
LOAD Middlewares/MotorControl/pqd_motor_power_measurement.o
LOAD Middlewares/MotorControl/pwm_common.o
LOAD Middlewares/MotorControl/pwm_curr_fdbk.o
LOAD Middlewares/MotorControl/r3_2_g4xx_pwm_curr_fdbk.o
LOAD Middlewares/MotorControl/r_divider_bus_voltage_sensor.o
LOAD Middlewares/MotorControl/ramp_ext_mngr.o
LOAD Middlewares/MotorControl/speed_pos_fdbk.o
LOAD Middlewares/MotorControl/speed_torq_ctrl.o
LOAD Middlewares/MotorControl/state_machine.o
LOAD Middlewares/MotorControl/ui_irq_handler.o
LOAD Middlewares/MotorControl/usart_frame_communication_protocol.o
LOAD Middlewares/MotorControl/virtual_speed_sensor.o
LOAD ../../MCSDK_v5.4.3/MotorControl/lib\libmc-gcc_M4_NoCCMRAM.lib
START GROUP
LOAD c:/st/stm32cubeide_1.2.0/stm32cubeide/plugins/com.st.stm32cube.ide.mcu.externaltools.gnu-tools-for-stm32.7-2018-q2-update.win32_1.0.0.201904181610/tools/bin/../lib/gcc/arm-none-eabi/7.3.1/../../../../arm-none-eabi/lib/thumb/v7e-m/fpv4-sp/hard\libc_nano.a
LOAD c:/st/stm32cubeide_1.2.0/stm32cubeide/plugins/com.st.stm32cube.ide.mcu.externaltools.gnu-tools-for-stm32.7-2018-q2-update.win32_1.0.0.201904181610/tools/bin/../lib/gcc/arm-none-eabi/7.3.1/../../../../arm-none-eabi/lib/thumb/v7e-m/fpv4-sp/hard\libm.a
END GROUP
START GROUP
LOAD c:/st/stm32cubeide_1.2.0/stm32cubeide/plugins/com.st.stm32cube.ide.mcu.externaltools.gnu-tools-for-stm32.7-2018-q2-update.win32_1.0.0.201904181610/tools/bin/../lib/gcc/arm-none-eabi/7.3.1/thumb/v7e-m/fpv4-sp/hard\libgcc.a
LOAD c:/st/stm32cubeide_1.2.0/stm32cubeide/plugins/com.st.stm32cube.ide.mcu.externaltools.gnu-tools-for-stm32.7-2018-q2-update.win32_1.0.0.201904181610/tools/bin/../lib/gcc/arm-none-eabi/7.3.1/../../../../arm-none-eabi/lib/thumb/v7e-m/fpv4-sp/hard\libc_nano.a
END GROUP
START GROUP
LOAD c:/st/stm32cubeide_1.2.0/stm32cubeide/plugins/com.st.stm32cube.ide.mcu.externaltools.gnu-tools-for-stm32.7-2018-q2-update.win32_1.0.0.201904181610/tools/bin/../lib/gcc/arm-none-eabi/7.3.1/thumb/v7e-m/fpv4-sp/hard\libgcc.a
LOAD c:/st/stm32cubeide_1.2.0/stm32cubeide/plugins/com.st.stm32cube.ide.mcu.externaltools.gnu-tools-for-stm32.7-2018-q2-update.win32_1.0.0.201904181610/tools/bin/../lib/gcc/arm-none-eabi/7.3.1/../../../../arm-none-eabi/lib/thumb/v7e-m/fpv4-sp/hard\libc_nano.a
LOAD c:/st/stm32cubeide_1.2.0/stm32cubeide/plugins/com.st.stm32cube.ide.mcu.externaltools.gnu-tools-for-stm32.7-2018-q2-update.win32_1.0.0.201904181610/tools/bin/../lib/gcc/arm-none-eabi/7.3.1/../../../../arm-none-eabi/lib/thumb/v7e-m/fpv4-sp/hard\libnosys.a
END GROUP
START GROUP
LOAD c:/st/stm32cubeide_1.2.0/stm32cubeide/plugins/com.st.stm32cube.ide.mcu.externaltools.gnu-tools-for-stm32.7-2018-q2-update.win32_1.0.0.201904181610/tools/bin/../lib/gcc/arm-none-eabi/7.3.1/thumb/v7e-m/fpv4-sp/hard\libgcc.a
LOAD c:/st/stm32cubeide_1.2.0/stm32cubeide/plugins/com.st.stm32cube.ide.mcu.externaltools.gnu-tools-for-stm32.7-2018-q2-update.win32_1.0.0.201904181610/tools/bin/../lib/gcc/arm-none-eabi/7.3.1/../../../../arm-none-eabi/lib/thumb/v7e-m/fpv4-sp/hard\libc_nano.a
LOAD c:/st/stm32cubeide_1.2.0/stm32cubeide/plugins/com.st.stm32cube.ide.mcu.externaltools.gnu-tools-for-stm32.7-2018-q2-update.win32_1.0.0.201904181610/tools/bin/../lib/gcc/arm-none-eabi/7.3.1/../../../../arm-none-eabi/lib/thumb/v7e-m/fpv4-sp/hard\libnosys.a
END GROUP
LOAD c:/st/stm32cubeide_1.2.0/stm32cubeide/plugins/com.st.stm32cube.ide.mcu.externaltools.gnu-tools-for-stm32.7-2018-q2-update.win32_1.0.0.201904181610/tools/bin/../lib/gcc/arm-none-eabi/7.3.1/thumb/v7e-m/fpv4-sp/hard/crtend.o
LOAD c:/st/stm32cubeide_1.2.0/stm32cubeide/plugins/com.st.stm32cube.ide.mcu.externaltools.gnu-tools-for-stm32.7-2018-q2-update.win32_1.0.0.201904181610/tools/bin/../lib/gcc/arm-none-eabi/7.3.1/thumb/v7e-m/fpv4-sp/hard/crtn.o
                0x0000000020008000                _estack = (ORIGIN (RAM) + LENGTH (RAM))
                0x0000000000000200                _Min_Heap_Size = 0x200
                0x0000000000000400                _Min_Stack_Size = 0x400

.isr_vector     0x0000000008000000      0x1d8
                0x0000000008000000                . = ALIGN (0x4)
 *(.isr_vector)
 .isr_vector    0x0000000008000000      0x1d8 Application/Startup/startup_stm32g431cbux.o
                0x0000000008000000                g_pfnVectors
                0x00000000080001d8                . = ALIGN (0x4)

.text           0x00000000080001d8     0xab30
                0x00000000080001d8                . = ALIGN (0x4)
 *(.text)
 .text          0x00000000080001d8       0x40 c:/st/stm32cubeide_1.2.0/stm32cubeide/plugins/com.st.stm32cube.ide.mcu.externaltools.gnu-tools-for-stm32.7-2018-q2-update.win32_1.0.0.201904181610/tools/bin/../lib/gcc/arm-none-eabi/7.3.1/thumb/v7e-m/fpv4-sp/hard/crtbegin.o
 .text          0x0000000008000218       0x30 c:/st/stm32cubeide_1.2.0/stm32cubeide/plugins/com.st.stm32cube.ide.mcu.externaltools.gnu-tools-for-stm32.7-2018-q2-update.win32_1.0.0.201904181610/tools/bin/../lib/gcc/arm-none-eabi/7.3.1/thumb/v7e-m/fpv4-sp/hard\libgcc.a(_aeabi_uldivmod.o)
                0x0000000008000218                __aeabi_uldivmod
 .text          0x0000000008000248      0x2cc c:/st/stm32cubeide_1.2.0/stm32cubeide/plugins/com.st.stm32cube.ide.mcu.externaltools.gnu-tools-for-stm32.7-2018-q2-update.win32_1.0.0.201904181610/tools/bin/../lib/gcc/arm-none-eabi/7.3.1/thumb/v7e-m/fpv4-sp/hard\libgcc.a(_udivmoddi4.o)
                0x0000000008000248                __udivmoddi4
 .text          0x0000000008000514        0x4 c:/st/stm32cubeide_1.2.0/stm32cubeide/plugins/com.st.stm32cube.ide.mcu.externaltools.gnu-tools-for-stm32.7-2018-q2-update.win32_1.0.0.201904181610/tools/bin/../lib/gcc/arm-none-eabi/7.3.1/thumb/v7e-m/fpv4-sp/hard\libgcc.a(_dvmd_tls.o)
                0x0000000008000514                __aeabi_idiv0
                0x0000000008000514                __aeabi_ldiv0
 *(.text*)
 .text.Reset_Handler
                0x0000000008000518       0x50 Application/Startup/startup_stm32g431cbux.o
                0x0000000008000518                Reset_Handler
 .text.Default_Handler
                0x0000000008000568        0x2 Application/Startup/startup_stm32g431cbux.o
                0x0000000008000568                RTC_Alarm_IRQHandler
                0x0000000008000568                EXTI2_IRQHandler
                0x0000000008000568                TIM8_TRG_COM_IRQHandler
                0x0000000008000568                TIM8_CC_IRQHandler
                0x0000000008000568                DebugMon_Handler
                0x0000000008000568                TIM1_CC_IRQHandler
                0x0000000008000568                USB_HP_IRQHandler
                0x0000000008000568                CORDIC_IRQHandler
                0x0000000008000568                PendSV_Handler
                0x0000000008000568                NMI_Handler
                0x0000000008000568                EXTI3_IRQHandler
                0x0000000008000568                I2C3_ER_IRQHandler
                0x0000000008000568                EXTI0_IRQHandler
                0x0000000008000568                I2C2_EV_IRQHandler
                0x0000000008000568                FPU_IRQHandler
                0x0000000008000568                UsageFault_Handler
                0x0000000008000568                SPI1_IRQHandler
                0x0000000008000568                TIM6_DAC_IRQHandler
                0x0000000008000568                TIM8_UP_IRQHandler
                0x0000000008000568                DMA2_Channel2_IRQHandler
                0x0000000008000568                DMA1_Channel4_IRQHandler
                0x0000000008000568                USART3_IRQHandler
                0x0000000008000568                DMA2_Channel1_IRQHandler
                0x0000000008000568                I2C1_EV_IRQHandler
                0x0000000008000568                DMA1_Channel6_IRQHandler
                0x0000000008000568                UART4_IRQHandler
                0x0000000008000568                DMA2_Channel4_IRQHandler
                0x0000000008000568                TIM3_IRQHandler
                0x0000000008000568                RCC_IRQHandler
                0x0000000008000568                Default_Handler
                0x0000000008000568                RTC_TAMP_LSECSS_IRQHandler
                0x0000000008000568                FMAC_IRQHandler
                0x0000000008000568                EXTI15_10_IRQHandler
                0x0000000008000568                TIM7_IRQHandler
                0x0000000008000568                UCPD1_IRQHandler
                0x0000000008000568                I2C3_EV_IRQHandler
                0x0000000008000568                EXTI9_5_IRQHandler
                0x0000000008000568                RTC_WKUP_IRQHandler
                0x0000000008000568                PVD_PVM_IRQHandler
                0x0000000008000568                SPI2_IRQHandler
                0x0000000008000568                MemManage_Handler
                0x0000000008000568                SVC_Handler
                0x0000000008000568                DMA2_Channel5_IRQHandler
                0x0000000008000568                CRS_IRQHandler
                0x0000000008000568                DMA1_Channel5_IRQHandler
                0x0000000008000568                USB_LP_IRQHandler
                0x0000000008000568                EXTI4_IRQHandler
                0x0000000008000568                RNG_IRQHandler
                0x0000000008000568                DMA1_Channel3_IRQHandler
                0x0000000008000568                WWDG_IRQHandler
                0x0000000008000568                LPUART1_IRQHandler
                0x0000000008000568                DMA2_Channel6_IRQHandler
                0x0000000008000568                FDCAN1_IT0_IRQHandler
                0x0000000008000568                TIM2_IRQHandler
                0x0000000008000568                COMP1_2_3_IRQHandler
                0x0000000008000568                EXTI1_IRQHandler
                0x0000000008000568                I2C2_ER_IRQHandler
                0x0000000008000568                TIM8_BRK_IRQHandler
                0x0000000008000568                FLASH_IRQHandler
                0x0000000008000568                BusFault_Handler
                0x0000000008000568                USART1_IRQHandler
                0x0000000008000568                SPI3_IRQHandler
                0x0000000008000568                I2C1_ER_IRQHandler
                0x0000000008000568                LPTIM1_IRQHandler
                0x0000000008000568                DMAMUX_OVR_IRQHandler
                0x0000000008000568                USBWakeUp_IRQHandler
                0x0000000008000568                SAI1_IRQHandler
                0x0000000008000568                DMA2_Channel3_IRQHandler
                0x0000000008000568                COMP4_IRQHandler
 *fill*         0x000000000800056a        0x2 
 .text.ESC_Read_Flash
                0x000000000800056c       0x84 Application/User/customESC.o
                0x000000000800056c                ESC_Read_Flash
 .text.ESC_Write_Flash
                0x00000000080005f0       0xcc Application/User/customESC.o
                0x00000000080005f0                ESC_Write_Flash
 .text.ESC_UART_Init
                0x00000000080006bc       0x78 Application/User/customESC.o
                0x00000000080006bc                ESC_UART_Init
 .text.ESC_UART_TX_Feedback
                0x0000000008000734       0xd0 Application/User/customESC.o
                0x0000000008000734                ESC_UART_TX_Feedback
 .text.FDCAN1_RX_Filter_Init
                0x0000000008000804       0x44 Application/User/customESC.o
                0x0000000008000804                FDCAN1_RX_Filter_Init
 .text.CAN_TX_Init_Data
                0x0000000008000848       0x1c Application/User/customESC.o
                0x0000000008000848                CAN_TX_Init_Data
 .text.FDCAN1_TX
                0x0000000008000864       0x24 Application/User/customESC.o
                0x0000000008000864                FDCAN1_TX
 .text.ESCReg_Read
                0x0000000008000888       0x3c Application/User/customESC.o
                0x0000000008000888                ESCReg_Read
 .text.ESCReg_Write
                0x00000000080008c4      0x1d8 Application/User/customESC.o
                0x00000000080008c4                ESCReg_Write
 .text.ESCReg_Refreshed
                0x0000000008000a9c       0x5c Application/User/customESC.o
                0x0000000008000a9c                ESCReg_Refreshed
 .text.ESCReg_Init
                0x0000000008000af8       0x28 Application/User/customESC.o
                0x0000000008000af8                ESCReg_Init
 .text.ESCReg_Clear
                0x0000000008000b20       0x10 Application/User/customESC.o
                0x0000000008000b20                ESCReg_Clear
 .text.ESCReg_UpdateCycle
                0x0000000008000b30       0xc4 Application/User/customESC.o
                0x0000000008000b30                ESCReg_UpdateCycle
 .text.validata
                0x0000000008000bf4       0x38 Application/User/customESC.o
                0x0000000008000bf4                validata
 .text.Motor_PID_Init
                0x0000000008000c2c       0x38 Application/User/customMC.o
                0x0000000008000c2c                Motor_PID_Init
 .text.DAC_Init
                0x0000000008000c64       0x10 Application/User/dac_ui.o
                0x0000000008000c64                DAC_Init
 .text.DAC_Exec
                0x0000000008000c74       0x38 Application/User/dac_ui.o
                0x0000000008000c74                DAC_Exec
 .text.SystemClock_Config
                0x0000000008000cac       0x84 Application/User/main.o
                0x0000000008000cac                SystemClock_Config
 .text.startup.main
                0x0000000008000d30      0x8c8 Application/User/main.o
                0x0000000008000d30                main
 .text.Error_Handler
                0x00000000080015f8        0x4 Application/User/main.o
                0x00000000080015f8                Error_Handler
 .text.MC_StartMotor1
                0x00000000080015fc        0xc Application/User/mc_api.o
                0x00000000080015fc                MC_StartMotor1
 .text.MC_StopMotor1
                0x0000000008001608        0xc Application/User/mc_api.o
                0x0000000008001608                MC_StopMotor1
 .text.MC_ProgramSpeedRampMotor1
                0x0000000008001614       0x10 Application/User/mc_api.o
                0x0000000008001614                MC_ProgramSpeedRampMotor1
 .text.MC_ProgramTorqueRampMotor1
                0x0000000008001624       0x10 Application/User/mc_api.o
                0x0000000008001624                MC_ProgramTorqueRampMotor1
 .text.MC_AcknowledgeFaultMotor1
                0x0000000008001634        0xc Application/User/mc_api.o
                0x0000000008001634                MC_AcknowledgeFaultMotor1
 .text.MC_GetSTMStateMotor1
                0x0000000008001640        0xc Application/User/mc_api.o
                0x0000000008001640                MC_GetSTMStateMotor1
 .text.MCI_Init
                0x000000000800164c       0x1c Application/User/mc_interface.o
                0x000000000800164c                MCI_Init
 .text.MCI_ExecSpeedRamp
                0x0000000008001668       0x10 Application/User/mc_interface.o
                0x0000000008001668                MCI_ExecSpeedRamp
 .text.MCI_ExecTorqueRamp
                0x0000000008001678       0x18 Application/User/mc_interface.o
                0x0000000008001678                MCI_ExecTorqueRamp
 .text.MCI_SetCurrentReferences
                0x0000000008001690       0x1c Application/User/mc_interface.o
                0x0000000008001690                MCI_SetCurrentReferences
 .text.MCI_StartMotor
                0x00000000080016ac       0x14 Application/User/mc_interface.o
                0x00000000080016ac                MCI_StartMotor
 .text.MCI_StopMotor
                0x00000000080016c0        0x8 Application/User/mc_interface.o
                0x00000000080016c0                MCI_StopMotor
 .text.MCI_FaultAcknowledged
                0x00000000080016c8        0x8 Application/User/mc_interface.o
                0x00000000080016c8                MCI_FaultAcknowledged
 .text.MCI_EncoderAlign
                0x00000000080016d0        0x8 Application/User/mc_interface.o
                0x00000000080016d0                MCI_EncoderAlign
 .text.MCI_ExecBufferedCommands
                0x00000000080016d8       0x74 Application/User/mc_interface.o
                0x00000000080016d8                MCI_ExecBufferedCommands
 .text.MCI_GetSTMState
                0x000000000800174c        0x8 Application/User/mc_interface.o
                0x000000000800174c                MCI_GetSTMState
 .text.MCI_GetControlMode
                0x0000000008001754        0x4 Application/User/mc_interface.o
                0x0000000008001754                MCI_GetControlMode
 .text.MCI_GetLastRampFinalSpeed
                0x0000000008001758       0x10 Application/User/mc_interface.o
                0x0000000008001758                MCI_GetLastRampFinalSpeed
 .text.MCI_StopRamp
                0x0000000008001768        0x8 Application/User/mc_interface.o
                0x0000000008001768                MCI_StopRamp
 .text.MCI_GetAvrgMecSpeedUnit
                0x0000000008001770       0x10 Application/User/mc_interface.o
                0x0000000008001770                MCI_GetAvrgMecSpeedUnit
 .text.MCI_GetMecSpeedRefUnit
                0x0000000008001780        0x8 Application/User/mc_interface.o
                0x0000000008001780                MCI_GetMecSpeedRefUnit
 .text.MCI_GetIab
                0x0000000008001788       0x10 Application/User/mc_interface.o
                0x0000000008001788                MCI_GetIab
 .text.MCI_GetIalphabeta
                0x0000000008001798       0x10 Application/User/mc_interface.o
                0x0000000008001798                MCI_GetIalphabeta
 .text.MCI_GetIqd
                0x00000000080017a8       0x10 Application/User/mc_interface.o
                0x00000000080017a8                MCI_GetIqd
 .text.MCI_GetIqdref
                0x00000000080017b8       0x10 Application/User/mc_interface.o
                0x00000000080017b8                MCI_GetIqdref
 .text.MCI_GetVqd
                0x00000000080017c8       0x14 Application/User/mc_interface.o
                0x00000000080017c8                MCI_GetVqd
 .text.MCI_GetValphabeta
                0x00000000080017dc       0x14 Application/User/mc_interface.o
                0x00000000080017dc                MCI_GetValphabeta
 .text.MCI_GetTeref
                0x00000000080017f0        0x8 Application/User/mc_interface.o
                0x00000000080017f0                MCI_GetTeref
 .text.MCI_SetIdref
                0x00000000080017f8        0x8 Application/User/mc_interface.o
                0x00000000080017f8                MCI_SetIdref
 .text.MCI_Clear_Iqdref
                0x0000000008001800       0x14 Application/User/mc_interface.o
                0x0000000008001800                MCI_Clear_Iqdref
 .text.MCM_Clarke
                0x0000000008001814       0x4c Application/User/mc_math.o
                0x0000000008001814                MCM_Clarke
 .text.MCM_Trig_Functions
                0x0000000008001860       0x30 Application/User/mc_math.o
                0x0000000008001860                MCM_Trig_Functions
 .text.MCM_Park
                0x0000000008001890       0x74 Application/User/mc_math.o
                0x0000000008001890                MCM_Park
 .text.MCM_Rev_Park
                0x0000000008001904       0x3c Application/User/mc_math.o
                0x0000000008001904                MCM_Rev_Park
 .text.FOC_Clear
                0x0000000008001940       0x7c Application/User/mc_tasks.o
                0x0000000008001940                FOC_Clear
 .text.MCboot   0x00000000080019bc      0x204 Application/User/mc_tasks.o
                0x00000000080019bc                MCboot
 .text.FOC_InitAdditionalMethods
                0x0000000008001bc0        0x4 Application/User/mc_tasks.o
                0x0000000008001bc0                FOC_InitAdditionalMethods
 .text.FOC_CalcCurrRef
                0x0000000008001bc4       0x2c Application/User/mc_tasks.o
                0x0000000008001bc4                FOC_CalcCurrRef
 .text.TSK_SetChargeBootCapDelayM1
                0x0000000008001bf0        0xc Application/User/mc_tasks.o
                0x0000000008001bf0                TSK_SetChargeBootCapDelayM1
 .text.TSK_ChargeBootCapDelayHasElapsedM1
                0x0000000008001bfc       0x14 Application/User/mc_tasks.o
                0x0000000008001bfc                TSK_ChargeBootCapDelayHasElapsedM1
 .text.TSK_SetStopPermanencyTimeM1
                0x0000000008001c10        0xc Application/User/mc_tasks.o
                0x0000000008001c10                TSK_SetStopPermanencyTimeM1
 .text.TSK_StopPermanencyTimeHasElapsedM1
                0x0000000008001c1c       0x14 Application/User/mc_tasks.o
                0x0000000008001c1c                TSK_StopPermanencyTimeHasElapsedM1
 .text.TSK_MediumFrequencyTaskM1
                0x0000000008001c30      0x260 Application/User/mc_tasks.o
                0x0000000008001c30                TSK_MediumFrequencyTaskM1
 .text.MC_Scheduler
                0x0000000008001e90       0x5c Application/User/mc_tasks.o
                0x0000000008001e90                MC_Scheduler
 .text.TSK_HighFrequencyTask
                0x0000000008001eec       0xec Application/User/mc_tasks.o
                0x0000000008001eec                TSK_HighFrequencyTask
 .text.TSK_SafetyTask_PWMOFF
                0x0000000008001fd8       0xa8 Application/User/mc_tasks.o
                0x0000000008001fd8                TSK_SafetyTask_PWMOFF
 .text.TSK_SafetyTask
                0x0000000008002080       0x20 Application/User/mc_tasks.o
                0x0000000008002080                TSK_SafetyTask
 .text.MC_RunMotorControlTasks
                0x00000000080020a0       0x20 Application/User/mc_tasks.o
                0x00000000080020a0                MC_RunMotorControlTasks
 .text.TSK_HardwareFaultTask
                0x00000000080020c0       0x20 Application/User/mc_tasks.o
                0x00000000080020c0                TSK_HardwareFaultTask
 .text.mc_lock_pins
                0x00000000080020e0      0x17c Application/User/mc_tasks.o
                0x00000000080020e0                mc_lock_pins
 .text.MCP_ReceivedFrame
                0x000000000800225c      0x668 Application/User/motor_control_protocol.o
                0x000000000800225c                MCP_ReceivedFrame
 .text.MCP_WaitNextFrame
                0x00000000080028c4       0x1c Application/User/motor_control_protocol.o
                0x00000000080028c4                MCP_WaitNextFrame
 .text.MCP_Init
                0x00000000080028e0       0x48 Application/User/motor_control_protocol.o
                0x00000000080028e0                MCP_Init
 .text.MCP_OnTimeOut
                0x0000000008002928        0x8 Application/User/motor_control_protocol.o
                0x0000000008002928                MCP_OnTimeOut
 .text.MCP_SentFrame
                0x0000000008002930        0x8 Application/User/motor_control_protocol.o
                0x0000000008002930                MCP_SentFrame
 .text.MX_MotorControl_Init
                0x0000000008002938       0x4c Application/User/motorcontrol.o
                0x0000000008002938                MX_MotorControl_Init
 .text.RCM_RegisterRegConv
                0x0000000008002984      0x180 Application/User/regular_conversion_manager.o
                0x0000000008002984                RCM_RegisterRegConv
 .text.RCM_ExecRegularConv
                0x0000000008002b04       0x6c Application/User/regular_conversion_manager.o
                0x0000000008002b04                RCM_ExecRegularConv
 .text.RCM_ExecUserConv
                0x0000000008002b70       0xa4 Application/User/regular_conversion_manager.o
                0x0000000008002b70                RCM_ExecUserConv
 .text.HAL_MspInit
                0x0000000008002c14       0x48 Application/User/stm32g4xx_hal_msp.o
                0x0000000008002c14                HAL_MspInit
 .text.HAL_ADC_MspInit
                0x0000000008002c5c       0xf0 Application/User/stm32g4xx_hal_msp.o
                0x0000000008002c5c                HAL_ADC_MspInit
 .text.HAL_COMP_MspInit
                0x0000000008002d4c       0xc8 Application/User/stm32g4xx_hal_msp.o
                0x0000000008002d4c                HAL_COMP_MspInit
 .text.HAL_CORDIC_MspInit
                0x0000000008002e14       0x30 Application/User/stm32g4xx_hal_msp.o
                0x0000000008002e14                HAL_CORDIC_MspInit
 .text.HAL_DAC_MspInit
                0x0000000008002e44       0x64 Application/User/stm32g4xx_hal_msp.o
                0x0000000008002e44                HAL_DAC_MspInit
 .text.HAL_FDCAN_MspInit
                0x0000000008002ea8       0xa0 Application/User/stm32g4xx_hal_msp.o
                0x0000000008002ea8                HAL_FDCAN_MspInit
 .text.HAL_OPAMP_MspInit
                0x0000000008002f48       0xc4 Application/User/stm32g4xx_hal_msp.o
                0x0000000008002f48                HAL_OPAMP_MspInit
 .text.HAL_TIM_Base_MspInit
                0x000000000800300c       0x90 Application/User/stm32g4xx_hal_msp.o
                0x000000000800300c                HAL_TIM_Base_MspInit
 .text.HAL_TIM_Encoder_MspInit
                0x000000000800309c       0x68 Application/User/stm32g4xx_hal_msp.o
                0x000000000800309c                HAL_TIM_Encoder_MspInit
 .text.HAL_TIM_MspPostInit
                0x0000000008003104       0xb4 Application/User/stm32g4xx_hal_msp.o
                0x0000000008003104                HAL_TIM_MspPostInit
 .text.HAL_UART_MspInit
                0x00000000080031b8       0xd4 Application/User/stm32g4xx_hal_msp.o
                0x00000000080031b8                HAL_UART_MspInit
 .text.HAL_UART_MspDeInit
                0x000000000800328c       0x44 Application/User/stm32g4xx_hal_msp.o
                0x000000000800328c                HAL_UART_MspDeInit
 .text.DMA1_Channel1_IRQHandler
                0x00000000080032d0        0xc Application/User/stm32g4xx_it.o
                0x00000000080032d0                DMA1_Channel1_IRQHandler
 .text.DMA1_Channel2_IRQHandler
                0x00000000080032dc        0xc Application/User/stm32g4xx_it.o
                0x00000000080032dc                DMA1_Channel2_IRQHandler
 .text.FDCAN1_IT1_IRQHandler
                0x00000000080032e8        0xc Application/User/stm32g4xx_it.o
                0x00000000080032e8                FDCAN1_IT1_IRQHandler
 .text.TIM1_TRG_COM_TIM17_IRQHandler
                0x00000000080032f4       0x3c Application/User/stm32g4xx_it.o
                0x00000000080032f4                TIM1_TRG_COM_TIM17_IRQHandler
 .text.HAL_UART_TxCpltCallback
                0x0000000008003330        0x4 Application/User/stm32g4xx_it.o
                0x0000000008003330                HAL_UART_TxCpltCallback
 .text.HAL_FDCAN_RxFifo0Callback
                0x0000000008003334       0x10 Application/User/stm32g4xx_it.o
                0x0000000008003334                HAL_FDCAN_RxFifo0Callback
 .text.ADC1_2_IRQHandler
                0x0000000008003344       0x18 Application/User/stm32g4xx_mc_it.o
                0x0000000008003344                ADC1_2_IRQHandler
 .text.TIM1_UP_TIM16_IRQHandler
                0x000000000800335c       0x18 Application/User/stm32g4xx_mc_it.o
                0x000000000800335c                TIM1_UP_TIM16_IRQHandler
 .text.TIM1_BRK_TIM15_IRQHandler
                0x0000000008003374       0x3c Application/User/stm32g4xx_mc_it.o
                0x0000000008003374                TIM1_BRK_TIM15_IRQHandler
 .text.TIM4_IRQHandler
                0x00000000080033b0       0x20 Application/User/stm32g4xx_mc_it.o
                0x00000000080033b0                TIM4_IRQHandler
 .text.USART2_IRQHandler
                0x00000000080033d0       0xa0 Application/User/stm32g4xx_mc_it.o
                0x00000000080033d0                USART2_IRQHandler
 .text.HardFault_Handler
                0x0000000008003470       0x74 Application/User/stm32g4xx_mc_it.o
                0x0000000008003470                HardFault_Handler
 .text.SysTick_Handler
                0x00000000080034e4       0x30 Application/User/stm32g4xx_mc_it.o
                0x00000000080034e4                SysTick_Handler
 .text.UI_TaskInit
                0x0000000008003514       0xe0 Application/User/ui_task.o
                0x0000000008003514                UI_TaskInit
 .text.UI_Scheduler
                0x00000000080035f4       0x40 Application/User/ui_task.o
                0x00000000080035f4                UI_Scheduler
 .text.UI_DACUpdate
                0x0000000008003634       0x20 Application/User/ui_task.o
                0x0000000008003634                UI_DACUpdate
 .text.UI_SerialCommunicationTimeOutStop
                0x0000000008003654        0xc Application/User/ui_task.o
                0x0000000008003654                UI_SerialCommunicationTimeOutStop
 .text.UI_SerialCommunicationTimeOutStart
                0x0000000008003660        0xc Application/User/ui_task.o
                0x0000000008003660                UI_SerialCommunicationTimeOutStart
 .text.UI_Init  0x000000000800366c       0x18 Application/User/user_interface.o
                0x000000000800366c                UI_Init
 .text.UI_SelectMC
                0x0000000008003684       0x10 Application/User/user_interface.o
                0x0000000008003684                UI_SelectMC
 .text.UI_GetSelectedMC
                0x0000000008003694        0x8 Application/User/user_interface.o
                0x0000000008003694                UI_GetSelectedMC
 .text.UI_SetReg
                0x000000000800369c      0x18c Application/User/user_interface.o
                0x000000000800369c                UI_SetReg
 .text.UI_ExecCmd
                0x0000000008003828       0x7c Application/User/user_interface.o
                0x0000000008003828                UI_ExecCmd
 .text.UI_ExecSpeedRamp
                0x00000000080038a4       0x24 Application/User/user_interface.o
                0x00000000080038a4                UI_ExecSpeedRamp
 .text.UI_ExecTorqueRamp
                0x00000000080038c8       0x14 Application/User/user_interface.o
                0x00000000080038c8                UI_ExecTorqueRamp
 .text.UI_GetRevupData
                0x00000000080038dc       0x3c Application/User/user_interface.o
                0x00000000080038dc                UI_GetRevupData
 .text.UI_SetRevupData
                0x0000000008003918       0x34 Application/User/user_interface.o
                0x0000000008003918                UI_SetRevupData
 .text.UI_SetCurrentReferences
                0x000000000800394c       0x1c Application/User/user_interface.o
                0x000000000800394c                UI_SetCurrentReferences
 .text.UI_GetMPInfo
                0x0000000008003968        0x4 Application/User/user_interface.o
                0x0000000008003968                UI_GetMPInfo
 .text.UI_DACInit
                0x000000000800396c        0x8 Application/User/user_interface.o
                0x000000000800396c                UI_DACInit
 .text.UI_DACExec
                0x0000000008003974        0x8 Application/User/user_interface.o
                0x0000000008003974                UI_DACExec
 .text.UI_SetDAC
                0x000000000800397c        0x8 Application/User/user_interface.o
                0x000000000800397c                UI_SetDAC
 .text.UI_GetDAC
                0x0000000008003984        0xc Application/User/user_interface.o
                0x0000000008003984                UI_GetDAC
 .text.UI_GetReg
                0x0000000008003990      0x434 Application/User/user_interface.o
                0x0000000008003990                UI_GetReg
 .text.SystemInit
                0x0000000008003dc4       0x1c Drivers/CMSIS/system_stm32g4xx.o
                0x0000000008003dc4                SystemInit
 .text.HAL_InitTick
                0x0000000008003de0       0x4c Drivers/STM32G4xx_HAL_Driver/stm32g4xx_hal.o
                0x0000000008003de0                HAL_InitTick
 .text.HAL_Init
                0x0000000008003e2c       0x28 Drivers/STM32G4xx_HAL_Driver/stm32g4xx_hal.o
                0x0000000008003e2c                HAL_Init
 .text.HAL_IncTick
                0x0000000008003e54       0x18 Drivers/STM32G4xx_HAL_Driver/stm32g4xx_hal.o
                0x0000000008003e54                HAL_IncTick
 .text.HAL_GetTick
                0x0000000008003e6c        0xc Drivers/STM32G4xx_HAL_Driver/stm32g4xx_hal.o
                0x0000000008003e6c                HAL_GetTick
 .text.HAL_Delay
                0x0000000008003e78       0x24 Drivers/STM32G4xx_HAL_Driver/stm32g4xx_hal.o
                0x0000000008003e78                HAL_Delay
 .text.HAL_ADC_Init
                0x0000000008003e9c      0x21c Drivers/STM32G4xx_HAL_Driver/stm32g4xx_hal_adc.o
                0x0000000008003e9c                HAL_ADC_Init
 .text.HAL_ADC_ConfigChannel
                0x00000000080040b8      0x428 Drivers/STM32G4xx_HAL_Driver/stm32g4xx_hal_adc.o
                0x00000000080040b8                HAL_ADC_ConfigChannel
 .text.HAL_ADCEx_InjectedConfigChannel
                0x00000000080044e0      0x544 Drivers/STM32G4xx_HAL_Driver/stm32g4xx_hal_adc_ex.o
                0x00000000080044e0                HAL_ADCEx_InjectedConfigChannel
 .text.HAL_ADCEx_MultiModeConfigChannel
                0x0000000008004a24       0xd4 Drivers/STM32G4xx_HAL_Driver/stm32g4xx_hal_adc_ex.o
                0x0000000008004a24                HAL_ADCEx_MultiModeConfigChannel
 .text.HAL_COMP_Init
                0x0000000008004af8      0x148 Drivers/STM32G4xx_HAL_Driver/stm32g4xx_hal_comp.o
                0x0000000008004af8                HAL_COMP_Init
 .text.HAL_CORDIC_Init
                0x0000000008004c40       0x34 Drivers/STM32G4xx_HAL_Driver/stm32g4xx_hal_cordic.o
                0x0000000008004c40                HAL_CORDIC_Init
 .text.HAL_NVIC_SetPriorityGrouping
                0x0000000008004c74       0x24 Drivers/STM32G4xx_HAL_Driver/stm32g4xx_hal_cortex.o
                0x0000000008004c74                HAL_NVIC_SetPriorityGrouping
 .text.HAL_NVIC_SetPriority
                0x0000000008004c98       0x6c Drivers/STM32G4xx_HAL_Driver/stm32g4xx_hal_cortex.o
                0x0000000008004c98                HAL_NVIC_SetPriority
 .text.HAL_NVIC_EnableIRQ
                0x0000000008004d04       0x1c Drivers/STM32G4xx_HAL_Driver/stm32g4xx_hal_cortex.o
                0x0000000008004d04                HAL_NVIC_EnableIRQ
 .text.HAL_NVIC_DisableIRQ
                0x0000000008004d20       0x28 Drivers/STM32G4xx_HAL_Driver/stm32g4xx_hal_cortex.o
                0x0000000008004d20                HAL_NVIC_DisableIRQ
 .text.HAL_SYSTICK_Config
                0x0000000008004d48       0x34 Drivers/STM32G4xx_HAL_Driver/stm32g4xx_hal_cortex.o
                0x0000000008004d48                HAL_SYSTICK_Config
 .text.HAL_SYSTICK_Callback
                0x0000000008004d7c        0x4 Drivers/STM32G4xx_HAL_Driver/stm32g4xx_hal_cortex.o
                0x0000000008004d7c                HAL_SYSTICK_Callback
 .text.HAL_SYSTICK_IRQHandler
                0x0000000008004d80        0x8 Drivers/STM32G4xx_HAL_Driver/stm32g4xx_hal_cortex.o
                0x0000000008004d80                HAL_SYSTICK_IRQHandler
 .text.HAL_DAC_Init
                0x0000000008004d88       0x2c Drivers/STM32G4xx_HAL_Driver/stm32g4xx_hal_dac.o
                0x0000000008004d88                HAL_DAC_Init
 .text.HAL_DAC_ConfigChannel
                0x0000000008004db4      0x1d0 Drivers/STM32G4xx_HAL_Driver/stm32g4xx_hal_dac.o
                0x0000000008004db4                HAL_DAC_ConfigChannel
 .text.HAL_DMA_Init
                0x0000000008004f84      0x130 Drivers/STM32G4xx_HAL_Driver/stm32g4xx_hal_dma.o
                0x0000000008004f84                HAL_DMA_Init
 .text.HAL_DMA_DeInit
                0x00000000080050b4       0xf4 Drivers/STM32G4xx_HAL_Driver/stm32g4xx_hal_dma.o
                0x00000000080050b4                HAL_DMA_DeInit
 .text.HAL_DMA_Start_IT
                0x00000000080051a8       0xb8 Drivers/STM32G4xx_HAL_Driver/stm32g4xx_hal_dma.o
                0x00000000080051a8                HAL_DMA_Start_IT
 .text.HAL_DMA_Abort
                0x0000000008005260       0x74 Drivers/STM32G4xx_HAL_Driver/stm32g4xx_hal_dma.o
                0x0000000008005260                HAL_DMA_Abort
 .text.HAL_DMA_IRQHandler
                0x00000000080052d4       0xa0 Drivers/STM32G4xx_HAL_Driver/stm32g4xx_hal_dma.o
                0x00000000080052d4                HAL_DMA_IRQHandler
 .text.HAL_DMA_GetError
                0x0000000008005374        0x4 Drivers/STM32G4xx_HAL_Driver/stm32g4xx_hal_dma.o
                0x0000000008005374                HAL_DMA_GetError
 .text.HAL_FDCAN_Init
                0x0000000008005378      0x1e4 Drivers/STM32G4xx_HAL_Driver/stm32g4xx_hal_fdcan.o
                0x0000000008005378                HAL_FDCAN_Init
 .text.HAL_FDCAN_ConfigFilter
                0x000000000800555c       0x58 Drivers/STM32G4xx_HAL_Driver/stm32g4xx_hal_fdcan.o
                0x000000000800555c                HAL_FDCAN_ConfigFilter
 .text.HAL_FDCAN_ConfigGlobalFilter
                0x00000000080055b4       0x40 Drivers/STM32G4xx_HAL_Driver/stm32g4xx_hal_fdcan.o
                0x00000000080055b4                HAL_FDCAN_ConfigGlobalFilter
 .text.HAL_FDCAN_Start
                0x00000000080055f4       0x30 Drivers/STM32G4xx_HAL_Driver/stm32g4xx_hal_fdcan.o
                0x00000000080055f4                HAL_FDCAN_Start
 .text.HAL_FDCAN_AddMessageToTxFifoQ
                0x0000000008005624       0xd0 Drivers/STM32G4xx_HAL_Driver/stm32g4xx_hal_fdcan.o
                0x0000000008005624                HAL_FDCAN_AddMessageToTxFifoQ
 .text.HAL_FDCAN_GetRxMessage
                0x00000000080056f4       0xf0 Drivers/STM32G4xx_HAL_Driver/stm32g4xx_hal_fdcan.o
                0x00000000080056f4                HAL_FDCAN_GetRxMessage
 .text.HAL_FDCAN_TxEventFifoCallback
                0x00000000080057e4        0x4 Drivers/STM32G4xx_HAL_Driver/stm32g4xx_hal_fdcan.o
                0x00000000080057e4                HAL_FDCAN_TxEventFifoCallback
 .text.HAL_FDCAN_RxFifo1Callback
                0x00000000080057e8        0x4 Drivers/STM32G4xx_HAL_Driver/stm32g4xx_hal_fdcan.o
                0x00000000080057e8                HAL_FDCAN_RxFifo1Callback
 .text.HAL_FDCAN_TxFifoEmptyCallback
                0x00000000080057ec        0x4 Drivers/STM32G4xx_HAL_Driver/stm32g4xx_hal_fdcan.o
                0x00000000080057ec                HAL_FDCAN_TxFifoEmptyCallback
 .text.HAL_FDCAN_TxBufferCompleteCallback
                0x00000000080057f0        0x4 Drivers/STM32G4xx_HAL_Driver/stm32g4xx_hal_fdcan.o
                0x00000000080057f0                HAL_FDCAN_TxBufferCompleteCallback
 .text.HAL_FDCAN_TxBufferAbortCallback
                0x00000000080057f4        0x4 Drivers/STM32G4xx_HAL_Driver/stm32g4xx_hal_fdcan.o
                0x00000000080057f4                HAL_FDCAN_TxBufferAbortCallback
 .text.HAL_FDCAN_TimestampWraparoundCallback
                0x00000000080057f8        0x4 Drivers/STM32G4xx_HAL_Driver/stm32g4xx_hal_fdcan.o
                0x00000000080057f8                HAL_FDCAN_TimestampWraparoundCallback
 .text.HAL_FDCAN_TimeoutOccurredCallback
                0x00000000080057fc        0x4 Drivers/STM32G4xx_HAL_Driver/stm32g4xx_hal_fdcan.o
                0x00000000080057fc                HAL_FDCAN_TimeoutOccurredCallback
 .text.HAL_FDCAN_HighPriorityMessageCallback
                0x0000000008005800        0x4 Drivers/STM32G4xx_HAL_Driver/stm32g4xx_hal_fdcan.o
                0x0000000008005800                HAL_FDCAN_HighPriorityMessageCallback
 .text.HAL_FDCAN_ErrorCallback
                0x0000000008005804        0x4 Drivers/STM32G4xx_HAL_Driver/stm32g4xx_hal_fdcan.o
                0x0000000008005804                HAL_FDCAN_ErrorCallback
 .text.HAL_FDCAN_ErrorStatusCallback
                0x0000000008005808        0x4 Drivers/STM32G4xx_HAL_Driver/stm32g4xx_hal_fdcan.o
                0x0000000008005808                HAL_FDCAN_ErrorStatusCallback
 .text.HAL_FDCAN_IRQHandler
                0x000000000800580c      0x194 Drivers/STM32G4xx_HAL_Driver/stm32g4xx_hal_fdcan.o
                0x000000000800580c                HAL_FDCAN_IRQHandler
 .text.HAL_FLASH_Program
                0x00000000080059a0      0x12c Drivers/STM32G4xx_HAL_Driver/stm32g4xx_hal_flash.o
                0x00000000080059a0                HAL_FLASH_Program
 .text.HAL_FLASH_Unlock
                0x0000000008005acc       0x28 Drivers/STM32G4xx_HAL_Driver/stm32g4xx_hal_flash.o
                0x0000000008005acc                HAL_FLASH_Unlock
 .text.HAL_FLASH_Lock
                0x0000000008005af4       0x18 Drivers/STM32G4xx_HAL_Driver/stm32g4xx_hal_flash.o
                0x0000000008005af4                HAL_FLASH_Lock
 .text.FLASH_WaitForLastOperation
                0x0000000008005b0c       0x54 Drivers/STM32G4xx_HAL_Driver/stm32g4xx_hal_flash.o
                0x0000000008005b0c                FLASH_WaitForLastOperation
 .text.HAL_FLASHEx_Erase
                0x0000000008005b60      0x160 Drivers/STM32G4xx_HAL_Driver/stm32g4xx_hal_flash_ex.o
                0x0000000008005b60                HAL_FLASHEx_Erase
 .text.HAL_GPIO_Init
                0x0000000008005cc0      0x1cc Drivers/STM32G4xx_HAL_Driver/stm32g4xx_hal_gpio.o
                0x0000000008005cc0                HAL_GPIO_Init
 .text.HAL_GPIO_DeInit
                0x0000000008005e8c      0x13c Drivers/STM32G4xx_HAL_Driver/stm32g4xx_hal_gpio.o
                0x0000000008005e8c                HAL_GPIO_DeInit
 .text.HAL_OPAMP_Init
                0x0000000008005fc8      0x108 Drivers/STM32G4xx_HAL_Driver/stm32g4xx_hal_opamp.o
                0x0000000008005fc8                HAL_OPAMP_Init
 .text.HAL_PWREx_ControlVoltageScaling
                0x00000000080060d0       0xfc Drivers/STM32G4xx_HAL_Driver/stm32g4xx_hal_pwr_ex.o
                0x00000000080060d0                HAL_PWREx_ControlVoltageScaling
 .text.HAL_RCC_OscConfig
                0x00000000080061cc      0x4a4 Drivers/STM32G4xx_HAL_Driver/stm32g4xx_hal_rcc.o
                0x00000000080061cc                HAL_RCC_OscConfig
 .text.HAL_RCC_ClockConfig
                0x0000000008006670      0x2dc Drivers/STM32G4xx_HAL_Driver/stm32g4xx_hal_rcc.o
                0x0000000008006670                HAL_RCC_ClockConfig
 .text.HAL_RCC_GetSysClockFreq
                0x000000000800694c       0x70 Drivers/STM32G4xx_HAL_Driver/stm32g4xx_hal_rcc.o
                0x000000000800694c                HAL_RCC_GetSysClockFreq
 .text.HAL_RCC_GetHCLKFreq
                0x00000000080069bc        0xc Drivers/STM32G4xx_HAL_Driver/stm32g4xx_hal_rcc.o
                0x00000000080069bc                HAL_RCC_GetHCLKFreq
 .text.HAL_RCC_GetPCLK1Freq
                0x00000000080069c8       0x24 Drivers/STM32G4xx_HAL_Driver/stm32g4xx_hal_rcc.o
                0x00000000080069c8                HAL_RCC_GetPCLK1Freq
 .text.HAL_RCC_GetPCLK2Freq
                0x00000000080069ec       0x24 Drivers/STM32G4xx_HAL_Driver/stm32g4xx_hal_rcc.o
                0x00000000080069ec                HAL_RCC_GetPCLK2Freq
 .text.HAL_RCCEx_PeriphCLKConfig
                0x0000000008006a10      0x298 Drivers/STM32G4xx_HAL_Driver/stm32g4xx_hal_rcc_ex.o
                0x0000000008006a10                HAL_RCCEx_PeriphCLKConfig
 .text.HAL_TIM_Base_Init
                0x0000000008006ca8      0x110 Drivers/STM32G4xx_HAL_Driver/stm32g4xx_hal_tim.o
                0x0000000008006ca8                HAL_TIM_Base_Init
 .text.HAL_TIM_Base_Start_IT
                0x0000000008006db8       0x2c Drivers/STM32G4xx_HAL_Driver/stm32g4xx_hal_tim.o
                0x0000000008006db8                HAL_TIM_Base_Start_IT
 .text.HAL_TIM_PWM_MspInit
                0x0000000008006de4        0x4 Drivers/STM32G4xx_HAL_Driver/stm32g4xx_hal_tim.o
                0x0000000008006de4                HAL_TIM_PWM_MspInit
 .text.HAL_TIM_PWM_Init
                0x0000000008006de8      0x110 Drivers/STM32G4xx_HAL_Driver/stm32g4xx_hal_tim.o
                0x0000000008006de8                HAL_TIM_PWM_Init
 .text.HAL_TIM_Encoder_Init
                0x0000000008006ef8      0x190 Drivers/STM32G4xx_HAL_Driver/stm32g4xx_hal_tim.o
                0x0000000008006ef8                HAL_TIM_Encoder_Init
 .text.HAL_TIM_PWM_ConfigChannel
                0x0000000008007088      0x3bc Drivers/STM32G4xx_HAL_Driver/stm32g4xx_hal_tim.o
                0x0000000008007088                HAL_TIM_PWM_ConfigChannel
 .text.HAL_TIM_ConfigClockSource
                0x0000000008007444      0x190 Drivers/STM32G4xx_HAL_Driver/stm32g4xx_hal_tim.o
                0x0000000008007444                HAL_TIM_ConfigClockSource
 .text.HAL_TIM_SlaveConfigSynchro
                0x00000000080075d4      0x104 Drivers/STM32G4xx_HAL_Driver/stm32g4xx_hal_tim.o
                0x00000000080075d4                HAL_TIM_SlaveConfigSynchro
 .text.HAL_TIM_PeriodElapsedCallback
                0x00000000080076d8        0x4 Drivers/STM32G4xx_HAL_Driver/stm32g4xx_hal_tim.o
                0x00000000080076d8                HAL_TIM_PeriodElapsedCallback
 .text.HAL_TIM_OC_DelayElapsedCallback
                0x00000000080076dc        0x4 Drivers/STM32G4xx_HAL_Driver/stm32g4xx_hal_tim.o
                0x00000000080076dc                HAL_TIM_OC_DelayElapsedCallback
 .text.HAL_TIM_IC_CaptureCallback
                0x00000000080076e0        0x4 Drivers/STM32G4xx_HAL_Driver/stm32g4xx_hal_tim.o
                0x00000000080076e0                HAL_TIM_IC_CaptureCallback
 .text.HAL_TIM_PWM_PulseFinishedCallback
                0x00000000080076e4        0x4 Drivers/STM32G4xx_HAL_Driver/stm32g4xx_hal_tim.o
                0x00000000080076e4                HAL_TIM_PWM_PulseFinishedCallback
 .text.HAL_TIM_TriggerCallback
                0x00000000080076e8        0x4 Drivers/STM32G4xx_HAL_Driver/stm32g4xx_hal_tim.o
                0x00000000080076e8                HAL_TIM_TriggerCallback
 .text.HAL_TIM_IRQHandler
                0x00000000080076ec      0x1f4 Drivers/STM32G4xx_HAL_Driver/stm32g4xx_hal_tim.o
                0x00000000080076ec                HAL_TIM_IRQHandler
 .text.HAL_TIMEx_MasterConfigSynchronization
                0x00000000080078e0       0x64 Drivers/STM32G4xx_HAL_Driver/stm32g4xx_hal_tim_ex.o
                0x00000000080078e0                HAL_TIMEx_MasterConfigSynchronization
 .text.HAL_TIMEx_ConfigBreakDeadTime
                0x0000000008007944       0x9c Drivers/STM32G4xx_HAL_Driver/stm32g4xx_hal_tim_ex.o
                0x0000000008007944                HAL_TIMEx_ConfigBreakDeadTime
 .text.HAL_TIMEx_ConfigBreakInput
                0x00000000080079e0       0xb4 Drivers/STM32G4xx_HAL_Driver/stm32g4xx_hal_tim_ex.o
                0x00000000080079e0                HAL_TIMEx_ConfigBreakInput
 .text.HAL_TIMEx_CommutCallback
                0x0000000008007a94        0x4 Drivers/STM32G4xx_HAL_Driver/stm32g4xx_hal_tim_ex.o
                0x0000000008007a94                HAL_TIMEx_CommutCallback
 .text.HAL_TIMEx_BreakCallback
                0x0000000008007a98        0x4 Drivers/STM32G4xx_HAL_Driver/stm32g4xx_hal_tim_ex.o
                0x0000000008007a98                HAL_TIMEx_BreakCallback
 .text.HAL_TIMEx_Break2Callback
                0x0000000008007a9c        0x4 Drivers/STM32G4xx_HAL_Driver/stm32g4xx_hal_tim_ex.o
                0x0000000008007a9c                HAL_TIMEx_Break2Callback
 .text.HAL_TIMEx_EncoderIndexCallback
                0x0000000008007aa0        0x4 Drivers/STM32G4xx_HAL_Driver/stm32g4xx_hal_tim_ex.o
                0x0000000008007aa0                HAL_TIMEx_EncoderIndexCallback
 .text.HAL_TIMEx_DirectionChangeCallback
                0x0000000008007aa4        0x4 Drivers/STM32G4xx_HAL_Driver/stm32g4xx_hal_tim_ex.o
                0x0000000008007aa4                HAL_TIMEx_DirectionChangeCallback
 .text.HAL_TIMEx_IndexErrorCallback
                0x0000000008007aa8        0x4 Drivers/STM32G4xx_HAL_Driver/stm32g4xx_hal_tim_ex.o
                0x0000000008007aa8                HAL_TIMEx_IndexErrorCallback
 .text.HAL_TIMEx_TransitionErrorCallback
                0x0000000008007aac        0x4 Drivers/STM32G4xx_HAL_Driver/stm32g4xx_hal_tim_ex.o
                0x0000000008007aac                HAL_TIMEx_TransitionErrorCallback
 .text.HAL_UART_DeInit
                0x0000000008007ab0       0x3c Drivers/STM32G4xx_HAL_Driver/stm32g4xx_hal_uart.o
                0x0000000008007ab0                HAL_UART_DeInit
 .text.HAL_UART_Receive
                0x0000000008007aec      0x148 Drivers/STM32G4xx_HAL_Driver/stm32g4xx_hal_uart.o
                0x0000000008007aec                HAL_UART_Receive
 .text.HAL_UART_Transmit_DMA
                0x0000000008007c34       0x9c Drivers/STM32G4xx_HAL_Driver/stm32g4xx_hal_uart.o
                0x0000000008007c34                HAL_UART_Transmit_DMA
 .text.HAL_UART_DMAStop
                0x0000000008007cd0       0xac Drivers/STM32G4xx_HAL_Driver/stm32g4xx_hal_uart.o
                0x0000000008007cd0                HAL_UART_DMAStop
 .text.UART_DMATransmitCplt
                0x0000000008007d7c       0x2c Drivers/STM32G4xx_HAL_Driver/stm32g4xx_hal_uart.o
 .text.HAL_UART_TxHalfCpltCallback
                0x0000000008007da8        0x4 Drivers/STM32G4xx_HAL_Driver/stm32g4xx_hal_uart.o
                0x0000000008007da8                HAL_UART_TxHalfCpltCallback
 .text.UART_DMATxHalfCplt
                0x0000000008007dac        0xc Drivers/STM32G4xx_HAL_Driver/stm32g4xx_hal_uart.o
 .text.HAL_UART_ErrorCallback
                0x0000000008007db8        0x4 Drivers/STM32G4xx_HAL_Driver/stm32g4xx_hal_uart.o
                0x0000000008007db8                HAL_UART_ErrorCallback
 .text.UART_DMAError
                0x0000000008007dbc       0x78 Drivers/STM32G4xx_HAL_Driver/stm32g4xx_hal_uart.o
 .text.UART_AdvFeatureConfig
                0x0000000008007e34       0xb0 Drivers/STM32G4xx_HAL_Driver/stm32g4xx_hal_uart.o
                0x0000000008007e34                UART_AdvFeatureConfig
 *fill*         0x0000000008007ee4        0x4 
 .text.HAL_UART_Init
                0x0000000008007ee8      0xbc8 Drivers/STM32G4xx_HAL_Driver/stm32g4xx_hal_uart.o
                0x0000000008007ee8                HAL_UART_Init
 .text.HAL_UARTEx_DisableFifoMode
                0x0000000008008ab0       0x3c Drivers/STM32G4xx_HAL_Driver/stm32g4xx_hal_uart_ex.o
                0x0000000008008ab0                HAL_UARTEx_DisableFifoMode
 .text.HAL_UARTEx_SetTxFifoThreshold
                0x0000000008008aec       0xa4 Drivers/STM32G4xx_HAL_Driver/stm32g4xx_hal_uart_ex.o
                0x0000000008008aec                HAL_UARTEx_SetTxFifoThreshold
 .text.HAL_UARTEx_SetRxFifoThreshold
                0x0000000008008b90       0xa4 Drivers/STM32G4xx_HAL_Driver/stm32g4xx_hal_uart_ex.o
                0x0000000008008b90                HAL_UARTEx_SetRxFifoThreshold
 .text.VBS_GetAvBusVoltage_V
                0x0000000008008c34        0xc Middlewares/MotorControl/bus_voltage_sensor.o
                0x0000000008008c34                VBS_GetAvBusVoltage_V
 .text.Circle_Limitation
                0x0000000008008c40       0x64 Middlewares/MotorControl/circle_limitation.o
                0x0000000008008c40                Circle_Limitation
 .text.DAC_SetChannelConfig
                0x0000000008008ca4        0x8 Middlewares/MotorControl/dac_common_ui.o
                0x0000000008008ca4                DAC_SetChannelConfig
 .text.DAC_GetChannelConfig
                0x0000000008008cac        0x8 Middlewares/MotorControl/dac_common_ui.o
                0x0000000008008cac                DAC_GetChannelConfig
 .text.DAC_SetUserChannelValue
                0x0000000008008cb4        0x8 Middlewares/MotorControl/dac_common_ui.o
                0x0000000008008cb4                DAC_SetUserChannelValue
 .text.DAC_GetUserChannelValue
                0x0000000008008cbc        0xc Middlewares/MotorControl/dac_common_ui.o
                0x0000000008008cbc                DAC_GetUserChannelValue
 .text.EAC_Init
                0x0000000008008cc8       0x14 Middlewares/MotorControl/enc_align_ctrl.o
                0x0000000008008cc8                EAC_Init
 .text.EAC_StartAlignment
                0x0000000008008cdc       0x50 Middlewares/MotorControl/enc_align_ctrl.o
                0x0000000008008cdc                EAC_StartAlignment
 .text.EAC_Exec
                0x0000000008008d2c       0x30 Middlewares/MotorControl/enc_align_ctrl.o
                0x0000000008008d2c                EAC_Exec
 .text.EAC_IsAligned
                0x0000000008008d5c        0x4 Middlewares/MotorControl/enc_align_ctrl.o
                0x0000000008008d5c                EAC_IsAligned
 .text.EAC_SetRestartState
                0x0000000008008d60        0x4 Middlewares/MotorControl/enc_align_ctrl.o
                0x0000000008008d60                EAC_SetRestartState
 .text.EAC_GetRestartState
                0x0000000008008d64        0x4 Middlewares/MotorControl/enc_align_ctrl.o
                0x0000000008008d64                EAC_GetRestartState
 .text.ENC_Init
                0x0000000008008d68       0x7c Middlewares/MotorControl/encoder_speed_pos_fdbk.o
                0x0000000008008d68                ENC_Init
 .text.ENC_Clear
                0x0000000008008de4       0x24 Middlewares/MotorControl/encoder_speed_pos_fdbk.o
                0x0000000008008de4                ENC_Clear
 .text.ENC_CalcAngle
                0x0000000008008e08       0x40 Middlewares/MotorControl/encoder_speed_pos_fdbk.o
                0x0000000008008e08                ENC_CalcAngle
 .text.ENC_CalcAvrgMecSpeedUnit
                0x0000000008008e48      0x194 Middlewares/MotorControl/encoder_speed_pos_fdbk.o
                0x0000000008008e48                ENC_CalcAvrgMecSpeedUnit
 .text.ENC_SetMecAngle
                0x0000000008008fdc       0x34 Middlewares/MotorControl/encoder_speed_pos_fdbk.o
                0x0000000008008fdc                ENC_SetMecAngle
 .text.ENC_IRQHandler
                0x0000000008009010       0x14 Middlewares/MotorControl/encoder_speed_pos_fdbk.o
                0x0000000008009010                ENC_IRQHandler
 .text.FCP_Init
                0x0000000008009024       0x1c Middlewares/MotorControl/frame_communication_protocol.o
                0x0000000008009024                FCP_Init
 .text.FCP_SetClient
                0x0000000008009040       0x10 Middlewares/MotorControl/frame_communication_protocol.o
                0x0000000008009040                FCP_SetClient
 .text.FCP_CalcCRC
                0x0000000008009050       0x2c Middlewares/MotorControl/frame_communication_protocol.o
                0x0000000008009050                FCP_CalcCRC
 .text.MPM_Clear
                0x000000000800907c       0x14 Middlewares/MotorControl/motor_power_measurement.o
                0x000000000800907c                MPM_Clear
 .text.MPM_CalcElMotorPower
                0x0000000008009090       0x40 Middlewares/MotorControl/motor_power_measurement.o
                0x0000000008009090                MPM_CalcElMotorPower
 .text.MPM_GetAvrgElMotorPowerW
                0x00000000080090d0        0x8 Middlewares/MotorControl/motor_power_measurement.o
                0x00000000080090d0                MPM_GetAvrgElMotorPowerW
 .text.NTC_SetFaultState
                0x00000000080090d8       0x1c Middlewares/MotorControl/ntc_temperature_sensor.o
                0x00000000080090d8                NTC_SetFaultState
 .text.NTC_Clear
                0x00000000080090f4        0x8 Middlewares/MotorControl/ntc_temperature_sensor.o
                0x00000000080090f4                NTC_Clear
 .text.NTC_Init
                0x00000000080090fc       0x24 Middlewares/MotorControl/ntc_temperature_sensor.o
                0x00000000080090fc                NTC_Init
 .text.NTC_CalcAvTemp
                0x0000000008009120       0x3c Middlewares/MotorControl/ntc_temperature_sensor.o
                0x0000000008009120                NTC_CalcAvTemp
 .text.NTC_GetAvTemp_C
                0x000000000800915c       0x2c Middlewares/MotorControl/ntc_temperature_sensor.o
                0x000000000800915c                NTC_GetAvTemp_C
 .text.PID_HandleInit
                0x0000000008009188       0x10 Middlewares/MotorControl/pid_regulator.o
                0x0000000008009188                PID_HandleInit
 .text.PID_SetKP
                0x0000000008009198        0x4 Middlewares/MotorControl/pid_regulator.o
                0x0000000008009198                PID_SetKP
 .text.PID_SetKI
                0x000000000800919c        0x4 Middlewares/MotorControl/pid_regulator.o
                0x000000000800919c                PID_SetKI
 .text.PID_GetKP
                0x00000000080091a0        0x8 Middlewares/MotorControl/pid_regulator.o
                0x00000000080091a0                PID_GetKP
 .text.PID_GetKI
                0x00000000080091a8        0x8 Middlewares/MotorControl/pid_regulator.o
                0x00000000080091a8                PID_GetKI
 .text.PID_SetIntegralTerm
                0x00000000080091b0        0x4 Middlewares/MotorControl/pid_regulator.o
                0x00000000080091b0                PID_SetIntegralTerm
 .text.PID_GetKPDivisor
                0x00000000080091b4        0x4 Middlewares/MotorControl/pid_regulator.o
                0x00000000080091b4                PID_GetKPDivisor
 .text.PID_GetKIDivisor
                0x00000000080091b8        0x4 Middlewares/MotorControl/pid_regulator.o
                0x00000000080091b8                PID_GetKIDivisor
 .text.PID_SetKD
                0x00000000080091bc        0x4 Middlewares/MotorControl/pid_regulator.o
                0x00000000080091bc                PID_SetKD
 .text.PID_GetKD
                0x00000000080091c0        0x8 Middlewares/MotorControl/pid_regulator.o
                0x00000000080091c0                PID_GetKD
 .text.PI_Controller
                0x00000000080091c8       0x88 Middlewares/MotorControl/pid_regulator.o
                0x00000000080091c8                PI_Controller
 .text.PQD_CalcElMotorPower
                0x0000000008009250       0x6c Middlewares/MotorControl/pqd_motor_power_measurement.o
                0x0000000008009250                PQD_CalcElMotorPower
 .text.startTimers
                0x00000000080092bc       0x70 Middlewares/MotorControl/pwm_common.o
                0x00000000080092bc                startTimers
 .text.waitForPolarizationEnd
                0x000000000800932c       0x40 Middlewares/MotorControl/pwm_common.o
                0x000000000800932c                waitForPolarizationEnd
 .text.PWMC_GetPhaseCurrents
                0x000000000800936c        0x4 Middlewares/MotorControl/pwm_curr_fdbk.o
                0x000000000800936c                PWMC_GetPhaseCurrents
 .text.PWMC_SetPhaseVoltage
                0x0000000008009370      0x228 Middlewares/MotorControl/pwm_curr_fdbk.o
                0x0000000008009370                PWMC_SetPhaseVoltage
 .text.PWMC_SwitchOffPWM
                0x0000000008009598        0x4 Middlewares/MotorControl/pwm_curr_fdbk.o
                0x0000000008009598                PWMC_SwitchOffPWM
 .text.PWMC_CurrentReadingCalibr
                0x000000000800959c       0x54 Middlewares/MotorControl/pwm_curr_fdbk.o
                0x000000000800959c                PWMC_CurrentReadingCalibr
 .text.PWMC_CheckOverCurrent
                0x00000000080095f0        0x4 Middlewares/MotorControl/pwm_curr_fdbk.o
                0x00000000080095f0                PWMC_CheckOverCurrent
 .text.R3_2_GetPhaseCurrents
                0x00000000080095f4      0x18c Middlewares/MotorControl/r3_2_g4xx_pwm_curr_fdbk.o
                0x00000000080095f4                R3_2_GetPhaseCurrents
 .text.R3_2_SetADCSampPointPolarization
                0x0000000008009780       0x3c Middlewares/MotorControl/r3_2_g4xx_pwm_curr_fdbk.o
                0x0000000008009780                R3_2_SetADCSampPointPolarization
 .text.R3_2_SetADCSampPointSectX
                0x00000000080097bc       0x74 Middlewares/MotorControl/r3_2_g4xx_pwm_curr_fdbk.o
                0x00000000080097bc                R3_2_SetADCSampPointSectX
 .text.R3_2_HFCurrentsPolarizationAB
                0x0000000008009830       0x44 Middlewares/MotorControl/r3_2_g4xx_pwm_curr_fdbk.o
 .text.R3_2_HFCurrentsPolarizationC
                0x0000000008009874       0x3c Middlewares/MotorControl/r3_2_g4xx_pwm_curr_fdbk.o
 .text.R3_2_TurnOnLowSides
                0x00000000080098b0       0x50 Middlewares/MotorControl/r3_2_g4xx_pwm_curr_fdbk.o
                0x00000000080098b0                R3_2_TurnOnLowSides
 .text.R3_2_SwitchOnPWM
                0x0000000008009900       0x88 Middlewares/MotorControl/r3_2_g4xx_pwm_curr_fdbk.o
                0x0000000008009900                R3_2_SwitchOnPWM
 .text.R3_2_SwitchOffPWM
                0x0000000008009988       0x5c Middlewares/MotorControl/r3_2_g4xx_pwm_curr_fdbk.o
                0x0000000008009988                R3_2_SwitchOffPWM
 .text.R3_2_RLGetPhaseCurrents
                0x00000000080099e4       0x58 Middlewares/MotorControl/r3_2_g4xx_pwm_curr_fdbk.o
 .text.R3_2_RLTurnOnLowSides
                0x0000000008009a3c       0x44 Middlewares/MotorControl/r3_2_g4xx_pwm_curr_fdbk.o
 .text.R3_2_RLSwitchOnPWM
                0x0000000008009a80       0xa4 Middlewares/MotorControl/r3_2_g4xx_pwm_curr_fdbk.o
 .text.R3_2_Init
                0x0000000008009b24      0x4c0 Middlewares/MotorControl/r3_2_g4xx_pwm_curr_fdbk.o
                0x0000000008009b24                R3_2_Init
 .text.R3_2_CurrentReadingPolarization
                0x0000000008009fe4      0x134 Middlewares/MotorControl/r3_2_g4xx_pwm_curr_fdbk.o
                0x0000000008009fe4                R3_2_CurrentReadingPolarization
 .text.R3_2_TIMx_UP_IRQHandler
                0x000000000800a118       0x98 Middlewares/MotorControl/r3_2_g4xx_pwm_curr_fdbk.o
                0x000000000800a118                R3_2_TIMx_UP_IRQHandler
 .text.R3_2_BRK2_IRQHandler
                0x000000000800a1b0       0x40 Middlewares/MotorControl/r3_2_g4xx_pwm_curr_fdbk.o
                0x000000000800a1b0                R3_2_BRK2_IRQHandler
 .text.R3_2_BRK_IRQHandler
                0x000000000800a1f0       0x20 Middlewares/MotorControl/r3_2_g4xx_pwm_curr_fdbk.o
                0x000000000800a1f0                R3_2_BRK_IRQHandler
 .text.R3_2_IsOverCurrentOccurred
                0x000000000800a210       0x28 Middlewares/MotorControl/r3_2_g4xx_pwm_curr_fdbk.o
                0x000000000800a210                R3_2_IsOverCurrentOccurred
 .text.R3_2_RLDetectionModeEnable
                0x000000000800a238       0xd0 Middlewares/MotorControl/r3_2_g4xx_pwm_curr_fdbk.o
                0x000000000800a238                R3_2_RLDetectionModeEnable
 .text.R3_2_RLDetectionModeDisable
                0x000000000800a308      0x128 Middlewares/MotorControl/r3_2_g4xx_pwm_curr_fdbk.o
                0x000000000800a308                R3_2_RLDetectionModeDisable
 .text.R3_2_RLDetectionModeSetDuty
                0x000000000800a430       0x6c Middlewares/MotorControl/r3_2_g4xx_pwm_curr_fdbk.o
                0x000000000800a430                R3_2_RLDetectionModeSetDuty
 .text.RVBS_Clear
                0x000000000800a49c       0x3c Middlewares/MotorControl/r_divider_bus_voltage_sensor.o
                0x000000000800a49c                RVBS_Clear
 .text.RVBS_Init
                0x000000000800a4d8       0x18 Middlewares/MotorControl/r_divider_bus_voltage_sensor.o
                0x000000000800a4d8                RVBS_Init
 .text.RVBS_CheckFaultState
                0x000000000800a4f0       0x18 Middlewares/MotorControl/r_divider_bus_voltage_sensor.o
                0x000000000800a4f0                RVBS_CheckFaultState
 .text.RVBS_CalcAvVbus
                0x000000000800a508       0x6c Middlewares/MotorControl/r_divider_bus_voltage_sensor.o
                0x000000000800a508                RVBS_CalcAvVbus
 .text.REMNG_Init
                0x000000000800a574       0x10 Middlewares/MotorControl/ramp_ext_mngr.o
                0x000000000800a574                REMNG_Init
 .text.SPD_GetElAngle
                0x000000000800a584        0x8 Middlewares/MotorControl/speed_pos_fdbk.o
                0x000000000800a584                SPD_GetElAngle
 .text.SPD_GetAvrgMecSpeedUnit
                0x000000000800a58c        0x8 Middlewares/MotorControl/speed_pos_fdbk.o
                0x000000000800a58c                SPD_GetAvrgMecSpeedUnit
 .text.SPD_GetInstElSpeedDpp
                0x000000000800a594        0x8 Middlewares/MotorControl/speed_pos_fdbk.o
                0x000000000800a594                SPD_GetInstElSpeedDpp
 .text.SPD_IsMecSpeedReliable
                0x000000000800a59c       0x60 Middlewares/MotorControl/speed_pos_fdbk.o
                0x000000000800a59c                SPD_IsMecSpeedReliable
 .text.SPD_GetS16Speed
                0x000000000800a5fc       0x14 Middlewares/MotorControl/speed_pos_fdbk.o
                0x000000000800a5fc                SPD_GetS16Speed
 .text.STC_Init
                0x000000000800a610       0x28 Middlewares/MotorControl/speed_torq_ctrl.o
                0x000000000800a610                STC_Init
 .text.STC_SetSpeedSensor
                0x000000000800a638        0x4 Middlewares/MotorControl/speed_torq_ctrl.o
                0x000000000800a638                STC_SetSpeedSensor
 .text.STC_GetSpeedSensor
                0x000000000800a63c        0x4 Middlewares/MotorControl/speed_torq_ctrl.o
                0x000000000800a63c                STC_GetSpeedSensor
 .text.STC_Clear
                0x000000000800a640       0x10 Middlewares/MotorControl/speed_torq_ctrl.o
                0x000000000800a640                STC_Clear
 .text.STC_GetMecSpeedRefUnit
                0x000000000800a650       0x10 Middlewares/MotorControl/speed_torq_ctrl.o
                0x000000000800a650                STC_GetMecSpeedRefUnit
 .text.STC_GetTorqueRef
                0x000000000800a660       0x10 Middlewares/MotorControl/speed_torq_ctrl.o
                0x000000000800a660                STC_GetTorqueRef
 .text.STC_SetControlMode
                0x000000000800a670        0x8 Middlewares/MotorControl/speed_torq_ctrl.o
                0x000000000800a670                STC_SetControlMode
 .text.STC_ExecRamp
                0x000000000800a678       0x94 Middlewares/MotorControl/speed_torq_ctrl.o
                0x000000000800a678                STC_ExecRamp
 .text.STC_StopRamp
                0x000000000800a70c        0x8 Middlewares/MotorControl/speed_torq_ctrl.o
                0x000000000800a70c                STC_StopRamp
 .text.STC_CalcTorqueReference
                0x000000000800a714       0x60 Middlewares/MotorControl/speed_torq_ctrl.o
                0x000000000800a714                STC_CalcTorqueReference
 .text.STC_GetMecSpeedRefUnitDefault
                0x000000000800a774        0x8 Middlewares/MotorControl/speed_torq_ctrl.o
                0x000000000800a774                STC_GetMecSpeedRefUnitDefault
 .text.STC_GetMaxAppPositiveMecSpeedUnit
                0x000000000800a77c        0x4 Middlewares/MotorControl/speed_torq_ctrl.o
                0x000000000800a77c                STC_GetMaxAppPositiveMecSpeedUnit
 .text.STC_GetMinAppNegativeMecSpeedUnit
                0x000000000800a780        0x8 Middlewares/MotorControl/speed_torq_ctrl.o
                0x000000000800a780                STC_GetMinAppNegativeMecSpeedUnit
 .text.STC_GetDefaultIqdref
                0x000000000800a788       0x18 Middlewares/MotorControl/speed_torq_ctrl.o
                0x000000000800a788                STC_GetDefaultIqdref
 .text.STC_ForceSpeedReferenceToCurrentSpeed
                0x000000000800a7a0       0x10 Middlewares/MotorControl/speed_torq_ctrl.o
                0x000000000800a7a0                STC_ForceSpeedReferenceToCurrentSpeed
 .text.STM_Init
                0x000000000800a7b0        0xc Middlewares/MotorControl/state_machine.o
                0x000000000800a7b0                STM_Init
 .text.STM_FaultProcessing
                0x000000000800a7bc       0x34 Middlewares/MotorControl/state_machine.o
                0x000000000800a7bc                STM_FaultProcessing
 .text.STM_NextState
                0x000000000800a7f0       0xe8 Middlewares/MotorControl/state_machine.o
                0x000000000800a7f0                STM_NextState
 .text.STM_GetState
                0x000000000800a8d8        0x4 Middlewares/MotorControl/state_machine.o
                0x000000000800a8d8                STM_GetState
 .text.STM_FaultAcknowledged
                0x000000000800a8dc       0x18 Middlewares/MotorControl/state_machine.o
                0x000000000800a8dc                STM_FaultAcknowledged
 .text.STM_GetFaultState
                0x000000000800a8f4        0xc Middlewares/MotorControl/state_machine.o
                0x000000000800a8f4                STM_GetFaultState
 .text.UFCP_Init
                0x000000000800a900        0x4 Middlewares/MotorControl/usart_frame_communication_protocol.o
                0x000000000800a900                UFCP_Init
 .text.UFCP_TX_IRQ_Handler
                0x000000000800a904       0x60 Middlewares/MotorControl/usart_frame_communication_protocol.o
                0x000000000800a904                UFCP_TX_IRQ_Handler
 .text.UFCP_Receive
                0x000000000800a964       0x24 Middlewares/MotorControl/usart_frame_communication_protocol.o
                0x000000000800a964                UFCP_Receive
 .text.UFCP_Send
                0x000000000800a988      0x124 Middlewares/MotorControl/usart_frame_communication_protocol.o
                0x000000000800a988                UFCP_Send
 .text.UFCP_RX_IRQ_Handler
                0x000000000800aaac       0xc4 Middlewares/MotorControl/usart_frame_communication_protocol.o
                0x000000000800aaac                UFCP_RX_IRQ_Handler
 .text.UFCP_OVR_IRQ_Handler
                0x000000000800ab70       0x1c Middlewares/MotorControl/usart_frame_communication_protocol.o
                0x000000000800ab70                UFCP_OVR_IRQ_Handler
 .text.UFCP_AbortReceive
                0x000000000800ab8c        0x8 Middlewares/MotorControl/usart_frame_communication_protocol.o
                0x000000000800ab8c                UFCP_AbortReceive
 .text.VSS_Clear
                0x000000000800ab94       0x28 Middlewares/MotorControl/virtual_speed_sensor.o
                0x000000000800ab94                VSS_Clear
 .text.VSS_Init
                0x000000000800abbc        0x8 Middlewares/MotorControl/virtual_speed_sensor.o
                0x000000000800abbc                VSS_Init
 .text.VSS_SetMecAngle
                0x000000000800abc4       0x10 Middlewares/MotorControl/virtual_speed_sensor.o
                0x000000000800abc4                VSS_SetMecAngle
 .text.VSS_SetMecAcceleration
                0x000000000800abd4       0x6c Middlewares/MotorControl/virtual_speed_sensor.o
                0x000000000800abd4                VSS_SetMecAcceleration
 .text.RUC_SetPhaseDurationms
                0x000000000800ac40        0xc ../../MCSDK_v5.4.3/MotorControl/lib\libmc-gcc_M4_NoCCMRAM.lib(revup_ctrl.o)
                0x000000000800ac40                RUC_SetPhaseDurationms
 .text.RUC_SetPhaseFinalMecSpeedUnit
                0x000000000800ac4c        0xc ../../MCSDK_v5.4.3/MotorControl/lib\libmc-gcc_M4_NoCCMRAM.lib(revup_ctrl.o)
                0x000000000800ac4c                RUC_SetPhaseFinalMecSpeedUnit
 .text.RUC_SetPhaseFinalTorque
                0x000000000800ac58        0xc ../../MCSDK_v5.4.3/MotorControl/lib\libmc-gcc_M4_NoCCMRAM.lib(revup_ctrl.o)
                0x000000000800ac58                RUC_SetPhaseFinalTorque
 .text.RUC_GetPhaseDurationms
                0x000000000800ac64        0xc ../../MCSDK_v5.4.3/MotorControl/lib\libmc-gcc_M4_NoCCMRAM.lib(revup_ctrl.o)
                0x000000000800ac64                RUC_GetPhaseDurationms
 .text.RUC_GetPhaseFinalMecSpeedUnit
                0x000000000800ac70       0x10 ../../MCSDK_v5.4.3/MotorControl/lib\libmc-gcc_M4_NoCCMRAM.lib(revup_ctrl.o)
                0x000000000800ac70                RUC_GetPhaseFinalMecSpeedUnit
 .text.RUC_GetPhaseFinalTorque
                0x000000000800ac80       0x10 ../../MCSDK_v5.4.3/MotorControl/lib\libmc-gcc_M4_NoCCMRAM.lib(revup_ctrl.o)
                0x000000000800ac80                RUC_GetPhaseFinalTorque
 .text.RUC_GetNumberOfPhases
                0x000000000800ac90        0x8 ../../MCSDK_v5.4.3/MotorControl/lib\libmc-gcc_M4_NoCCMRAM.lib(revup_ctrl.o)
                0x000000000800ac90                RUC_GetNumberOfPhases
 .text.__libc_init_array
                0x000000000800ac98       0x48 c:/st/stm32cubeide_1.2.0/stm32cubeide/plugins/com.st.stm32cube.ide.mcu.externaltools.gnu-tools-for-stm32.7-2018-q2-update.win32_1.0.0.201904181610/tools/bin/../lib/gcc/arm-none-eabi/7.3.1/../../../../arm-none-eabi/lib/thumb/v7e-m/fpv4-sp/hard\libc_nano.a(lib_a-init.o)
                0x000000000800ac98                __libc_init_array
 .text.memset   0x000000000800ace0       0x10 c:/st/stm32cubeide_1.2.0/stm32cubeide/plugins/com.st.stm32cube.ide.mcu.externaltools.gnu-tools-for-stm32.7-2018-q2-update.win32_1.0.0.201904181610/tools/bin/../lib/gcc/arm-none-eabi/7.3.1/../../../../arm-none-eabi/lib/thumb/v7e-m/fpv4-sp/hard\libc_nano.a(lib_a-memset.o)
                0x000000000800ace0                memset
 *(.glue_7)
 .glue_7        0x000000000800acf0        0x0 linker stubs
 *(.glue_7t)
 .glue_7t       0x000000000800acf0        0x0 linker stubs
 *(.eh_frame)
 .eh_frame      0x000000000800acf0        0x0 c:/st/stm32cubeide_1.2.0/stm32cubeide/plugins/com.st.stm32cube.ide.mcu.externaltools.gnu-tools-for-stm32.7-2018-q2-update.win32_1.0.0.201904181610/tools/bin/../lib/gcc/arm-none-eabi/7.3.1/thumb/v7e-m/fpv4-sp/hard/crtbegin.o
 *(.init)
 .init          0x000000000800acf0        0x4 c:/st/stm32cubeide_1.2.0/stm32cubeide/plugins/com.st.stm32cube.ide.mcu.externaltools.gnu-tools-for-stm32.7-2018-q2-update.win32_1.0.0.201904181610/tools/bin/../lib/gcc/arm-none-eabi/7.3.1/thumb/v7e-m/fpv4-sp/hard/crti.o
                0x000000000800acf0                _init
 .init          0x000000000800acf4        0x8 c:/st/stm32cubeide_1.2.0/stm32cubeide/plugins/com.st.stm32cube.ide.mcu.externaltools.gnu-tools-for-stm32.7-2018-q2-update.win32_1.0.0.201904181610/tools/bin/../lib/gcc/arm-none-eabi/7.3.1/thumb/v7e-m/fpv4-sp/hard/crtn.o
 *(.fini)
 .fini          0x000000000800acfc        0x4 c:/st/stm32cubeide_1.2.0/stm32cubeide/plugins/com.st.stm32cube.ide.mcu.externaltools.gnu-tools-for-stm32.7-2018-q2-update.win32_1.0.0.201904181610/tools/bin/../lib/gcc/arm-none-eabi/7.3.1/thumb/v7e-m/fpv4-sp/hard/crti.o
                0x000000000800acfc                _fini
 .fini          0x000000000800ad00        0x8 c:/st/stm32cubeide_1.2.0/stm32cubeide/plugins/com.st.stm32cube.ide.mcu.externaltools.gnu-tools-for-stm32.7-2018-q2-update.win32_1.0.0.201904181610/tools/bin/../lib/gcc/arm-none-eabi/7.3.1/thumb/v7e-m/fpv4-sp/hard/crtn.o
                0x000000000800ad08                . = ALIGN (0x4)
                0x000000000800ad08                _etext = .

.vfp11_veneer   0x000000000800ad08        0x0
 .vfp11_veneer  0x000000000800ad08        0x0 linker stubs

.v4_bx          0x000000000800ad08        0x0
 .v4_bx         0x000000000800ad08        0x0 linker stubs

.iplt           0x000000000800ad08        0x0
 .iplt          0x000000000800ad08        0x0 c:/st/stm32cubeide_1.2.0/stm32cubeide/plugins/com.st.stm32cube.ide.mcu.externaltools.gnu-tools-for-stm32.7-2018-q2-update.win32_1.0.0.201904181610/tools/bin/../lib/gcc/arm-none-eabi/7.3.1/thumb/v7e-m/fpv4-sp/hard/crtbegin.o

.rodata         0x000000000800ad08      0x294
                0x000000000800ad08                . = ALIGN (0x4)
 *(.rodata)
 .rodata        0x000000000800ad08        0x4 Application/User/main.o
 *(.rodata*)
 .rodata.R3_2_ParamsM1
                0x000000000800ad0c       0xc4 Application/User/mc_parameters.o
                0x000000000800ad0c                R3_2_ParamsM1
 .rodata.R3_3_OPAMPParamsM1
                0x000000000800add0       0x6c Application/User/mc_parameters.o
                0x000000000800add0                R3_3_OPAMPParamsM1
 .rodata.s_fwVer
                0x000000000800ae3c       0x20 Application/User/motorcontrol.o
                0x000000000800ae3c                s_fwVer
 .rodata.AHBPrescTable
                0x000000000800ae5c       0x10 Drivers/CMSIS/system_stm32g4xx.o
                0x000000000800ae5c                AHBPrescTable
 .rodata.APBPrescTable
                0x000000000800ae6c        0x8 Drivers/CMSIS/system_stm32g4xx.o
                0x000000000800ae6c                APBPrescTable
 .rodata.DLCtoBytes
                0x000000000800ae74       0x10 Drivers/STM32G4xx_HAL_Driver/stm32g4xx_hal_fdcan.o
 .rodata.CSWTCH.43
                0x000000000800ae84       0x40 Drivers/STM32G4xx_HAL_Driver/stm32g4xx_hal_tim_ex.o
 .rodata.CSWTCH.44
                0x000000000800aec4       0x40 Drivers/STM32G4xx_HAL_Driver/stm32g4xx_hal_tim_ex.o
 .rodata.CSWTCH.45
                0x000000000800af04       0x40 Drivers/STM32G4xx_HAL_Driver/stm32g4xx_hal_tim_ex.o
 .rodata.CSWTCH.46
                0x000000000800af44       0x40 Drivers/STM32G4xx_HAL_Driver/stm32g4xx_hal_tim_ex.o
 .rodata.CSWTCH.274
                0x000000000800af84        0x4 Drivers/STM32G4xx_HAL_Driver/stm32g4xx_hal_uart.o
 .rodata.CSWTCH.275
                0x000000000800af88        0xd Drivers/STM32G4xx_HAL_Driver/stm32g4xx_hal_uart.o
 *fill*         0x000000000800af95        0x1 
 .rodata.UFCP_Usart_Timeout_none
                0x000000000800af96        0x2 Middlewares/MotorControl/usart_frame_communication_protocol.o
 .rodata.UFCP_Usart_Timeout_start
                0x000000000800af98        0x2 Middlewares/MotorControl/usart_frame_communication_protocol.o
 .rodata.UFCP_Usart_Timeout_stop
                0x000000000800af9a        0x2 Middlewares/MotorControl/usart_frame_communication_protocol.o
                0x000000000800af9c                . = ALIGN (0x4)

.ARM.extab      0x000000000800af9c        0x0
                0x000000000800af9c                . = ALIGN (0x4)
 *(.ARM.extab* .gnu.linkonce.armextab.*)
                0x000000000800af9c                . = ALIGN (0x4)

.ARM            0x000000000800af9c        0x8
                0x000000000800af9c                . = ALIGN (0x4)
                0x000000000800af9c                __exidx_start = .
 *(.ARM.exidx*)
 .ARM.exidx     0x000000000800af9c        0x8 c:/st/stm32cubeide_1.2.0/stm32cubeide/plugins/com.st.stm32cube.ide.mcu.externaltools.gnu-tools-for-stm32.7-2018-q2-update.win32_1.0.0.201904181610/tools/bin/../lib/gcc/arm-none-eabi/7.3.1/thumb/v7e-m/fpv4-sp/hard\libgcc.a(_udivmoddi4.o)
                0x000000000800afa4                __exidx_end = .
                0x000000000800afa4                . = ALIGN (0x4)

.rel.dyn        0x000000000800afa4        0x0
 .rel.iplt      0x000000000800afa4        0x0 c:/st/stm32cubeide_1.2.0/stm32cubeide/plugins/com.st.stm32cube.ide.mcu.externaltools.gnu-tools-for-stm32.7-2018-q2-update.win32_1.0.0.201904181610/tools/bin/../lib/gcc/arm-none-eabi/7.3.1/thumb/v7e-m/fpv4-sp/hard/crtbegin.o

.preinit_array  0x000000000800afa4        0x0
                0x000000000800afa4                . = ALIGN (0x4)
                0x000000000800afa4                PROVIDE (__preinit_array_start = .)
 *(.preinit_array*)
                0x000000000800afa4                PROVIDE (__preinit_array_end = .)
                0x000000000800afa4                . = ALIGN (0x4)

.init_array     0x000000000800afa4        0x4
                0x000000000800afa4                . = ALIGN (0x4)
                0x000000000800afa4                PROVIDE (__init_array_start = .)
 *(SORT_BY_NAME(.init_array.*))
 *(.init_array*)
 .init_array    0x000000000800afa4        0x4 c:/st/stm32cubeide_1.2.0/stm32cubeide/plugins/com.st.stm32cube.ide.mcu.externaltools.gnu-tools-for-stm32.7-2018-q2-update.win32_1.0.0.201904181610/tools/bin/../lib/gcc/arm-none-eabi/7.3.1/thumb/v7e-m/fpv4-sp/hard/crtbegin.o
                0x000000000800afa8                PROVIDE (__init_array_end = .)
                0x000000000800afa8                . = ALIGN (0x4)

.fini_array     0x000000000800afa8        0x4
                0x000000000800afa8                . = ALIGN (0x4)
                [!provide]                        PROVIDE (__fini_array_start = .)
 *(SORT_BY_NAME(.fini_array.*))
 *(.fini_array*)
 .fini_array    0x000000000800afa8        0x4 c:/st/stm32cubeide_1.2.0/stm32cubeide/plugins/com.st.stm32cube.ide.mcu.externaltools.gnu-tools-for-stm32.7-2018-q2-update.win32_1.0.0.201904181610/tools/bin/../lib/gcc/arm-none-eabi/7.3.1/thumb/v7e-m/fpv4-sp/hard/crtbegin.o
                [!provide]                        PROVIDE (__fini_array_end = .)
                0x000000000800afac                . = ALIGN (0x4)
                0x000000000800afac                _sidata = LOADADDR (.data)

.data           0x0000000020000000      0x60c load address 0x000000000800afac
                0x0000000020000000                . = ALIGN (0x4)
                0x0000000020000000                _sdata = .
 *(.data)
 *(.data*)
 .data.CircleLimitationM1
                0x0000000020000000       0xb4 Application/User/mc_config.o
                0x0000000020000000                CircleLimitationM1
 .data.DAC_UI_Params
                0x00000000200000b4       0x3c Application/User/mc_config.o
                0x00000000200000b4                DAC_UI_Params
 .data.ENCODER_M1
                0x00000000200000f0       0x7c Application/User/mc_config.o
                0x00000000200000f0                ENCODER_M1
 .data.EncAlignCtrlM1
                0x000000002000016c       0x1c Application/User/mc_config.o
                0x000000002000016c                EncAlignCtrlM1
 .data.PIDIdHandle_M1
                0x0000000020000188       0x2c Application/User/mc_config.o
                0x0000000020000188                PIDIdHandle_M1
 .data.PIDIqHandle_M1
                0x00000000200001b4       0x2c Application/User/mc_config.o
                0x00000000200001b4                PIDIqHandle_M1
 .data.PIDSpeedHandle_M1
                0x00000000200001e0       0x2c Application/User/mc_config.o
                0x00000000200001e0                PIDSpeedHandle_M1
 .data.PQD_MotorPowMeasM1
                0x000000002000020c      0x114 Application/User/mc_config.o
                0x000000002000020c                PQD_MotorPowMeasM1
 .data.PWM_Handle_M1
                0x0000000020000320       0x78 Application/User/mc_config.o
                0x0000000020000320                PWM_Handle_M1
 .data.RampExtMngrHFParamsM1
                0x0000000020000398       0x18 Application/User/mc_config.o
                0x0000000020000398                RampExtMngrHFParamsM1
 .data.RealBusVoltageSensorParamsM1
                0x00000000200003b0       0x28 Application/User/mc_config.o
                0x00000000200003b0                RealBusVoltageSensorParamsM1
 .data.SpeednTorqCtrlM1
                0x00000000200003d8       0x34 Application/User/mc_config.o
                0x00000000200003d8                SpeednTorqCtrlM1
 .data.TempSensorParamsM1
                0x000000002000040c       0x28 Application/User/mc_config.o
                0x000000002000040c                TempSensorParamsM1
 .data.UI_Params
                0x0000000020000434       0x30 Application/User/mc_config.o
                0x0000000020000434                UI_Params
 .data.VirtualSpeedSensorM1
                0x0000000020000464       0x38 Application/User/mc_config.o
                0x0000000020000464                VirtualSpeedSensorM1
 .data.pUSART   0x000000002000049c      0x13c Application/User/mc_config.o
                0x000000002000049c                pUSART
 .data.wConfig  0x00000000200005d8        0x4 Application/User/motorcontrol.o
                0x00000000200005d8                wConfig
 .data.SystickDividerCounter.17386
                0x00000000200005dc        0x1 Application/User/stm32g4xx_mc_it.o
 *fill*         0x00000000200005dd        0x1 
 .data.bCOMATRTimeCounter
                0x00000000200005de        0x2 Application/User/ui_task.o
 .data.SystemCoreClock
                0x00000000200005e0        0x4 Drivers/CMSIS/system_stm32g4xx.o
                0x00000000200005e0                SystemCoreClock
 .data.uwTickFreq
                0x00000000200005e4        0x4 Drivers/STM32G4xx_HAL_Driver/stm32g4xx_hal.o
                0x00000000200005e4                uwTickFreq
 .data.uwTickPrio
                0x00000000200005e8        0x4 Drivers/STM32G4xx_HAL_Driver/stm32g4xx_hal.o
                0x00000000200005e8                uwTickPrio
 .data.pFlash   0x00000000200005ec       0x20 Drivers/STM32G4xx_HAL_Driver/stm32g4xx_hal_flash.o
                0x00000000200005ec                pFlash
                0x000000002000060c                . = ALIGN (0x4)
                0x000000002000060c                _edata = .

.igot.plt       0x000000002000060c        0x0 load address 0x000000000800b5b8
 .igot.plt      0x000000002000060c        0x0 c:/st/stm32cubeide_1.2.0/stm32cubeide/plugins/com.st.stm32cube.ide.mcu.externaltools.gnu-tools-for-stm32.7-2018-q2-update.win32_1.0.0.201904181610/tools/bin/../lib/gcc/arm-none-eabi/7.3.1/thumb/v7e-m/fpv4-sp/hard/crtbegin.o
                0x000000002000060c                . = ALIGN (0x4)

.bss            0x0000000020000610      0x790 load address 0x000000000800b5b8
                0x0000000020000610                _sbss = .
                0x0000000020000610                __bss_start__ = _sbss
 *(.bss)
 .bss           0x0000000020000610       0x1c c:/st/stm32cubeide_1.2.0/stm32cubeide/plugins/com.st.stm32cube.ide.mcu.externaltools.gnu-tools-for-stm32.7-2018-q2-update.win32_1.0.0.201904181610/tools/bin/../lib/gcc/arm-none-eabi/7.3.1/thumb/v7e-m/fpv4-sp/hard/crtbegin.o
 *(.bss*)
 .bss.bMCBootCompleted
                0x000000002000062c        0x1 Application/User/mc_tasks.o
                0x000000002000062c                bMCBootCompleted
 *fill*         0x000000002000062d        0x1 
 .bss.hBootCapDelayCounterM1
                0x000000002000062e        0x2 Application/User/mc_tasks.o
 .bss.hMFTaskCounterM1
                0x0000000020000630        0x2 Application/User/mc_tasks.o
 .bss.hStopPermanencyCounterM1
                0x0000000020000632        0x2 Application/User/mc_tasks.o
 .bss.MPInfo    0x0000000020000634        0x8 Application/User/motor_control_protocol.o
                0x0000000020000634                MPInfo
 .bss.HAL_RCC_ADC12_CLK_ENABLED
                0x000000002000063c        0x4 Application/User/stm32g4xx_hal_msp.o
 .bss.msCounter
                0x0000000020000640        0x4 Application/User/stm32g4xx_it.o
                0x0000000020000640                msCounter
 .bss.bCOMTimeoutCounter
                0x0000000020000644        0x2 Application/User/ui_task.o
 .bss.bUITaskCounter
                0x0000000020000646        0x2 Application/User/ui_task.o
 .bss.pDAC      0x0000000020000648        0x4 Application/User/ui_task.o
                0x0000000020000648                pDAC
 .bss.pMCP      0x000000002000064c        0x4 Application/User/ui_task.o
                0x000000002000064c                pMCP
 *(COMMON)
 COMMON         0x0000000020000650       0x70 Application/User/customESC.o
                0x0000000020000650                CAN_RX_Buffer
                0x000000002000065a                CAN_RX_Mailbox
                0x000000002000065c                RXHeader
                0x0000000020000688                ESCRegister
                0x00000000200006b8                UART_RX_Buffer
                0x00000000200006bc                CAN_TX_Buffer
 COMMON         0x00000000200006c0      0x4e8 Application/User/main.o
                0x00000000200006c0                hdma_usart2_rx
                0x0000000020000720                hopamp2
                0x000000002000075c                htim4
                0x000000002000079c                hdac1
                0x00000000200007b0                hadc2
                0x000000002000081c                htim17
                0x000000002000085c                hopamp3
                0x0000000020000898                hcomp1
                0x00000000200008bc                htim3
                0x00000000200008fc                hopamp1
                0x0000000020000938                hcomp4
                0x000000002000095c                hadc1
                0x00000000200009c8                hdma_usart2_tx
                0x0000000020000a28                hcordic
                0x0000000020000a50                hfdcan1
                0x0000000020000ab4                start_motor_status
                0x0000000020000ab8                htim1
                0x0000000020000af8                hcomp2
                0x0000000020000b1c                huart2
 COMMON         0x0000000020000ba8        0xc Application/User/mc_config.o
                0x0000000020000ba8                RealBusVoltageSensorFilterBufferM1
 COMMON         0x0000000020000bb4       0xd8 Application/User/mc_tasks.o
                0x0000000020000bb4                pOCPDisabling
                0x0000000020000bb8                pTemperatureSensor
                0x0000000020000bbc                pwmcHandle
                0x0000000020000bc0                pPIDSpeed
                0x0000000020000bc4                pEAC
                0x0000000020000bc8                pPIDIq
                0x0000000020000bcc                oMCInterface
                0x0000000020000bd0                pR_Brake
                0x0000000020000bd4                FOCVars
                0x0000000020000bfc                MCT
                0x0000000020000c50                pCLM
                0x0000000020000c54                pBusSensorM1
                0x0000000020000c58                Mci
                0x0000000020000c74                STM
                0x0000000020000c7c                pREMNG
                0x0000000020000c80                pMPM
                0x0000000020000c84                pPIDId
                0x0000000020000c88                pSTC
 COMMON         0x0000000020000c8c        0x8 Application/User/motorcontrol.o
                0x0000000020000c8c                pMCI
                0x0000000020000c90                pMCT