stm32g4xx_ll_adc.h:4806:22:LL_ADC_INJ_SetQueueMode	16	static
stm32g4xx_ll_adc.h:6498:22:LL_ADC_DisableDeepPowerDown	16	static
stm32g4xx_ll_adc.h:6531:22:LL_ADC_EnableInternalRegulator	16	static
stm32g4xx_ll_adc.h:6561:26:LL_ADC_IsInternalRegulatorEnabled	16	static
stm32g4xx_ll_adc.h:6582:22:LL_ADC_Enable	16	static
stm32g4xx_ll_adc.h:6621:26:LL_ADC_IsEnabled	16	static
stm32g4xx_ll_adc.h:6660:22:LL_ADC_StartCalibration	16	static
stm32g4xx_ll_adc.h:6676:26:LL_ADC_IsCalibrationOnGoing	16	static
stm32g4xx_ll_adc.h:6932:22:LL_ADC_INJ_StartConversion	16	static
stm32g4xx_ll_adc.h:6952:22:LL_ADC_INJ_StopConversion	16	static
stm32g4xx_ll_adc.h:7135:26:LL_ADC_IsActiveFlag_ADRDY	16	static
stm32g4xx_ll_adc.h:7270:22:LL_ADC_ClearFlag_EOC	16	static
stm32g4xx_ll_adc.h:7314:22:LL_ADC_ClearFlag_JEOC	16	static
stm32g4xx_ll_adc.h:7325:22:LL_ADC_ClearFlag_JEOS	16	static
stm32g4xx_ll_adc.h:7720:22:LL_ADC_EnableIT_JEOS	16	static
stm32g4xx_ll_adc.h:7786:22:LL_ADC_DisableIT_EOC	16	static
stm32g4xx_ll_adc.h:7830:22:LL_ADC_DisableIT_JEOC	16	static
stm32g4xx_ll_system.h:1124:22:LL_DBGMCU_APB2_GRP1_FreezePeriph	16	static
stm32g4xx_ll_tim.h:1992:22:LL_TIM_DisableCounter	16	static
stm32g4xx_ll_tim.h:2224:22:LL_TIM_SetCounter	16	static
stm32g4xx_ll_tim.h:2324:22:LL_TIM_SetRepetitionCounter	16	static
stm32g4xx_ll_tim.h:2528:22:LL_TIM_CC_EnableChannel	16	static
stm32g4xx_ll_tim.h:2559:22:LL_TIM_CC_DisableChannel	16	static
stm32g4xx_ll_tim.h:2682:22:LL_TIM_OC_SetMode	32	static
stm32g4xx_ll_tim.h:2969:22:LL_TIM_OC_EnablePreload	24	static
stm32g4xx_ll_tim.h:2994:22:LL_TIM_OC_DisablePreload	24	static
stm32g4xx_ll_tim.h:3140:22:LL_TIM_OC_SetCompareCH1	16	static
stm32g4xx_ll_tim.h:3158:22:LL_TIM_OC_SetCompareCH2	16	static
stm32g4xx_ll_tim.h:3176:22:LL_TIM_OC_SetCompareCH3	16	static
stm32g4xx_ll_tim.h:3194:22:LL_TIM_OC_SetCompareCH4	16	static
stm32g4xx_ll_tim.h:3929:22:LL_TIM_SetTriggerOutput	16	static
stm32g4xx_ll_tim.h:4570:22:LL_TIM_EnableAllOutputs	16	static
stm32g4xx_ll_tim.h:4585:22:LL_TIM_DisableAllOutputs	16	static
stm32g4xx_ll_tim.h:5392:22:LL_TIM_ClearFlag_UPDATE	16	static
stm32g4xx_ll_tim.h:5403:26:LL_TIM_IsActiveFlag_UPDATE	16	static
stm32g4xx_ll_tim.h:5590:22:LL_TIM_ClearFlag_BRK	16	static
stm32g4xx_ll_tim.h:5612:22:LL_TIM_ClearFlag_BRK2	16	static
stm32g4xx_ll_tim.h:5623:26:LL_TIM_IsActiveFlag_BRK2	16	static
stm32g4xx_ll_tim.h:5854:22:LL_TIM_EnableIT_UPDATE	16	static
stm32g4xx_ll_tim.h:5865:22:LL_TIM_DisableIT_UPDATE	16	static
stm32g4xx_ll_tim.h:6085:22:LL_TIM_EnableIT_BRK	16	static
stm32g4xx_ll_tim.h:6519:22:LL_TIM_GenerateEvent_UPDATE	16	static
stm32g4xx_ll_gpio.h:895:22:LL_GPIO_SetOutputPin	16	static
stm32g4xx_ll_gpio.h:924:22:LL_GPIO_ResetOutputPin	16	static
stm32g4xx_ll_dac.h:1997:22:LL_DAC_Enable	16	static
stm32g4xx_ll_dac.h:2036:26:LL_DAC_IsEnabled	16	static
stm32g4xx_ll_dac.h:2158:22:LL_DAC_TrigSWConversion	16	static
stm32g4xx_ll_dac.h:2237:22:LL_DAC_ConvertData12LeftAligned	32	static
stm32g4xx_ll_comp.h:635:22:LL_COMP_Enable	16	static
stm32g4xx_ll_comp.h:671:22:LL_COMP_Lock	16	static
stm32g4xx_ll_opamp.h:906:22:LL_OPAMP_Enable	16	static
r3_2_g4xx_pwm_curr_fdbk.c:81:13:R3_2_Init	64	static
r3_2_g4xx_pwm_curr_fdbk.c:210:13:R3_2_ADCxInit	24	static
r3_2_g4xx_pwm_curr_fdbk.c:256:13:R3_2_TIMxInit	24	static
r3_2_g4xx_pwm_curr_fdbk.c:342:13:R3_2_CurrentReadingPolarization	32	static
r3_2_g4xx_pwm_curr_fdbk.c:458:13:R3_2_GetPhaseCurrents	40	static
r3_2_g4xx_pwm_curr_fdbk.c:624:10:R3_2_SetADCSampPointPolarization	24	static
r3_2_g4xx_pwm_curr_fdbk.c:653:10:R3_2_SetADCSampPointSectX	32	static
r3_2_g4xx_pwm_curr_fdbk.c:725:26:R3_2_WriteTIMRegisters	32	static
r3_2_g4xx_pwm_curr_fdbk.c:765:13:R3_2_HFCurrentsPolarizationAB	32	static
r3_2_g4xx_pwm_curr_fdbk.c:803:13:R3_2_HFCurrentsPolarizationC	32	static
r3_2_g4xx_pwm_curr_fdbk.c:837:13:R3_2_TurnOnLowSides	24	static
r3_2_g4xx_pwm_curr_fdbk.c:881:13:R3_2_SwitchOnPWM	24	static
r3_2_g4xx_pwm_curr_fdbk.c:939:13:R3_2_SwitchOffPWM	24	static
r3_2_g4xx_pwm_curr_fdbk.c:993:15:R3_2_TIMx_UP_IRQHandler	40	static
r3_2_g4xx_pwm_curr_fdbk.c:1047:15:R3_2_BRK2_IRQHandler	16	static
r3_2_g4xx_pwm_curr_fdbk.c:1075:15:R3_2_BRK_IRQHandler	16	static
r3_2_g4xx_pwm_curr_fdbk.c:1092:17:R3_2_IsOverCurrentOccurred	24	static
r3_2_g4xx_pwm_curr_fdbk.c:1129:13:R3_2_SetAOReferenceVoltage	32	static
r3_2_g4xx_pwm_curr_fdbk.c:1162:6:R3_2_RLDetectionModeEnable	24	static
r3_2_g4xx_pwm_curr_fdbk.c:1219:6:R3_2_RLDetectionModeDisable	24	static
r3_2_g4xx_pwm_curr_fdbk.c:1302:10:R3_2_RLDetectionModeSetDuty	32	static
r3_2_g4xx_pwm_curr_fdbk.c:1364:13:R3_2_RLGetPhaseCurrents	32	static
r3_2_g4xx_pwm_curr_fdbk.c:1409:13:R3_2_RLTurnOnLowSides	24	static
r3_2_g4xx_pwm_curr_fdbk.c:1449:13:R3_2_RLSwitchOnPWM	32	static
r3_2_g4xx_pwm_curr_fdbk.c:1515:6:RLTurnOnLowSidesAndStart	24	static
