Archive member included to satisfy reference by file (symbol)

c:/ac6/systemworkbench/plugins/fr.ac6.mcu.externaltools.arm-none.win32_1.17.0.201812190825/tools/compiler/bin/../lib/gcc/arm-none-eabi/7.3.1/thumb/v7e-m/fpv4-sp/hard\libgcc.a(_arm_addsubdf3.o)
                              Src/stm32g4xx_it.o (__aeabi_i2d)
c:/ac6/systemworkbench/plugins/fr.ac6.mcu.externaltools.arm-none.win32_1.17.0.201812190825/tools/compiler/bin/../lib/gcc/arm-none-eabi/7.3.1/thumb/v7e-m/fpv4-sp/hard\libgcc.a(_arm_muldivdf3.o)
                              Src/stm32g4xx_it.o (__aeabi_dmul)
c:/ac6/systemworkbench/plugins/fr.ac6.mcu.externaltools.arm-none.win32_1.17.0.201812190825/tools/compiler/bin/../lib/gcc/arm-none-eabi/7.3.1/thumb/v7e-m/fpv4-sp/hard\libgcc.a(_arm_truncdfsf2.o)
                              Src/stm32g4xx_it.o (__aeabi_d2f)
c:/ac6/systemworkbench/plugins/fr.ac6.mcu.externaltools.arm-none.win32_1.17.0.201812190825/tools/compiler/bin/../lib/gcc/arm-none-eabi/7.3.1/thumb/v7e-m/fpv4-sp/hard\libgcc.a(_aeabi_uldivmod.o)
                              Drivers/STM32G4xx_HAL_Driver/Src/stm32g4xx_hal_uart.o (__aeabi_uldivmod)
c:/ac6/systemworkbench/plugins/fr.ac6.mcu.externaltools.arm-none.win32_1.17.0.201812190825/tools/compiler/bin/../lib/gcc/arm-none-eabi/7.3.1/thumb/v7e-m/fpv4-sp/hard\libgcc.a(_udivmoddi4.o)
                              c:/ac6/systemworkbench/plugins/fr.ac6.mcu.externaltools.arm-none.win32_1.17.0.201812190825/tools/compiler/bin/../lib/gcc/arm-none-eabi/7.3.1/thumb/v7e-m/fpv4-sp/hard\libgcc.a(_aeabi_uldivmod.o) (__udivmoddi4)
c:/ac6/systemworkbench/plugins/fr.ac6.mcu.externaltools.arm-none.win32_1.17.0.201812190825/tools/compiler/bin/../lib/gcc/arm-none-eabi/7.3.1/thumb/v7e-m/fpv4-sp/hard\libgcc.a(_dvmd_tls.o)
                              c:/ac6/systemworkbench/plugins/fr.ac6.mcu.externaltools.arm-none.win32_1.17.0.201812190825/tools/compiler/bin/../lib/gcc/arm-none-eabi/7.3.1/thumb/v7e-m/fpv4-sp/hard\libgcc.a(_aeabi_uldivmod.o) (__aeabi_ldiv0)
c:/ac6/systemworkbench/plugins/fr.ac6.mcu.externaltools.arm-none.win32_1.17.0.201812190825/tools/compiler/bin/../lib/gcc/arm-none-eabi/7.3.1/../../../../arm-none-eabi/lib/thumb/v7e-m/fpv4-sp/hard\libc_nano.a(lib_a-errno.o)
                              Src/syscalls.o (__errno)
c:/ac6/systemworkbench/plugins/fr.ac6.mcu.externaltools.arm-none.win32_1.17.0.201812190825/tools/compiler/bin/../lib/gcc/arm-none-eabi/7.3.1/../../../../arm-none-eabi/lib/thumb/v7e-m/fpv4-sp/hard\libc_nano.a(lib_a-exit.o)
                              c:/ac6/systemworkbench/plugins/fr.ac6.mcu.externaltools.arm-none.win32_1.17.0.201812190825/tools/compiler/bin/../lib/gcc/arm-none-eabi/7.3.1/../../../../arm-none-eabi/lib/thumb/v7e-m/fpv4-sp/hard/crt0.o (exit)
c:/ac6/systemworkbench/plugins/fr.ac6.mcu.externaltools.arm-none.win32_1.17.0.201812190825/tools/compiler/bin/../lib/gcc/arm-none-eabi/7.3.1/../../../../arm-none-eabi/lib/thumb/v7e-m/fpv4-sp/hard\libc_nano.a(lib_a-impure.o)
                              c:/ac6/systemworkbench/plugins/fr.ac6.mcu.externaltools.arm-none.win32_1.17.0.201812190825/tools/compiler/bin/../lib/gcc/arm-none-eabi/7.3.1/../../../../arm-none-eabi/lib/thumb/v7e-m/fpv4-sp/hard\libc_nano.a(lib_a-exit.o) (_global_impure_ptr)
c:/ac6/systemworkbench/plugins/fr.ac6.mcu.externaltools.arm-none.win32_1.17.0.201812190825/tools/compiler/bin/../lib/gcc/arm-none-eabi/7.3.1/../../../../arm-none-eabi/lib/thumb/v7e-m/fpv4-sp/hard\libc_nano.a(lib_a-init.o)
                              c:/ac6/systemworkbench/plugins/fr.ac6.mcu.externaltools.arm-none.win32_1.17.0.201812190825/tools/compiler/bin/../lib/gcc/arm-none-eabi/7.3.1/../../../../arm-none-eabi/lib/thumb/v7e-m/fpv4-sp/hard/crt0.o (__libc_init_array)
c:/ac6/systemworkbench/plugins/fr.ac6.mcu.externaltools.arm-none.win32_1.17.0.201812190825/tools/compiler/bin/../lib/gcc/arm-none-eabi/7.3.1/../../../../arm-none-eabi/lib/thumb/v7e-m/fpv4-sp/hard\libc_nano.a(lib_a-memset.o)
                              c:/ac6/systemworkbench/plugins/fr.ac6.mcu.externaltools.arm-none.win32_1.17.0.201812190825/tools/compiler/bin/../lib/gcc/arm-none-eabi/7.3.1/../../../../arm-none-eabi/lib/thumb/v7e-m/fpv4-sp/hard/crt0.o (memset)

Allocating common symbols
Common symbol       size              file

RAMPD               0x1               Src/SRF02.o
hdma_uart4_rx       0x60              Src/usart.o
Battery_Control_Voltage
                    0x4               Src/SRF02.o
CAN_RX_Buffer       0x4               Src/SRF02.o
htim4               0x40              Src/tim.o
hdma_usart3_rx      0x60              Src/usart.o
CAN_RX_Mailbox      0x1               Src/SRF02.o
huart3              0x8c              Src/usart.o
Vacuum_Armed        0x1               Src/SRF02.o
hadc2               0x6c              Src/adc.o
hdma_i2c1_tx        0x60              Src/i2c.o
SRF02_Side_Stop_Time
                    0x4               Src/SRF02.o
hi2c1               0x4c              Src/i2c.o
SRF02_Left_Buffer   0x2               Src/SRF02.o
[...]
Memory Configuration

Name             Origin             Length             Attributes
RAM              0x20000000         0x00020000         xrw
FLASH            0x08000000         0x00080000         xr
*default*        0x00000000         0xffffffff

Linker script and memory map

LOAD c:/ac6/systemworkbench/plugins/fr.ac6.mcu.externaltools.arm-none.win32_1.17.0.201812190825/tools/compiler/bin/../lib/gcc/arm-none-eabi/7.3.1/thumb/v7e-m/fpv4-sp/hard/crti.o
LOAD c:/ac6/systemworkbench/plugins/fr.ac6.mcu.externaltools.arm-none.win32_1.17.0.201812190825/tools/compiler/bin/../lib/gcc/arm-none-eabi/7.3.1/thumb/v7e-m/fpv4-sp/hard/crtbegin.o
LOAD c:/ac6/systemworkbench/plugins/fr.ac6.mcu.externaltools.arm-none.win32_1.17.0.201812190825/tools/compiler/bin/../lib/gcc/arm-none-eabi/7.3.1/../../../../arm-none-eabi/lib/thumb/v7e-m/fpv4-sp/hard/crt0.o
LOAD Drivers/STM32G4xx_HAL_Driver/Src/stm32g4xx_hal.o
LOAD Drivers/STM32G4xx_HAL_Driver/Src/stm32g4xx_hal_adc.o
LOAD Drivers/STM32G4xx_HAL_Driver/Src/stm32g4xx_hal_adc_ex.o
LOAD Drivers/STM32G4xx_HAL_Driver/Src/stm32g4xx_hal_cortex.o
LOAD Drivers/STM32G4xx_HAL_Driver/Src/stm32g4xx_hal_dma.o
LOAD Drivers/STM32G4xx_HAL_Driver/Src/stm32g4xx_hal_dma_ex.o
LOAD Drivers/STM32G4xx_HAL_Driver/Src/stm32g4xx_hal_exti.o
LOAD Drivers/STM32G4xx_HAL_Driver/Src/stm32g4xx_hal_fdcan.o
LOAD Drivers/STM32G4xx_HAL_Driver/Src/stm32g4xx_hal_flash.o
LOAD Drivers/STM32G4xx_HAL_Driver/Src/stm32g4xx_hal_flash_ex.o
LOAD Drivers/STM32G4xx_HAL_Driver/Src/stm32g4xx_hal_flash_ramfunc.o
LOAD Drivers/STM32G4xx_HAL_Driver/Src/stm32g4xx_hal_gpio.o
LOAD Drivers/STM32G4xx_HAL_Driver/Src/stm32g4xx_hal_i2c.o
LOAD Drivers/STM32G4xx_HAL_Driver/Src/stm32g4xx_hal_i2c_ex.o
LOAD Drivers/STM32G4xx_HAL_Driver/Src/stm32g4xx_hal_pwr.o
LOAD Drivers/STM32G4xx_HAL_Driver/Src/stm32g4xx_hal_pwr_ex.o
LOAD Drivers/STM32G4xx_HAL_Driver/Src/stm32g4xx_hal_rcc.o
LOAD Drivers/STM32G4xx_HAL_Driver/Src/stm32g4xx_hal_rcc_ex.o
LOAD Drivers/STM32G4xx_HAL_Driver/Src/stm32g4xx_hal_tim.o
LOAD Drivers/STM32G4xx_HAL_Driver/Src/stm32g4xx_hal_tim_ex.o
LOAD Drivers/STM32G4xx_HAL_Driver/Src/stm32g4xx_hal_uart.o
LOAD Drivers/STM32G4xx_HAL_Driver/Src/stm32g4xx_hal_uart_ex.o
LOAD Drivers/STM32G4xx_HAL_Driver/Src/stm32g4xx_ll_adc.o
LOAD Drivers/STM32G4xx_HAL_Driver/Src/stm32g4xx_ll_pwr.o
LOAD Src/SRF02.o
LOAD Src/WS2812.o
LOAD Src/adc.o
LOAD Src/dma.o
LOAD Src/fdcan.o
LOAD Src/gpio.o
LOAD Src/i2c.o
LOAD Src/main.o
LOAD Src/runtime.o
LOAD Src/stm32g4xx_hal_msp.o
LOAD Src/stm32g4xx_it.o
LOAD Src/sys.o
LOAD Src/syscalls.o
LOAD Src/system_stm32g4xx.o
LOAD Src/tim.o
LOAD Src/usart.o
LOAD startup/startup_stm32g474xx.o
LOAD c:/ac6/systemworkbench/plugins/fr.ac6.mcu.externaltools.arm-none.win32_1.17.0.201812190825/tools/compiler/bin/../lib/gcc/arm-none-eabi/7.3.1/../../../../arm-none-eabi/lib/thumb/v7e-m/fpv4-sp/hard\libm.a
START GROUP
LOAD c:/ac6/systemworkbench/plugins/fr.ac6.mcu.externaltools.arm-none.win32_1.17.0.201812190825/tools/compiler/bin/../lib/gcc/arm-none-eabi/7.3.1/thumb/v7e-m/fpv4-sp/hard\libgcc.a
LOAD c:/ac6/systemworkbench/plugins/fr.ac6.mcu.externaltools.arm-none.win32_1.17.0.201812190825/tools/compiler/bin/../lib/gcc/arm-none-eabi/7.3.1/../../../../arm-none-eabi/lib/thumb/v7e-m/fpv4-sp/hard\libc_nano.a
END GROUP
START GROUP
LOAD c:/ac6/systemworkbench/plugins/fr.ac6.mcu.externaltools.arm-none.win32_1.17.0.201812190825/tools/compiler/bin/../lib/gcc/arm-none-eabi/7.3.1/thumb/v7e-m/fpv4-sp/hard\libgcc.a
LOAD c:/ac6/systemworkbench/plugins/fr.ac6.mcu.externaltools.arm-none.win32_1.17.0.201812190825/tools/compiler/bin/../lib/gcc/arm-none-eabi/7.3.1/../../../../arm-none-eabi/lib/thumb/v7e-m/fpv4-sp/hard\libc_nano.a
LOAD c:/ac6/systemworkbench/plugins/fr.ac6.mcu.externaltools.arm-none.win32_1.17.0.201812190825/tools/compiler/bin/../lib/gcc/arm-none-eabi/7.3.1/../../../../arm-none-eabi/lib/thumb/v7e-m/fpv4-sp/hard\libnosys.a
END GROUP
START GROUP
LOAD c:/ac6/systemworkbench/plugins/fr.ac6.mcu.externaltools.arm-none.win32_1.17.0.201812190825/tools/compiler/bin/../lib/gcc/arm-none-eabi/7.3.1/thumb/v7e-m/fpv4-sp/hard\libgcc.a
LOAD c:/ac6/systemworkbench/plugins/fr.ac6.mcu.externaltools.arm-none.win32_1.17.0.201812190825/tools/compiler/bin/../lib/gcc/arm-none-eabi/7.3.1/../../../../arm-none-eabi/lib/thumb/v7e-m/fpv4-sp/hard\libc_nano.a
LOAD c:/ac6/systemworkbench/plugins/fr.ac6.mcu.externaltools.arm-none.win32_1.17.0.201812190825/tools/compiler/bin/../lib/gcc/arm-none-eabi/7.3.1/../../../../arm-none-eabi/lib/thumb/v7e-m/fpv4-sp/hard\libnosys.a
END GROUP
LOAD c:/ac6/systemworkbench/plugins/fr.ac6.mcu.externaltools.arm-none.win32_1.17.0.201812190825/tools/compiler/bin/../lib/gcc/arm-none-eabi/7.3.1/thumb/v7e-m/fpv4-sp/hard/crtend.o
LOAD c:/ac6/systemworkbench/plugins/fr.ac6.mcu.externaltools.arm-none.win32_1.17.0.201812190825/tools/compiler/bin/../lib/gcc/arm-none-eabi/7.3.1/thumb/v7e-m/fpv4-sp/hard/crtn.o
                0x20020000                _estack = 0x20020000
                0x00000200                _Min_Heap_Size = 0x200
                0x00000400                _Min_Stack_Size = 0x400

.isr_vector     0x08000000      0x1d8
                0x08000000                . = ALIGN (0x4)
 *(.isr_vector)
 .isr_vector    0x08000000      0x1d8 startup/startup_stm32g474xx.o
                0x08000000                g_pfnVectors
                0x080001d8                . = ALIGN (0x4)

.text           0x080001d8     0x6c90
                0x080001d8                . = ALIGN (0x4)
 *(.text)
 .text          0x080001d8       0x40 c:/ac6/systemworkbench/plugins/fr.ac6.mcu.externaltools.arm-none.win32_1.17.0.201812190825/tools/compiler/bin/../lib/gcc/arm-none-eabi/7.3.1/thumb/v7e-m/fpv4-sp/hard/crtbegin.o
 .text          0x08000218      0x378 c:/ac6/systemworkbench/plugins/fr.ac6.mcu.externaltools.arm-none.win32_1.17.0.201812190825/tools/compiler/bin/../lib/gcc/arm-none-eabi/7.3.1/thumb/v7e-m/fpv4-sp/hard\libgcc.a(_arm_addsubdf3.o)
                0x08000218                __aeabi_drsub
                0x08000220                __aeabi_dsub
                0x08000220                __subdf3
                0x08000224                __aeabi_dadd
                0x08000224                __adddf3
                0x0800049c                __floatunsidf
                0x0800049c                __aeabi_ui2d
                0x080004bc                __floatsidf
                0x080004bc                __aeabi_i2d
                0x080004e0                __aeabi_f2d
                0x080004e0                __extendsfdf2
                0x08000524                __floatundidf
                0x08000524                __aeabi_ul2d
                0x08000534                __floatdidf
                0x08000534                __aeabi_l2d
 .text          0x08000590      0x424 c:/ac6/systemworkbench/plugins/fr.ac6.mcu.externaltools.arm-none.win32_1.17.0.201812190825/tools/compiler/bin/../lib/gcc/arm-none-eabi/7.3.1/thumb/v7e-m/fpv4-sp/hard\libgcc.a(_arm_muldivdf3.o)
                0x08000590                __aeabi_dmul
                0x08000590                __muldf3
                0x080007e4                __divdf3
                0x080007e4                __aeabi_ddiv
 .text          0x080009b4       0xa0 c:/ac6/systemworkbench/plugins/fr.ac6.mcu.externaltools.arm-none.win32_1.17.0.201812190825/tools/compiler/bin/../lib/gcc/arm-none-eabi/7.3.1/thumb/v7e-m/fpv4-sp/hard\libgcc.a(_arm_truncdfsf2.o)
                0x080009b4                __truncdfsf2
                0x080009b4                __aeabi_d2f
 .text          0x08000a54       0x30 c:/ac6/systemworkbench/plugins/fr.ac6.mcu.externaltools.arm-none.win32_1.17.0.201812190825/tools/compiler/bin/../lib/gcc/arm-none-eabi/7.3.1/thumb/v7e-m/fpv4-sp/hard\libgcc.a(_aeabi_uldivmod.o)
                0x08000a54                __aeabi_uldivmod
 .text          0x08000a84      0x2cc c:/ac6/systemworkbench/plugins/fr.ac6.mcu.externaltools.arm-none.win32_1.17.0.201812190825/tools/compiler/bin/../lib/gcc/arm-none-eabi/7.3.1/thumb/v7e-m/fpv4-sp/hard\libgcc.a(_udivmoddi4.o)
                0x08000a84                __udivmoddi4
 .text          0x08000d50        0x4 c:/ac6/systemworkbench/plugins/fr.ac6.mcu.externaltools.arm-none.win32_1.17.0.201812190825/tools/compiler/bin/../lib/gcc/arm-none-eabi/7.3.1/thumb/v7e-m/fpv4-sp/hard\libgcc.a(_dvmd_tls.o)
                0x08000d50                __aeabi_idiv0
                0x08000d50                __aeabi_ldiv0
 *(.text*)
 .text.HAL_InitTick
                0x08000d54       0x4c Drivers/STM32G4xx_HAL_Driver/Src/stm32g4xx_hal.o
                0x08000d54                HAL_InitTick
 .text.HAL_Init
                0x08000da0       0x1e Drivers/STM32G4xx_HAL_Driver/Src/stm32g4xx_hal.o
                0x08000da0                HAL_Init
 *fill*         0x08000dbe        0x2 
 .text.HAL_IncTick
                0x08000dc0       0x18 Drivers/STM32G4xx_HAL_Driver/Src/stm32g4xx_hal.o
                0x08000dc0                HAL_IncTick
 .text.HAL_GetTick
                0x08000dd8        0xc Drivers/STM32G4xx_HAL_Driver/Src/stm32g4xx_hal.o
                0x08000dd8                HAL_GetTick
 .text.HAL_Delay
                0x08000de4       0x28 Drivers/STM32G4xx_HAL_Driver/Src/stm32g4xx_hal.o
                0x08000de4                HAL_Delay
 .text.HAL_ADC_Init
                0x08000e0c      0x2c8 Drivers/STM32G4xx_HAL_Driver/Src/stm32g4xx_hal_adc.o
                0x08000e0c                HAL_ADC_Init
 .text.HAL_ADC_ConvCpltCallback
                0x080010d4        0x2 Drivers/STM32G4xx_HAL_Driver/Src/stm32g4xx_hal_adc.o
                0x080010d4                HAL_ADC_ConvCpltCallback
 .text.HAL_ADC_ConvHalfCpltCallback
                0x080010d6        0x2 Drivers/STM32G4xx_HAL_Driver/Src/stm32g4xx_hal_adc.o
                0x080010d6                HAL_ADC_ConvHalfCpltCallback
 .text.ADC_DMAHalfConvCplt
                0x080010d8        0xa Drivers/STM32G4xx_HAL_Driver/Src/stm32g4xx_hal_adc.o
                0x080010d8                ADC_DMAHalfConvCplt
 .text.HAL_ADC_ErrorCallback
                0x080010e2        0x2 Drivers/STM32G4xx_HAL_Driver/Src/stm32g4xx_hal_adc.o
                0x080010e2                HAL_ADC_ErrorCallback
 .text.ADC_DMAConvCplt
                0x080010e4       0x88 Drivers/STM32G4xx_HAL_Driver/Src/stm32g4xx_hal_adc.o
                0x080010e4                ADC_DMAConvCplt
 .text.ADC_DMAError
                0x0800116c       0x1a Drivers/STM32G4xx_HAL_Driver/Src/stm32g4xx_hal_adc.o
                0x0800116c                ADC_DMAError
 *fill*         0x08001186        0x2 
 .text.HAL_ADC_ConfigChannel
                0x08001188      0x4e4 Drivers/STM32G4xx_HAL_Driver/Src/stm32g4xx_hal_adc.o
                0x08001188                HAL_ADC_ConfigChannel
 .text.ADC_Enable
                0x0800166c       0x90 Drivers/STM32G4xx_HAL_Driver/Src/stm32g4xx_hal_adc.o
                0x0800166c                ADC_Enable
 .text.HAL_ADC_Start_DMA
                0x080016fc      0x130 Drivers/STM32G4xx_HAL_Driver/Src/stm32g4xx_hal_adc.o
                0x080016fc                HAL_ADC_Start_DMA
 .text.HAL_ADCEx_MultiModeConfigChannel
                0x0800182c      0x1f0 Drivers/STM32G4xx_HAL_Driver/Src/stm32g4xx_hal_adc_ex.o
                0x0800182c                HAL_ADCEx_MultiModeConfigChannel
 .text.HAL_NVIC_SetPriorityGrouping
                0x08001a1c       0x24 Drivers/STM32G4xx_HAL_Driver/Src/stm32g4xx_hal_cortex.o
                0x08001a1c                HAL_NVIC_SetPriorityGrouping
 .text.HAL_NVIC_SetPriority
                0x08001a40       0x68 Drivers/STM32G4xx_HAL_Driver/Src/stm32g4xx_hal_cortex.o
                0x08001a40                HAL_NVIC_SetPriority
 .text.HAL_NVIC_EnableIRQ
                0x08001aa8       0x1c Drivers/STM32G4xx_HAL_Driver/Src/stm32g4xx_hal_cortex.o
                0x08001aa8                HAL_NVIC_EnableIRQ
 .text.HAL_SYSTICK_Config
                0x08001ac4       0x2c Drivers/STM32G4xx_HAL_Driver/Src/stm32g4xx_hal_cortex.o
                0x08001ac4                HAL_SYSTICK_Config
 .text.DMA_SetConfig
                0x08001af0       0x40 Drivers/STM32G4xx_HAL_Driver/Src/stm32g4xx_hal_dma.o
 .text.DMA_CalcDMAMUXChannelBaseAndMask
                0x08001b30       0x48 Drivers/STM32G4xx_HAL_Driver/Src/stm32g4xx_hal_dma.o
 .text.DMA_CalcDMAMUXRequestGenBaseAndMask
                0x08001b78       0x28 Drivers/STM32G4xx_HAL_Driver/Src/stm32g4xx_hal_dma.o
 .text.HAL_DMA_Init
                0x08001ba0       0xdc Drivers/STM32G4xx_HAL_Driver/Src/stm32g4xx_hal_dma.o
                0x08001ba0                HAL_DMA_Init
 .text.HAL_DMA_Start_IT
                0x08001c7c       0x94 Drivers/STM32G4xx_HAL_Driver/Src/stm32g4xx_hal_dma.o
                0x08001c7c                HAL_DMA_Start_IT
 .text.HAL_DMA_IRQHandler
                0x08001d10       0xc4 Drivers/STM32G4xx_HAL_Driver/Src/stm32g4xx_hal_dma.o
                0x08001d10                HAL_DMA_IRQHandler
 .text.FDCAN_CalcultateRamBlockAddresses
                0x08001dd4       0x8c Drivers/STM32G4xx_HAL_Driver/Src/stm32g4xx_hal_fdcan.o
 .text.FDCAN_CopyMessageToRAM
                0x08001e60       0x78 Drivers/STM32G4xx_HAL_Driver/Src/stm32g4xx_hal_fdcan.o
 .text.HAL_FDCAN_Init
                0x08001ed8      0x1d4 Drivers/STM32G4xx_HAL_Driver/Src/stm32g4xx_hal_fdcan.o
                0x08001ed8                HAL_FDCAN_Init
 .text.HAL_FDCAN_ConfigFilter
                0x080020ac       0x64 Drivers/STM32G4xx_HAL_Driver/Src/stm32g4xx_hal_fdcan.o
                0x080020ac                HAL_FDCAN_ConfigFilter
 .text.HAL_FDCAN_ConfigGlobalFilter
                0x08002110       0x3e Drivers/STM32G4xx_HAL_Driver/Src/stm32g4xx_hal_fdcan.o
                0x08002110                HAL_FDCAN_ConfigGlobalFilter
 .text.HAL_FDCAN_Start
                0x0800214e       0x2e Drivers/STM32G4xx_HAL_Driver/Src/stm32g4xx_hal_fdcan.o
                0x0800214e                HAL_FDCAN_Start
 .text.HAL_FDCAN_AddMessageToTxFifoQ
                0x0800217c       0x50 Drivers/STM32G4xx_HAL_Driver/Src/stm32g4xx_hal_fdcan.o
                0x0800217c                HAL_FDCAN_AddMessageToTxFifoQ
 .text.HAL_FDCAN_GetRxMessage
                0x080021cc      0x100 Drivers/STM32G4xx_HAL_Driver/Src/stm32g4xx_hal_fdcan.o
                0x080021cc                HAL_FDCAN_GetRxMessage
 .text.HAL_FDCAN_TxEventFifoCallback
                0x080022cc        0x2 Drivers/STM32G4xx_HAL_Driver/Src/stm32g4xx_hal_fdcan.o
                0x080022cc                HAL_FDCAN_TxEventFifoCallback
 .text.HAL_FDCAN_RxFifo1Callback
                0x080022ce        0x2 Drivers/STM32G4xx_HAL_Driver/Src/stm32g4xx_hal_fdcan.o
                0x080022ce                HAL_FDCAN_RxFifo1Callback
 .text.HAL_FDCAN_TxFifoEmptyCallback
                0x080022d0        0x2 Drivers/STM32G4xx_HAL_Driver/Src/stm32g4xx_hal_fdcan.o
                0x080022d0                HAL_FDCAN_TxFifoEmptyCallback
 .text.HAL_FDCAN_TxBufferCompleteCallback
                0x080022d2        0x2 Drivers/STM32G4xx_HAL_Driver/Src/stm32g4xx_hal_fdcan.o
                0x080022d2                HAL_FDCAN_TxBufferCompleteCallback
 .text.HAL_FDCAN_TxBufferAbortCallback
                0x080022d4        0x2 Drivers/STM32G4xx_HAL_Driver/Src/stm32g4xx_hal_fdcan.o
                0x080022d4                HAL_FDCAN_TxBufferAbortCallback
 .text.HAL_FDCAN_TimestampWraparoundCallback
                0x080022d6        0x2 Drivers/STM32G4xx_HAL_Driver/Src/stm32g4xx_hal_fdcan.o
                0x080022d6                HAL_FDCAN_TimestampWraparoundCallback
 .text.HAL_FDCAN_TimeoutOccurredCallback
                0x080022d8        0x2 Drivers/STM32G4xx_HAL_Driver/Src/stm32g4xx_hal_fdcan.o
                0x080022d8                HAL_FDCAN_TimeoutOccurredCallback
 .text.HAL_FDCAN_HighPriorityMessageCallback
                0x080022da        0x2 Drivers/STM32G4xx_HAL_Driver/Src/stm32g4xx_hal_fdcan.o
                0x080022da                HAL_FDCAN_HighPriorityMessageCallback
 .text.HAL_FDCAN_ErrorCallback
                0x080022dc        0x2 Drivers/STM32G4xx_HAL_Driver/Src/stm32g4xx_hal_fdcan.o
                0x080022dc                HAL_FDCAN_ErrorCallback
 .text.HAL_FDCAN_ErrorStatusCallback
                0x080022de        0x2 Drivers/STM32G4xx_HAL_Driver/Src/stm32g4xx_hal_fdcan.o
                0x080022de                HAL_FDCAN_ErrorStatusCallback
 .text.HAL_FDCAN_IRQHandler
                0x080022e0      0x198 Drivers/STM32G4xx_HAL_Driver/Src/stm32g4xx_hal_fdcan.o
                0x080022e0                HAL_FDCAN_IRQHandler
 .text.HAL_GPIO_Init
                0x08002478      0x1a0 Drivers/STM32G4xx_HAL_Driver/Src/stm32g4xx_hal_gpio.o
                0x08002478                HAL_GPIO_Init
 .text.HAL_I2C_Init
                0x08002618       0xbc Drivers/STM32G4xx_HAL_Driver/Src/stm32g4xx_hal_i2c.o
                0x08002618                HAL_I2C_Init
 .text.HAL_I2CEx_ConfigAnalogFilter
                0x080026d4       0x5c Drivers/STM32G4xx_HAL_Driver/Src/stm32g4xx_hal_i2c_ex.o
                0x080026d4                HAL_I2CEx_ConfigAnalogFilter
 .text.HAL_I2CEx_ConfigDigitalFilter
                0x08002730       0x58 Drivers/STM32G4xx_HAL_Driver/Src/stm32g4xx_hal_i2c_ex.o
                0x08002730                HAL_I2CEx_ConfigDigitalFilter
 .text.HAL_PWREx_ControlVoltageScaling
                0x08002788      0x10c Drivers/STM32G4xx_HAL_Driver/Src/stm32g4xx_hal_pwr_ex.o
                0x08002788                HAL_PWREx_ControlVoltageScaling
 .text.RCC_GetSysClockFreqFromPLLSource
                0x08002894       0x58 Drivers/STM32G4xx_HAL_Driver/Src/stm32g4xx_hal_rcc.o
 .text.HAL_RCC_OscConfig
                0x080028ec      0x4e8 Drivers/STM32G4xx_HAL_Driver/Src/stm32g4xx_hal_rcc.o
                0x080028ec                HAL_RCC_OscConfig
 .text.HAL_RCC_GetSysClockFreq
                0x08002dd4       0x88 Drivers/STM32G4xx_HAL_Driver/Src/stm32g4xx_hal_rcc.o
                0x08002dd4                HAL_RCC_GetSysClockFreq
 .text.HAL_RCC_ClockConfig
                0x08002e5c      0x1fc Drivers/STM32G4xx_HAL_Driver/Src/stm32g4xx_hal_rcc.o
                0x08002e5c                HAL_RCC_ClockConfig
 .text.HAL_RCC_GetHCLKFreq
                0x08003058        0xc Drivers/STM32G4xx_HAL_Driver/Src/stm32g4xx_hal_rcc.o
                0x08003058                HAL_RCC_GetHCLKFreq
 .text.HAL_RCC_GetPCLK1Freq
                0x08003064       0x24 Drivers/STM32G4xx_HAL_Driver/Src/stm32g4xx_hal_rcc.o
                0x08003064                HAL_RCC_GetPCLK1Freq
 .text.HAL_RCC_GetPCLK2Freq
                0x08003088       0x24 Drivers/STM32G4xx_HAL_Driver/Src/stm32g4xx_hal_rcc.o
                0x08003088                HAL_RCC_GetPCLK2Freq
 .text.HAL_RCCEx_PeriphCLKConfig
                0x080030ac      0x378 Drivers/STM32G4xx_HAL_Driver/Src/stm32g4xx_hal_rcc_ex.o
                0x080030ac                HAL_RCCEx_PeriphCLKConfig
 .text.TIM_OC1_SetConfig
                0x08003424       0xac Drivers/STM32G4xx_HAL_Driver/Src/stm32g4xx_hal_tim.o
 .text.TIM_OC3_SetConfig
                0x080034d0       0x9c Drivers/STM32G4xx_HAL_Driver/Src/stm32g4xx_hal_tim.o
 .text.TIM_OC4_SetConfig
                0x0800356c       0x9c Drivers/STM32G4xx_HAL_Driver/Src/stm32g4xx_hal_tim.o
 .text.TIM_OC5_SetConfig
                0x08003608       0x70 Drivers/STM32G4xx_HAL_Driver/Src/stm32g4xx_hal_tim.o
 .text.TIM_OC6_SetConfig
                0x08003678       0x74 Drivers/STM32G4xx_HAL_Driver/Src/stm32g4xx_hal_tim.o
 .text.TIM_TI1_ConfigInputStage
                0x080036ec       0x26 Drivers/STM32G4xx_HAL_Driver/Src/stm32g4xx_hal_tim.o
 .text.TIM_TI2_ConfigInputStage
                0x08003712       0x28 Drivers/STM32G4xx_HAL_Driver/Src/stm32g4xx_hal_tim.o
 .text.TIM_ITRx_SetConfig
                0x0800373a       0x14 Drivers/STM32G4xx_HAL_Driver/Src/stm32g4xx_hal_tim.o
 *fill*         0x0800374e        0x2 
 .text.HAL_TIM_Base_Start_IT
                0x08003750       0x2c Drivers/STM32G4xx_HAL_Driver/Src/stm32g4xx_hal_tim.o
                0x08003750                HAL_TIM_Base_Start_IT
 .text.HAL_TIM_PWM_MspInit
                0x0800377c        0x2 Drivers/STM32G4xx_HAL_Driver/Src/stm32g4xx_hal_tim.o
                0x0800377c                HAL_TIM_PWM_MspInit
 .text.HAL_TIM_PeriodElapsedCallback
                0x0800377e        0x2 Drivers/STM32G4xx_HAL_Driver/Src/stm32g4xx_hal_tim.o
                0x0800377e                HAL_TIM_PeriodElapsedCallback
 .text.HAL_TIM_OC_DelayElapsedCallback
                0x08003780        0x2 Drivers/STM32G4xx_HAL_Driver/Src/stm32g4xx_hal_tim.o
                0x08003780                HAL_TIM_OC_DelayElapsedCallback
 .text.HAL_TIM_IC_CaptureCallback
                0x08003782        0x2 Drivers/STM32G4xx_HAL_Driver/Src/stm32g4xx_hal_tim.o
                0x08003782                HAL_TIM_IC_CaptureCallback
 .text.HAL_TIM_PWM_PulseFinishedCallback
                0x08003784        0x2 Drivers/STM32G4xx_HAL_Driver/Src/stm32g4xx_hal_tim.o
                0x08003784                HAL_TIM_PWM_PulseFinishedCallback
 .text.HAL_TIM_TriggerCallback
                0x08003786        0x2 Drivers/STM32G4xx_HAL_Driver/Src/stm32g4xx_hal_tim.o
                0x08003786                HAL_TIM_TriggerCallback
 .text.HAL_TIM_IRQHandler
                0x08003788      0x21e Drivers/STM32G4xx_HAL_Driver/Src/stm32g4xx_hal_tim.o
                0x08003788                HAL_TIM_IRQHandler
 *fill*         0x080039a6        0x2 
 .text.TIM_Base_SetConfig
                0x080039a8       0xe0 Drivers/STM32G4xx_HAL_Driver/Src/stm32g4xx_hal_tim.o
                0x080039a8                TIM_Base_SetConfig
 .text.HAL_TIM_Base_Init
                0x08003a88       0x32 Drivers/STM32G4xx_HAL_Driver/Src/stm32g4xx_hal_tim.o
                0x08003a88                HAL_TIM_Base_Init
 .text.HAL_TIM_PWM_Init
                0x08003aba       0x32 Drivers/STM32G4xx_HAL_Driver/Src/stm32g4xx_hal_tim.o
                0x08003aba                HAL_TIM_PWM_Init
 .text.TIM_OC2_SetConfig
                0x08003aec       0x9c Drivers/STM32G4xx_HAL_Driver/Src/stm32g4xx_hal_tim.o
                0x08003aec                TIM_OC2_SetConfig
 .text.HAL_TIM_PWM_ConfigChannel
                0x08003b88      0x134 Drivers/STM32G4xx_HAL_Driver/Src/stm32g4xx_hal_tim.o
                0x08003b88                HAL_TIM_PWM_ConfigChannel
 .text.TIM_ETR_SetConfig
                0x08003cbc       0x18 Drivers/STM32G4xx_HAL_Driver/Src/stm32g4xx_hal_tim.o
                0x08003cbc                TIM_ETR_SetConfig
 .text.HAL_TIM_ConfigClockSource
                0x08003cd4      0x124 Drivers/STM32G4xx_HAL_Driver/Src/stm32g4xx_hal_tim.o
                0x08003cd4                HAL_TIM_ConfigClockSource
 .text.TIM_CCxChannelCmd
                0x08003df8       0x22 Drivers/STM32G4xx_HAL_Driver/Src/stm32g4xx_hal_tim.o
                0x08003df8                TIM_CCxChannelCmd
 *fill*         0x08003e1a        0x2 
 .text.HAL_TIM_OC_Start
                0x08003e1c       0x6c Drivers/STM32G4xx_HAL_Driver/Src/stm32g4xx_hal_tim.o
                0x08003e1c                HAL_TIM_OC_Start
 .text.HAL_TIM_PWM_Start
                0x08003e88       0x6c Drivers/STM32G4xx_HAL_Driver/Src/stm32g4xx_hal_tim.o
                0x08003e88                HAL_TIM_PWM_Start
 .text.HAL_TIM_PWM_Start_IT
                0x08003ef4       0xb0 Drivers/STM32G4xx_HAL_Driver/Src/stm32g4xx_hal_tim.o
                0x08003ef4                HAL_TIM_PWM_Start_IT
 .text.HAL_TIMEx_MasterConfigSynchronization
                0x08003fa4       0x70 Drivers/STM32G4xx_HAL_Driver/Src/stm32g4xx_hal_tim_ex.o
                0x08003fa4                HAL_TIMEx_MasterConfigSynchronization
 .text.HAL_TIMEx_ConfigBreakDeadTime
                0x08004014       0xd4 Drivers/STM32G4xx_HAL_Driver/Src/stm32g4xx_hal_tim_ex.o
                0x08004014                HAL_TIMEx_ConfigBreakDeadTime
 .text.HAL_TIMEx_CommutCallback
                0x080040e8        0x2 Drivers/STM32G4xx_HAL_Driver/Src/stm32g4xx_hal_tim_ex.o
                0x080040e8                HAL_TIMEx_CommutCallback
 .text.HAL_TIMEx_BreakCallback
                0x080040ea        0x2 Drivers/STM32G4xx_HAL_Driver/Src/stm32g4xx_hal_tim_ex.o
                0x080040ea                HAL_TIMEx_BreakCallback
 .text.HAL_TIMEx_Break2Callback
                0x080040ec        0x2 Drivers/STM32G4xx_HAL_Driver/Src/stm32g4xx_hal_tim_ex.o
                0x080040ec                HAL_TIMEx_Break2Callback
 .text.HAL_TIMEx_EncoderIndexCallback
                0x080040ee        0x2 Drivers/STM32G4xx_HAL_Driver/Src/stm32g4xx_hal_tim_ex.o
                0x080040ee                HAL_TIMEx_EncoderIndexCallback
 .text.HAL_TIMEx_DirectionChangeCallback
                0x080040f0        0x2 Drivers/STM32G4xx_HAL_Driver/Src/stm32g4xx_hal_tim_ex.o
                0x080040f0                HAL_TIMEx_DirectionChangeCallback
 .text.HAL_TIMEx_IndexErrorCallback
                0x080040f2        0x2 Drivers/STM32G4xx_HAL_Driver/Src/stm32g4xx_hal_tim_ex.o
                0x080040f2                HAL_TIMEx_IndexErrorCallback
 .text.HAL_TIMEx_TransitionErrorCallback
                0x080040f4        0x2 Drivers/STM32G4xx_HAL_Driver/Src/stm32g4xx_hal_tim_ex.o
                0x080040f4                HAL_TIMEx_TransitionErrorCallback
 .text.UART_EndTxTransfer
                0x080040f6       0x1c Drivers/STM32G4xx_HAL_Driver/Src/stm32g4xx_hal_uart.o
 .text.UART_EndRxTransfer
                0x08004112       0x24 Drivers/STM32G4xx_HAL_Driver/Src/stm32g4xx_hal_uart.o
 *fill*         0x08004136        0x2 
 .text.HAL_UART_Receive_DMA
                0x08004138       0xb8 Drivers/STM32G4xx_HAL_Driver/Src/stm32g4xx_hal_uart.o
                0x08004138                HAL_UART_Receive_DMA
 .text.UART_DMAReceiveCplt
                0x080041f0       0x40 Drivers/STM32G4xx_HAL_Driver/Src/stm32g4xx_hal_uart.o
 .text.HAL_UART_RxHalfCpltCallback
                0x08004230        0x2 Drivers/STM32G4xx_HAL_Driver/Src/stm32g4xx_hal_uart.o
                0x08004230                HAL_UART_RxHalfCpltCallback
 .text.UART_DMARxHalfCplt
                0x08004232        0xa Drivers/STM32G4xx_HAL_Driver/Src/stm32g4xx_hal_uart.o
 .text.HAL_UART_ErrorCallback
                0x0800423c        0x2 Drivers/STM32G4xx_HAL_Driver/Src/stm32g4xx_hal_uart.o
                0x0800423c                HAL_UART_ErrorCallback
 .text.UART_DMAError
                0x0800423e       0x58 Drivers/STM32G4xx_HAL_Driver/Src/stm32g4xx_hal_uart.o
 *fill*         0x08004296        0x2 
 .text.UART_SetConfig
                0x08004298      0xd50 Drivers/STM32G4xx_HAL_Driver/Src/stm32g4xx_hal_uart.o
                0x08004298                UART_SetConfig
 .text.UART_AdvFeatureConfig
                0x08004fe8       0xca Drivers/STM32G4xx_HAL_Driver/Src/stm32g4xx_hal_uart.o
                0x08004fe8                UART_AdvFeatureConfig
 .text.UART_WaitOnFlagUntilTimeout
                0x080050b2       0x64 Drivers/STM32G4xx_HAL_Driver/Src/stm32g4xx_hal_uart.o
                0x080050b2                UART_WaitOnFlagUntilTimeout
 .text.HAL_UART_Transmit
                0x08005116       0xe0 Drivers/STM32G4xx_HAL_Driver/Src/stm32g4xx_hal_uart.o
                0x08005116                HAL_UART_Transmit
 .text.UART_CheckIdleState
                0x080051f6       0x72 Drivers/STM32G4xx_HAL_Driver/Src/stm32g4xx_hal_uart.o
                0x080051f6                UART_CheckIdleState
 .text.HAL_UART_Init
                0x08005268       0x66 Drivers/STM32G4xx_HAL_Driver/Src/stm32g4xx_hal_uart.o
                0x08005268                HAL_UART_Init
 .text.HAL_HalfDuplex_Init
                0x080052ce       0x72 Drivers/STM32G4xx_HAL_Driver/Src/stm32g4xx_hal_uart.o
                0x080052ce                HAL_HalfDuplex_Init
 .text.UARTEx_SetNbDataToProcess
                0x08005340       0x74 Drivers/STM32G4xx_HAL_Driver/Src/stm32g4xx_hal_uart_ex.o
 .text.HAL_UARTEx_DisableFifoMode
                0x080053b4       0x3e Drivers/STM32G4xx_HAL_Driver/Src/stm32g4xx_hal_uart_ex.o
                0x080053b4                HAL_UARTEx_DisableFifoMode
 .text.HAL_UARTEx_SetTxFifoThreshold
                0x080053f2       0x4a Drivers/STM32G4xx_HAL_Driver/Src/stm32g4xx_hal_uart_ex.o
                0x080053f2                HAL_UARTEx_SetTxFifoThreshold
 .text.HAL_UARTEx_SetRxFifoThreshold
                0x0800543c       0x4a Drivers/STM32G4xx_HAL_Driver/Src/stm32g4xx_hal_uart_ex.o
                0x0800543c                HAL_UARTEx_SetRxFifoThreshold
 *fill*         0x08005486        0x2 
 .text.WS2812_Write_LED
                0x08005488       0x3c Src/WS2812.o
                0x08005488                WS2812_Write_LED
 .text.WS2812_Load
                0x080054c4       0x64 Src/WS2812.o
                0x080054c4                WS2812_Load
 .text.WS2812_Update
                0x08005528      0x130 Src/WS2812.o
                0x08005528                WS2812_Update
 .text.MX_ADC1_Init
                0x08005658       0xbc Src/adc.o
                0x08005658                MX_ADC1_Init
 .text.MX_ADC2_Init
                0x08005714       0xc0 Src/adc.o
                0x08005714                MX_ADC2_Init
 .text.HAL_ADC_MspInit
                0x080057d4      0x164 Src/adc.o
                0x080057d4                HAL_ADC_MspInit
 .text.MX_DMA_Init
                0x08005938       0xa4 Src/dma.o
                0x08005938                MX_DMA_Init
 .text.MX_FDCAN1_Init
                0x080059dc       0x4c Src/fdcan.o
                0x080059dc                MX_FDCAN1_Init
 .text.HAL_FDCAN_MspInit
                0x08005a28       0x7c Src/fdcan.o
                0x08005a28                HAL_FDCAN_MspInit
 .text.FDCAN1_RX_Filter_Init
                0x08005aa4       0x2e Src/fdcan.o
                0x08005aa4                FDCAN1_RX_Filter_Init
 .text.CAN_TX_Init_Data
                0x08005ad2       0x12 Src/fdcan.o
                0x08005ad2                CAN_TX_Init_Data
 .text.FDCAN1_TX
                0x08005ae4       0x28 Src/fdcan.o
                0x08005ae4                FDCAN1_TX
 .text.MX_GPIO_Init
                0x08005b0c       0x78 Src/gpio.o
                0x08005b0c                MX_GPIO_Init
 .text.MX_I2C1_Init
                0x08005b84       0x60 Src/i2c.o
                0x08005b84                MX_I2C1_Init
 .text.HAL_I2C_MspInit
                0x08005be4      0x110 Src/i2c.o
                0x08005be4                HAL_I2C_MspInit
 .text.Variable_Init
                0x08005cf4       0xd8 Src/main.o
                0x08005cf4                Variable_Init
 .text.Peripheral_Init
                0x08005dcc       0x98 Src/main.o
                0x08005dcc                Peripheral_Init
 .text.SystemClock_Config
                0x08005e64       0x8a Src/main.o
                0x08005e64                SystemClock_Config
 .text.main     0x08005eee       0x48 Src/main.o
                0x08005eee                main
 .text.Error_Handler
                0x08005f36        0x2 Src/main.o
                0x08005f36                Error_Handler
 .text.Calculate_TXR_Channel
                0x08005f38       0x70 Src/runtime.o
                0x08005f38                Calculate_TXR_Channel
 .text.Resolve_CAN_RX_Mailbox
                0x08005fa8       0x6c Src/runtime.o
                0x08005fa8                Resolve_CAN_RX_Mailbox
 .text.Calculate_Motor_Speed
                0x08006014      0x108 Src/runtime.o
                0x08006014                Calculate_Motor_Speed
 .text.Update_Motor_Speed
                0x0800611c       0x5c Src/runtime.o
                0x0800611c                Update_Motor_Speed
 .text.Motor_Arm
                0x08006178       0x8c Src/runtime.o
                0x08006178                Motor_Arm
 .text.Motor_Disarm
                0x08006204       0x48 Src/runtime.o
                0x08006204                Motor_Disarm
 .text.Vacuum_Toggle_Check
                0x0800624c       0x4c Src/runtime.o
                0x0800624c                Vacuum_Toggle_Check
 .text.ACK_Toggle_Check
                0x08006298       0xc8 Src/runtime.o
                0x08006298                ACK_Toggle_Check
 .text.Remote_Control_Mode
                0x08006360       0x70 Src/runtime.o
                0x08006360                Remote_Control_Mode
 .text.HAL_MspInit
                0x080063d0       0x40 Src/stm32g4xx_hal_msp.o
                0x080063d0                HAL_MspInit
 .text.NMI_Handler
                0x08006410        0x2 Src/stm32g4xx_it.o
                0x08006410                NMI_Handler
 .text.HardFault_Handler
                0x08006412        0x2 Src/stm32g4xx_it.o
                0x08006412                HardFault_Handler
 .text.MemManage_Handler
                0x08006414        0x2 Src/stm32g4xx_it.o
                0x08006414                MemManage_Handler
 .text.BusFault_Handler
                0x08006416        0x2 Src/stm32g4xx_it.o
                0x08006416                BusFault_Handler
 .text.UsageFault_Handler
                0x08006418        0x2 Src/stm32g4xx_it.o
                0x08006418                UsageFault_Handler
 .text.SVC_Handler
                0x0800641a        0x2 Src/stm32g4xx_it.o
                0x0800641a                SVC_Handler
 .text.DebugMon_Handler
                0x0800641c        0x2 Src/stm32g4xx_it.o
                0x0800641c                DebugMon_Handler
 .text.PendSV_Handler
                0x0800641e        0x2 Src/stm32g4xx_it.o
                0x0800641e                PendSV_Handler
 .text.SysTick_Handler
                0x08006420        0x8 Src/stm32g4xx_it.o
                0x08006420                SysTick_Handler
 .text.DMA1_Channel1_IRQHandler
                0x08006428       0xd0 Src/stm32g4xx_it.o
                0x08006428                DMA1_Channel1_IRQHandler
 .text.DMA1_Channel2_IRQHandler
                0x080064f8       0x10 Src/stm32g4xx_it.o
                0x080064f8                DMA1_Channel2_IRQHandler
 .text.DMA1_Channel3_IRQHandler
                0x08006508       0x10 Src/stm32g4xx_it.o
                0x08006508                DMA1_Channel3_IRQHandler
 .text.DMA1_Channel4_IRQHandler
                0x08006518       0x10 Src/stm32g4xx_it.o
                0x08006518                DMA1_Channel4_IRQHandler
 .text.DMA1_Channel5_IRQHandler
                0x08006528       0x10 Src/stm32g4xx_it.o
                0x08006528                DMA1_Channel5_IRQHandler
 .text.DMA1_Channel6_IRQHandler
                0x08006538       0x10 Src/stm32g4xx_it.o
                0x08006538                DMA1_Channel6_IRQHandler
 .text.DMA1_Channel7_IRQHandler
                0x08006548       0x28 Src/stm32g4xx_it.o
                0x08006548                DMA1_Channel7_IRQHandler
 .text.FDCAN1_IT1_IRQHandler
                0x08006570       0x10 Src/stm32g4xx_it.o
                0x08006570                FDCAN1_IT1_IRQHandler
 .text.TIM4_IRQHandler
                0x08006580       0xb0 Src/stm32g4xx_it.o
                0x08006580                TIM4_IRQHandler
 .text.TIM6_DAC_IRQHandler
                0x08006630       0x4c Src/stm32g4xx_it.o
                0x08006630                TIM6_DAC_IRQHandler
 .text.HAL_UART_RxCpltCallback
                0x0800667c       0xac Src/stm32g4xx_it.o
                0x0800667c                HAL_UART_RxCpltCallback
 .text.HAL_FDCAN_RxFifo0Callback
                0x08006728       0x10 Src/stm32g4xx_it.o
                0x08006728                HAL_FDCAN_RxFifo0Callback
 .text.SystemInit
                0x08006738       0x1c Src/system_stm32g4xx.o
                0x08006738                SystemInit
 .text.MX_TIM6_Init
                0x08006754       0x54 Src/tim.o
                0x08006754                MX_TIM6_Init
 .text.HAL_TIM_Base_MspInit
                0x080067a8       0x90 Src/tim.o
                0x080067a8                HAL_TIM_Base_MspInit
 .text.HAL_TIM_MspPostInit
                0x08006838       0x90 Src/tim.o
                0x08006838                HAL_TIM_MspPostInit
 .text.MX_TIM1_Init
                0x080068c8      0x104 Src/tim.o
                0x080068c8                MX_TIM1_Init
 .text.MX_TIM4_Init
                0x080069cc       0xbc Src/tim.o
                0x080069cc                MX_TIM4_Init
 .text.MX_UART4_Init
                0x08006a88       0x68 Src/usart.o
                0x08006a88                MX_UART4_Init
 .text.MX_UART5_Init
                0x08006af0       0x68 Src/usart.o
                0x08006af0                MX_UART5_Init
 .text.MX_USART3_UART_Init
                0x08006b58       0x80 Src/usart.o
                0x08006b58                MX_USART3_UART_Init
 .text.HAL_UART_MspInit
                0x08006bd8      0x1cc Src/usart.o
                0x08006bd8                HAL_UART_MspInit
 .text.Reset_Handler
                0x08006da4       0x50 startup/startup_stm32g474xx.o
                0x08006da4                Reset_Handler
 .text.Default_Handler
                0x08006df4        0x2 startup/startup_stm32g474xx.o
                0x08006df4                RTC_Alarm_IRQHandler
                0x08006df4                EXTI2_IRQHandler
                0x08006df4                TIM8_TRG_COM_IRQHandler
                0x08006df4                TIM8_CC_IRQHandler
                0x08006df4                HRTIM1_Master_IRQHandler
                0x08006df4                SPI4_IRQHandler
                0x08006df4                FDCAN3_IT0_IRQHandler
                0x08006df4                TIM1_CC_IRQHandler
                0x08006df4                HRTIM1_FLT_IRQHandler
                0x08006df4                HRTIM1_TIMF_IRQHandler
                0x08006df4                USB_HP_IRQHandler
                0x08006df4                CORDIC_IRQHandler
                0x08006df4                HRTIM1_TIMD_IRQHandler
                0x08006df4                DMA2_Channel8_IRQHandler
                0x08006df4                EXTI3_IRQHandler
                0x08006df4                I2C3_ER_IRQHandler
                0x08006df4                EXTI0_IRQHandler
                0x08006df4                I2C2_EV_IRQHandler
                0x08006df4                FPU_IRQHandler
                0x08006df4                TIM1_UP_TIM16_IRQHandler
                0x08006df4                ADC1_2_IRQHandler
                0x08006df4                HRTIM1_TIME_IRQHandler
                0x08006df4                SPI1_IRQHandler
                0x08006df4                HRTIM1_TIMC_IRQHandler
                0x08006df4                TIM8_UP_IRQHandler
                0x08006df4                DMA2_Channel2_IRQHandler
                0x08006df4                TIM20_TRG_COM_IRQHandler
                0x08006df4                USART3_IRQHandler
                0x08006df4                UART5_IRQHandler
                0x08006df4                ADC3_IRQHandler
                0x08006df4                DMA2_Channel1_IRQHandler
                0x08006df4                QUADSPI_IRQHandler
                0x08006df4                I2C1_EV_IRQHandler
                0x08006df4                UART4_IRQHandler
                0x08006df4                DMA2_Channel4_IRQHandler
                0x08006df4                TIM3_IRQHandler
                0x08006df4                RCC_IRQHandler
                0x08006df4                TIM20_UP_IRQHandler
                0x08006df4                Default_Handler
                0x08006df4                DMA2_Channel7_IRQHandler
                0x08006df4                RTC_TAMP_LSECSS_IRQHandler
                0x08006df4                FMAC_IRQHandler
                0x08006df4                EXTI15_10_IRQHandler
                0x08006df4                DMA1_Channel8_IRQHandler
                0x08006df4                HRTIM1_TIMA_IRQHandler
                0x08006df4                TIM7_DAC_IRQHandler
                0x08006df4                FDCAN3_IT1_IRQHandler
                0x08006df4                TIM5_IRQHandler
                0x08006df4                UCPD1_IRQHandler
                0x08006df4                I2C3_EV_IRQHandler
                0x08006df4                EXTI9_5_IRQHandler
                0x08006df4                RTC_WKUP_IRQHandler
                0x08006df4                PVD_PVM_IRQHandler
                0x08006df4                SPI2_IRQHandler
                0x08006df4                ADC5_IRQHandler
                0x08006df4                DMA2_Channel5_IRQHandler
                0x08006df4                CRS_IRQHandler
                0x08006df4                USB_LP_IRQHandler
                0x08006df4                EXTI4_IRQHandler
                0x08006df4                RNG_IRQHandler
                0x08006df4                HRTIM1_TIMB_IRQHandler
                0x08006df4                TIM1_TRG_COM_TIM17_IRQHandler
                0x08006df4                FDCAN2_IT1_IRQHandler
                0x08006df4                ADC4_IRQHandler
                0x08006df4                WWDG_IRQHandler
                0x08006df4                I2C4_EV_IRQHandler
                0x08006df4                FDCAN2_IT0_IRQHandler
                0x08006df4                LPUART1_IRQHandler
                0x08006df4                DMA2_Channel6_IRQHandler
                0x08006df4                FDCAN1_IT0_IRQHandler
                0x08006df4                TIM2_IRQHandler
                0x08006df4                COMP7_IRQHandler
                0x08006df4                COMP1_2_3_IRQHandler
                0x08006df4                EXTI1_IRQHandler
                0x08006df4                USART2_IRQHandler
                0x08006df4                COMP4_5_6_IRQHandler
                0x08006df4                TIM20_BRK_IRQHandler
                0x08006df4                I2C2_ER_IRQHandler
                0x08006df4                TIM8_BRK_IRQHandler
                0x08006df4                FLASH_IRQHandler
                0x08006df4                TIM20_CC_IRQHandler
                0x08006df4                USART1_IRQHandler
                0x08006df4                SPI3_IRQHandler
                0x08006df4                I2C1_ER_IRQHandler
                0x08006df4                FMC_IRQHandler
                0x08006df4                LPTIM1_IRQHandler
                0x08006df4                DMAMUX_OVR_IRQHandler
                0x08006df4                I2C4_ER_IRQHandler
                0x08006df4                USBWakeUp_IRQHandler
                0x08006df4                SAI1_IRQHandler
                0x08006df4                DMA2_Channel3_IRQHandler
                0x08006df4                TIM1_BRK_TIM15_IRQHandler
 *fill*         0x08006df6        0x2 
 .text.__libc_init_array
                0x08006df8       0x48 c:/ac6/systemworkbench/plugins/fr.ac6.mcu.externaltools.arm-none.win32_1.17.0.201812190825/tools/compiler/bin/../lib/gcc/arm-none-eabi/7.3.1/../../../../arm-none-eabi/lib/thumb/v7e-m/fpv4-sp/hard\libc_nano.a(lib_a-init.o)
                0x08006df8                __libc_init_array
 .text.memset   0x08006e40       0x10 c:/ac6/systemworkbench/plugins/fr.ac6.mcu.externaltools.arm-none.win32_1.17.0.201812190825/tools/compiler/bin/../lib/gcc/arm-none-eabi/7.3.1/../../../../arm-none-eabi/lib/thumb/v7e-m/fpv4-sp/hard\libc_nano.a(lib_a-memset.o)
                0x08006e40                memset
 *(.glue_7)
 .glue_7        0x08006e50        0x0 linker stubs
 *(.glue_7t)
 .glue_7t       0x08006e50        0x0 linker stubs
 *(.eh_frame)
 .eh_frame      0x08006e50        0x0 c:/ac6/systemworkbench/plugins/fr.ac6.mcu.externaltools.arm-none.win32_1.17.0.201812190825/tools/compiler/bin/../lib/gcc/arm-none-eabi/7.3.1/thumb/v7e-m/fpv4-sp/hard/crtbegin.o
 *(.init)
 .init          0x08006e50        0x4 c:/ac6/systemworkbench/plugins/fr.ac6.mcu.externaltools.arm-none.win32_1.17.0.201812190825/tools/compiler/bin/../lib/gcc/arm-none-eabi/7.3.1/thumb/v7e-m/fpv4-sp/hard/crti.o
                0x08006e50                _init
 .init          0x08006e54        0x8 c:/ac6/systemworkbench/plugins/fr.ac6.mcu.externaltools.arm-none.win32_1.17.0.201812190825/tools/compiler/bin/../lib/gcc/arm-none-eabi/7.3.1/thumb/v7e-m/fpv4-sp/hard/crtn.o
 *(.fini)
 .fini          0x08006e5c        0x4 c:/ac6/systemworkbench/plugins/fr.ac6.mcu.externaltools.arm-none.win32_1.17.0.201812190825/tools/compiler/bin/../lib/gcc/arm-none-eabi/7.3.1/thumb/v7e-m/fpv4-sp/hard/crti.o
                0x08006e5c                _fini
 .fini          0x08006e60        0x8 c:/ac6/systemworkbench/plugins/fr.ac6.mcu.externaltools.arm-none.win32_1.17.0.201812190825/tools/compiler/bin/../lib/gcc/arm-none-eabi/7.3.1/thumb/v7e-m/fpv4-sp/hard/crtn.o
                0x08006e68                . = ALIGN (0x4)
                0x08006e68                _etext = .

.vfp11_veneer   0x08006e68        0x0
 .vfp11_veneer  0x08006e68        0x0 linker stubs

.v4_bx          0x08006e68        0x0
 .v4_bx         0x08006e68        0x0 linker stubs

.iplt           0x08006e68        0x0
 .iplt          0x08006e68        0x0 c:/ac6/systemworkbench/plugins/fr.ac6.mcu.externaltools.arm-none.win32_1.17.0.201812190825/tools/compiler/bin/../lib/gcc/arm-none-eabi/7.3.1/thumb/v7e-m/fpv4-sp/hard/crtbegin.o

.rodata         0x08006e68       0x38
                0x08006e68                . = ALIGN (0x4)
 *(.rodata)
 .rodata        0x08006e68       0x10 Drivers/STM32G4xx_HAL_Driver/Src/stm32g4xx_hal_fdcan.o
 .rodata        0x08006e78       0x10 Drivers/STM32G4xx_HAL_Driver/Src/stm32g4xx_hal_uart_ex.o
 .rodata        0x08006e88       0x18 Src/system_stm32g4xx.o
                0x08006e88                AHBPrescTable
                0x08006e98                APBPrescTable
 *(.rodata*)
                0x08006ea0                . = ALIGN (0x4)

.ARM.extab
 *(.ARM.extab* .gnu.linkonce.armextab.*)

.ARM            0x08006ea0        0x8
                0x08006ea0                __exidx_start = .
 *(.ARM.exidx*)
 .ARM.exidx     0x08006ea0        0x8 c:/ac6/systemworkbench/plugins/fr.ac6.mcu.externaltools.arm-none.win32_1.17.0.201812190825/tools/compiler/bin/../lib/gcc/arm-none-eabi/7.3.1/thumb/v7e-m/fpv4-sp/hard\libgcc.a(_udivmoddi4.o)
                0x08006ea8                __exidx_end = .

.rel.dyn        0x08006ea8        0x0
 .rel.iplt      0x08006ea8        0x0 c:/ac6/systemworkbench/plugins/fr.ac6.mcu.externaltools.arm-none.win32_1.17.0.201812190825/tools/compiler/bin/../lib/gcc/arm-none-eabi/7.3.1/thumb/v7e-m/fpv4-sp/hard/crtbegin.o

.preinit_array  0x08006ea8        0x0
                0x08006ea8                PROVIDE (__preinit_array_start = .)
 *(.preinit_array*)
                0x08006ea8                PROVIDE (__preinit_array_end = .)

.init_array     0x08006ea8        0x4
                0x08006ea8                PROVIDE (__init_array_start = .)
 *(SORT_BY_NAME(.init_array.*))
 *(.init_array*)
 .init_array    0x08006ea8        0x4 c:/ac6/systemworkbench/plugins/fr.ac6.mcu.externaltools.arm-none.win32_1.17.0.201812190825/tools/compiler/bin/../lib/gcc/arm-none-eabi/7.3.1/thumb/v7e-m/fpv4-sp/hard/crtbegin.o
                0x08006eac                PROVIDE (__init_array_end = .)

.fini_array     0x08006eac        0x4
                [!provide]                PROVIDE (__fini_array_start = .)
 *(SORT_BY_NAME(.fini_array.*))
 *(.fini_array*)
 .fini_array    0x08006eac        0x4 c:/ac6/systemworkbench/plugins/fr.ac6.mcu.externaltools.arm-none.win32_1.17.0.201812190825/tools/compiler/bin/../lib/gcc/arm-none-eabi/7.3.1/thumb/v7e-m/fpv4-sp/hard/crtbegin.o
                [!provide]                PROVIDE (__fini_array_end = .)
                0x08006eb0                _sidata = LOADADDR (.data)

.data           0x20000000        0xc load address 0x08006eb0
                0x20000000                . = ALIGN (0x4)
                0x20000000                _sdata = .
 *(.data)
 .data          0x20000000        0x8 Drivers/STM32G4xx_HAL_Driver/Src/stm32g4xx_hal.o
                0x20000000                uwTickFreq
                0x20000004                uwTickPrio
 .data          0x20000008        0x4 Src/system_stm32g4xx.o
                0x20000008                SystemCoreClock
 *(.data*)
                0x2000000c                . = ALIGN (0x4)
                0x2000000c                _edata = .

.igot.plt       0x2000000c        0x0 load address 0x08006ebc
 .igot.plt      0x2000000c        0x0 c:/ac6/systemworkbench/plugins/fr.ac6.mcu.externaltools.arm-none.win32_1.17.0.201812190825/tools/compiler/bin/../lib/gcc/arm-none-eabi/7.3.1/thumb/v7e-m/fpv4-sp/hard/crtbegin.o
                0x2000000c                . = ALIGN (0x4)

.bss            0x2000000c      0x7c4 load address 0x08006ebc
                0x2000000c                _sbss = .
                0x2000000c                __bss_start__ = _sbss
 *(.bss)
 .bss           0x2000000c       0x1c c:/ac6/systemworkbench/plugins/fr.ac6.mcu.externaltools.arm-none.win32_1.17.0.201812190825/tools/compiler/bin/../lib/gcc/arm-none-eabi/7.3.1/thumb/v7e-m/fpv4-sp/hard/crtbegin.o
 .bss           0x20000028        0x4 Src/adc.o
 *(.bss*)
 *(COMMON)
 COMMON         0x2000002c        0x4 Drivers/STM32G4xx_HAL_Driver/Src/stm32g4xx_hal.o
                0x2000002c                uwTick
 COMMON         0x20000030      0x113 Src/SRF02.o
                0x20000030                RAMPD
                0x20000034                Battery_Control_Voltage
                0x20000038                CAN_RX_Buffer
                0x2000003c                CAN_RX_Mailbox
                0x2000003d                Vacuum_Armed
                0x20000040                SRF02_Side_Stop_Time
                0x20000044                SRF02_Left_Buffer
                0x20000046                LESC_Status
                0x20000048                SRF02_Right_Buffer
                0x2000004a                RightMotorSpeed
                0x2000004c                TXR_Status
                0x20000050                ESC_Right
                0x2000005e                SRF02_Left_Status
                0x2000005f                mode
                0x20000060                SRF02_Right_Status
                0x20000064                test
                0x20000068                ACK_Toggle
                0x2000006a                LeftMotorSpeed
                0x2000006c                ESC_Left
                0x2000007c                Battery_Voltage_Sample
                0x200000a4                SRF02_Side_Status
                0x200000a5                RESC_Status
                0x200000a6                SRF02_Side_Distance
                0x200000a8                SRF02_Left_Stop_Time
                0x200000ac                SRF02_Right_Distance
                0x200000b0                LINE_ADC
                0x200000bc                CAN_TX_Buffer
                0x200000c8                TXR_Buffer
                0x200000f0                LED
                0x20000104                Battery_Drive_Voltage
                0x20000108                LED_Counter
                0x2000010c                SRF02_Right_Stop_Time
                0x20000110                Bit_Counter
                0x20000114                RX_Header
                0x2000013c                SRF02_Side_Buffer
                0x2000013e                SRF02_Left_Distance
                0x20000140                BOOP
                0x20000141                Motor_Armed
                0x20000142                Battery_Voltage_Sample_Counter
 *fill*         0x20000143        0x1 
 COMMON         0x20000144      0x198 Src/adc.o
                0x20000144                hadc2
                0x200001b0                hadc1
                0x2000021c                hdma_adc1
                0x2000027c                hdma_adc2
 COMMON         0x200002dc       0x64 Src/fdcan.o
                0x200002dc                hfdcan1
 COMMON         0x20000340      0x10c Src/i2c.o
                0x20000340                hdma_i2c1_tx
                0x200003a0                hi2c1
                0x200003ec                hdma_i2c1_rx
 COMMON         0x2000044c       0xc0 Src/tim.o
                0x2000044c                htim4
                0x2000048c                htim6
                0x200004cc                htim1
 COMMON         0x2000050c      0x2c4 Src/usart.o
                0x2000050c                hdma_uart4_rx
                0x2000056c                hdma_usart3_rx
                0x200005cc                huart3
                0x20000658                huart5
                0x200006e4                huart4
                0x20000770                hdma_uart5_rx
                0x200007d0                . = ALIGN (0x4)
                0x200007d0                _ebss = .
                0x200007d0                __bss_end__ = _ebss

._user_heap_stack
                0x200007d0      0x600 load address 0x08006ebc
                0x200007d0                . = ALIGN (0x8)
                0x200007d0                PROVIDE (end = .)
                [!provide]                PROVIDE (_end = .)
                0x200009d0                . = (. + _Min_Heap_Size)
 *fill*         0x200007d0      0x200 
                0x20000dd0                . = (. + _Min_Stack_Size)
 *fill*         0x200009d0      0x400 
                0x20000dd0                . = ALIGN (0x8)

/DISCARD/
 libc.a(*)
 libm.a(*)
 libgcc.a(*)

.ARM.attributes
                0x00000000       0x30
 *(.ARM.attributes)
 .ARM.attributes
                0x00000000       0x22 c:/ac6/systemworkbench/plugins/fr.ac6.mcu.externaltools.arm-none.win32_1.17.0.201812190825/tools/compiler/bin/../lib/gcc/arm-none-eabi/7.3.1/thumb/v7e-m/fpv4-sp/hard/crti.o
 .ARM.attributes
                0x00000022       0x34 c:/ac6/systemworkbench/plugins/fr.ac6.mcu.externaltools.arm-none.win32_1.17.0.201812190825/tools/compiler/bin/../lib/gcc/arm-none-eabi/7.3.1/thumb/v7e-m/fpv4-sp/hard/crtbegin.o
 .ARM.attributes
                0x00000056       0x39 Drivers/STM32G4xx_HAL_Driver/Src/stm32g4xx_hal.o
 .ARM.attributes
                0x0000008f       0x39 Drivers/STM32G4xx_HAL_Driver/Src/stm32g4xx_hal_adc.o
 .ARM.attributes
                0x000000c8       0x39 Drivers/STM32G4xx_HAL_Driver/Src/stm32g4xx_hal_adc_ex.o
 .ARM.attributes
                0x00000101       0x39 Drivers/STM32G4xx_HAL_Driver/Src/stm32g4xx_hal_cortex.o
 .ARM.attributes
                0x0000013a       0x39 Drivers/STM32G4xx_HAL_Driver/Src/stm32g4xx_hal_dma.o
 .ARM.attributes
                0x00000173       0x39 Drivers/STM32G4xx_HAL_Driver/Src/stm32g4xx_hal_fdcan.o
 .ARM.attributes
                0x000001ac       0x39 Drivers/STM32G4xx_HAL_Driver/Src/stm32g4xx_hal_gpio.o
 .ARM.attributes
                0x000001e5       0x39 Drivers/STM32G4xx_HAL_Driver/Src/stm32g4xx_hal_i2c.o
 .ARM.attributes
                0x0000021e       0x39 Drivers/STM32G4xx_HAL_Driver/Src/stm32g4xx_hal_i2c_ex.o
 .ARM.attributes
                0x00000257       0x39 Drivers/STM32G4xx_HAL_Driver/Src/stm32g4xx_hal_pwr_ex.o
 .ARM.attributes
                0x00000290       0x39 Drivers/STM32G4xx_HAL_Driver/Src/stm32g4xx_hal_rcc.o
 .ARM.attributes
                0x000002c9       0x39 Drivers/STM32G4xx_HAL_Driver/Src/stm32g4xx_hal_rcc_ex.o
 .ARM.attributes
                0x00000302       0x39 Drivers/STM32G4xx_HAL_Driver/Src/stm32g4xx_hal_tim.o
 .ARM.attributes
                0x0000033b       0x39 Drivers/STM32G4xx_HAL_Driver/Src/stm32g4xx_hal_tim_ex.o
 .ARM.attributes
                0x00000374       0x39 Drivers/STM32G4xx_HAL_Driver/Src/stm32g4xx_hal_uart.o
 .ARM.attributes
                0x000003ad       0x39 Drivers/STM32G4xx_HAL_Driver/Src/stm32g4xx_hal_uart_ex.o
 .ARM.attributes
                0x000003e6       0x39 Src/SRF02.o
 .ARM.attributes
                0x0000041f       0x39 Src/WS2812.o
 .ARM.attributes
                0x00000458       0x39 Src/adc.o
 .ARM.attributes
                0x00000491       0x39 Src/dma.o
 .ARM.attributes
                0x000004ca       0x39 Src/fdcan.o
 .ARM.attributes
                0x00000503       0x39 Src/gpio.o
 .ARM.attributes
                0x0000053c       0x39 Src/i2c.o
 .ARM.attributes
                0x00000575       0x39 Src/main.o
 .ARM.attributes
                0x000005ae       0x39 Src/runtime.o
 .ARM.attributes
                0x000005e7       0x39 Src/stm32g4xx_hal_msp.o
 .ARM.attributes
                0x00000620       0x39 Src/stm32g4xx_it.o
 .ARM.attributes
                0x00000659       0x39 Src/system_stm32g4xx.o
 .ARM.attributes
                0x00000692       0x39 Src/tim.o
 .ARM.attributes
                0x000006cb       0x39 Src/usart.o
 .ARM.attributes
                0x00000704       0x21 startup/startup_stm32g474xx.o
 .ARM.attributes
                0x00000725       0x22 c:/ac6/systemworkbench/plugins/fr.ac6.mcu.externaltools.arm-none.win32_1.17.0.201812190825/tools/compiler/bin/../lib/gcc/arm-none-eabi/7.3.1/thumb/v7e-m/fpv4-sp/hard\libgcc.a(_arm_addsubdf3.o)
 .ARM.attributes
                0x00000747       0x22 c:/ac6/systemworkbench/plugins/fr.ac6.mcu.externaltools.arm-none.win32_1.17.0.201812190825/tools/compiler/bin/../lib/gcc/arm-none-eabi/7.3.1/thumb/v7e-m/fpv4-sp/hard\libgcc.a(_arm_muldivdf3.o)
 .ARM.attributes
                0x00000769       0x22 c:/ac6/systemworkbench/plugins/fr.ac6.mcu.externaltools.arm-none.win32_1.17.0.201812190825/tools/compiler/bin/../lib/gcc/arm-none-eabi/7.3.1/thumb/v7e-m/fpv4-sp/hard\libgcc.a(_arm_truncdfsf2.o)
 .ARM.attributes
                0x0000078b       0x22 c:/ac6/systemworkbench/plugins/fr.ac6.mcu.externaltools.arm-none.win32_1.17.0.201812190825/tools/compiler/bin/../lib/gcc/arm-none-eabi/7.3.1/thumb/v7e-m/fpv4-sp/hard\libgcc.a(_aeabi_uldivmod.o)
 .ARM.attributes
                0x000007ad       0x34 c:/ac6/systemworkbench/plugins/fr.ac6.mcu.externaltools.arm-none.win32_1.17.0.201812190825/tools/compiler/bin/../lib/gcc/arm-none-eabi/7.3.1/thumb/v7e-m/fpv4-sp/hard\libgcc.a(_udivmoddi4.o)
 .ARM.attributes
                0x000007e1       0x22 c:/ac6/systemworkbench/plugins/fr.ac6.mcu.externaltools.arm-none.win32_1.17.0.201812190825/tools/compiler/bin/../lib/gcc/arm-none-eabi/7.3.1/thumb/v7e-m/fpv4-sp/hard\libgcc.a(_dvmd_tls.o)
 .ARM.attributes
                0x00000803       0x34 c:/ac6/systemworkbench/plugins/fr.ac6.mcu.externaltools.arm-none.win32_1.17.0.201812190825/tools/compiler/bin/../lib/gcc/arm-none-eabi/7.3.1/../../../../arm-none-eabi/lib/thumb/v7e-m/fpv4-sp/hard\libc_nano.a(lib_a-init.o)
 .ARM.attributes
                0x00000837       0x34 c:/ac6/systemworkbench/plugins/fr.ac6.mcu.externaltools.arm-none.win32_1.17.0.201812190825/tools/compiler/bin/../lib/gcc/arm-none-eabi/7.3.1/../../../../arm-none-eabi/lib/thumb/v7e-m/fpv4-sp/hard\libc_nano.a(lib_a-memset.o)
 .ARM.attributes
                0x0000086b       0x22 c:/ac6/systemworkbench/plugins/fr.ac6.mcu.externaltools.arm-none.win32_1.17.0.201812190825/tools/compiler/bin/../lib/gcc/arm-none-eabi/7.3.1/thumb/v7e-m/fpv4-sp/hard/crtn.o
OUTPUT(TestSumo.elf elf32-littlearm)

.debug_info     0x00000000    0x346eb
 .debug_info    0x00000000      0xd18 Drivers/STM32G4xx_HAL_Driver/Src/stm32g4xx_hal.o
 .debug_info    0x00000d18     0x2eec Drivers/STM32G4xx_HAL_Driver/Src/stm32g4xx_hal_adc.o
 .debug_info    0x00003c04     0x289c Drivers/STM32G4xx_HAL_Driver/Src/stm32g4xx_hal_adc_ex.o
 .debug_info    0x000064a0     0x10d5 Drivers/STM32G4xx_HAL_Driver/Src/stm32g4xx_hal_cortex.o
 .debug_info    0x00007575      0xae9 Drivers/STM32G4xx_HAL_Driver/Src/stm32g4xx_hal_dma.o
 .debug_info    0x0000805e     0x1b4e Drivers/STM32G4xx_HAL_Driver/Src/stm32g4xx_hal_fdcan.o
 .debug_info    0x00009bac      0x970 Drivers/STM32G4xx_HAL_Driver/Src/stm32g4xx_hal_gpio.o
 .debug_info    0x0000a51c     0x3ae5 Drivers/STM32G4xx_HAL_Driver/Src/stm32g4xx_hal_i2c.o
 .debug_info    0x0000e001      0xc45 Drivers/STM32G4xx_HAL_Driver/Src/stm32g4xx_hal_i2c_ex.o
 .debug_info    0x0000ec46      0xaea Drivers/STM32G4xx_HAL_Driver/Src/stm32g4xx_hal_pwr_ex.o
 .debug_info    0x0000f730      0xf15 Drivers/STM32G4xx_HAL_Driver/Src/stm32g4xx_hal_rcc.o
 .debug_info    0x00010645      0xfd0 Drivers/STM32G4xx_HAL_Driver/Src/stm32g4xx_hal_rcc_ex.o
 .debug_info    0x00011615     0x36be Drivers/STM32G4xx_HAL_Driver/Src/stm32g4xx_hal_tim.o
 .debug_info    0x00014cd3     0x1e70 Drivers/STM32G4xx_HAL_Driver/Src/stm32g4xx_hal_tim_ex.o
 .debug_info    0x00016b43     0x2040 Drivers/STM32G4xx_HAL_Driver/Src/stm32g4xx_hal_uart.o
 .debug_info    0x00018b83      0xda6 Drivers/STM32G4xx_HAL_Driver/Src/stm32g4xx_hal_uart_ex.o
 .debug_info    0x00019929     0x1c5c Src/SRF02.o
 .debug_info    0x0001b585     0x1d39 Src/WS2812.o
 .debug_info    0x0001d2be     0x214d Src/adc.o
 .debug_info    0x0001f40b     0x1fa1 Src/dma.o
 .debug_info    0x000213ac     0x22bd Src/fdcan.o
 .debug_info    0x00023669     0x1d03 Src/gpio.o
 .debug_info    0x0002536c     0x1ecb Src/i2c.o
 .debug_info    0x00027237     0x2368 Src/main.o
 .debug_info    0x0002959f     0x228e Src/runtime.o
 .debug_info    0x0002b82d     0x1d11 Src/stm32g4xx_hal_msp.o
 .debug_info    0x0002d53e     0x2047 Src/stm32g4xx_it.o
 .debug_info    0x0002f585      0x6b4 Src/system_stm32g4xx.o
 .debug_info    0x0002fc39     0x25ee Src/tim.o
 .debug_info    0x00032227     0x24a2 Src/usart.o
 .debug_info    0x000346c9       0x22 startup/startup_stm32g474xx.o

.debug_abbrev   0x00000000     0x4572
 .debug_abbrev  0x00000000      0x209 Drivers/STM32G4xx_HAL_Driver/Src/stm32g4xx_hal.o
 .debug_abbrev  0x00000209      0x294 Drivers/STM32G4xx_HAL_Driver/Src/stm32g4xx_hal_adc.o
 .debug_abbrev  0x0000049d      0x301 Drivers/STM32G4xx_HAL_Driver/Src/stm32g4xx_hal_adc_ex.o
 .debug_abbrev  0x0000079e      0x31d Drivers/STM32G4xx_HAL_Driver/Src/stm32g4xx_hal_cortex.o
 .debug_abbrev  0x00000abb      0x231 Drivers/STM32G4xx_HAL_Driver/Src/stm32g4xx_hal_dma.o
 .debug_abbrev  0x00000cec      0x1cc Drivers/STM32G4xx_HAL_Driver/Src/stm32g4xx_hal_fdcan.o
 .debug_abbrev  0x00000eb8      0x1de Drivers/STM32G4xx_HAL_Driver/Src/stm32g4xx_hal_gpio.o
 .debug_abbrev  0x00001096      0x25d Drivers/STM32G4xx_HAL_Driver/Src/stm32g4xx_hal_i2c.o
 .debug_abbrev  0x000012f3      0x1b9 Drivers/STM32G4xx_HAL_Driver/Src/stm32g4xx_hal_i2c_ex.o
 .debug_abbrev  0x000014ac      0x210 Drivers/STM32G4xx_HAL_Driver/Src/stm32g4xx_hal_pwr_ex.o
 .debug_abbrev  0x000016bc      0x23b Drivers/STM32G4xx_HAL_Driver/Src/stm32g4xx_hal_rcc.o
 .debug_abbrev  0x000018f7      0x234 Drivers/STM32G4xx_HAL_Driver/Src/stm32g4xx_hal_rcc_ex.o
 .debug_abbrev  0x00001b2b      0x251 Drivers/STM32G4xx_HAL_Driver/Src/stm32g4xx_hal_tim.o
 .debug_abbrev  0x00001d7c      0x262 Drivers/STM32G4xx_HAL_Driver/Src/stm32g4xx_hal_tim_ex.o
 .debug_abbrev  0x00001fde      0x24d Drivers/STM32G4xx_HAL_Driver/Src/stm32g4xx_hal_uart.o
 .debug_abbrev  0x0000222b      0x226 Drivers/STM32G4xx_HAL_Driver/Src/stm32g4xx_hal_uart_ex.o
 .debug_abbrev  0x00002451      0x278 Src/SRF02.o
 .debug_abbrev  0x000026c9      0x27c Src/WS2812.o
 .debug_abbrev  0x00002945      0x268 Src/adc.o
 .debug_abbrev  0x00002bad      0x231 Src/dma.o
 .debug_abbrev  0x00002dde      0x2a3 Src/fdcan.o
 .debug_abbrev  0x00003081      0x21b Src/gpio.o
 .debug_abbrev  0x0000329c      0x255 Src/i2c.o
 .debug_abbrev  0x000034f1      0x2b4 Src/main.o
 .debug_abbrev  0x000037a5      0x281 Src/runtime.o
 .debug_abbrev  0x00003a26      0x211 Src/stm32g4xx_hal_msp.o
 .debug_abbrev  0x00003c37      0x2bf Src/stm32g4xx_it.o
 .debug_abbrev  0x00003ef6      0x147 Src/system_stm32g4xx.o
 .debug_abbrev  0x0000403d      0x2a5 Src/tim.o
 .debug_abbrev  0x000042e2      0x27e Src/usart.o
 .debug_abbrev  0x00004560       0x12 startup/startup_stm32g474xx.o

.debug_loc      0x00000000    0x1578e
 .debug_loc     0x00000000      0x212 Drivers/STM32G4xx_HAL_Driver/Src/stm32g4xx_hal.o
 .debug_loc     0x00000212     0x206e Drivers/STM32G4xx_HAL_Driver/Src/stm32g4xx_hal_adc.o
 .debug_loc     0x00002280     0x1d95 Drivers/STM32G4xx_HAL_Driver/Src/stm32g4xx_hal_adc_ex.o
 .debug_loc     0x00004015      0x5ba Drivers/STM32G4xx_HAL_Driver/Src/stm32g4xx_hal_cortex.o
 .debug_loc     0x000045cf      0x817 Drivers/STM32G4xx_HAL_Driver/Src/stm32g4xx_hal_dma.o
 .debug_loc     0x00004de6     0x143b Drivers/STM32G4xx_HAL_Driver/Src/stm32g4xx_hal_fdcan.o
 .debug_loc     0x00006221      0x2bd Drivers/STM32G4xx_HAL_Driver/Src/stm32g4xx_hal_gpio.o
 .debug_loc     0x000064de     0x462f Drivers/STM32G4xx_HAL_Driver/Src/stm32g4xx_hal_i2c.o
 .debug_loc     0x0000ab0d      0x204 Drivers/STM32G4xx_HAL_Driver/Src/stm32g4xx_hal_i2c_ex.o
 .debug_loc     0x0000ad11      0x8d5 Drivers/STM32G4xx_HAL_Driver/Src/stm32g4xx_hal_pwr_ex.o
 .debug_loc     0x0000b5e6      0x652 Drivers/STM32G4xx_HAL_Driver/Src/stm32g4xx_hal_rcc.o
 .debug_loc     0x0000bc38     0x17b7 Drivers/STM32G4xx_HAL_Driver/Src/stm32g4xx_hal_rcc_ex.o
 .debug_loc     0x0000d3ef     0x3cef Drivers/STM32G4xx_HAL_Driver/Src/stm32g4xx_hal_tim.o
 .debug_loc     0x000110de     0x1d9d Drivers/STM32G4xx_HAL_Driver/Src/stm32g4xx_hal_tim_ex.o
 .debug_loc     0x00012e7b     0x1b6b Drivers/STM32G4xx_HAL_Driver/Src/stm32g4xx_hal_uart.o
 .debug_loc     0x000149e6      0x4a1 Drivers/STM32G4xx_HAL_Driver/Src/stm32g4xx_hal_uart_ex.o
 .debug_loc     0x00014e87      0x145 Src/SRF02.o
 .debug_loc     0x00014fcc      0x12c Src/WS2812.o
 .debug_loc     0x000150f8       0xc0 Src/adc.o
 .debug_loc     0x000151b8      0x100 Src/fdcan.o
 .debug_loc     0x000152b8       0x63 Src/i2c.o
 .debug_loc     0x0001531b       0x5f Src/main.o
 .debug_loc     0x0001537a       0x54 Src/runtime.o
 .debug_loc     0x000153ce      0x187 Src/stm32g4xx_it.o
 .debug_loc     0x00015555       0x80 Src/system_stm32g4xx.o
 .debug_loc     0x000155d5       0xf9 Src/tim.o
 .debug_loc     0x000156ce       0xc0 Src/usart.o

.debug_aranges  0x00000000     0x1898
 .debug_aranges
                0x00000000      0x130 Drivers/STM32G4xx_HAL_Driver/Src/stm32g4xx_hal.o
 .debug_aranges
                0x00000130      0x108 Drivers/STM32G4xx_HAL_Driver/Src/stm32g4xx_hal_adc.o
 .debug_aranges
                0x00000238       0xf0 Drivers/STM32G4xx_HAL_Driver/Src/stm32g4xx_hal_adc_ex.o
 .debug_aranges
                0x00000328       0xa8 Drivers/STM32G4xx_HAL_Driver/Src/stm32g4xx_hal_cortex.o
 .debug_aranges
                0x000003d0       0x90 Drivers/STM32G4xx_HAL_Driver/Src/stm32g4xx_hal_dma.o
 .debug_aranges
                0x00000460      0x208 Drivers/STM32G4xx_HAL_Driver/Src/stm32g4xx_hal_fdcan.o
 .debug_aranges
                0x00000668       0x58 Drivers/STM32G4xx_HAL_Driver/Src/stm32g4xx_hal_gpio.o
 .debug_aranges
                0x000006c0      0x288 Drivers/STM32G4xx_HAL_Driver/Src/stm32g4xx_hal_i2c.o
 .debug_aranges
                0x00000948       0x48 Drivers/STM32G4xx_HAL_Driver/Src/stm32g4xx_hal_i2c_ex.o
 .debug_aranges
                0x00000990      0x140 Drivers/STM32G4xx_HAL_Driver/Src/stm32g4xx_hal_pwr_ex.o
 .debug_aranges
                0x00000ad0       0x98 Drivers/STM32G4xx_HAL_Driver/Src/stm32g4xx_hal_rcc.o
 .debug_aranges
                0x00000b68       0xb0 Drivers/STM32G4xx_HAL_Driver/Src/stm32g4xx_hal_rcc_ex.o
 .debug_aranges
                0x00000c18      0x3c8 Drivers/STM32G4xx_HAL_Driver/Src/stm32g4xx_hal_tim.o
 .debug_aranges
                0x00000fe0      0x228 Drivers/STM32G4xx_HAL_Driver/Src/stm32g4xx_hal_tim_ex.o
 .debug_aranges
                0x00001208      0x218 Drivers/STM32G4xx_HAL_Driver/Src/stm32g4xx_hal_uart.o
 .debug_aranges
                0x00001420       0x88 Drivers/STM32G4xx_HAL_Driver/Src/stm32g4xx_hal_uart_ex.o
 .debug_aranges
                0x000014a8       0x38 Src/SRF02.o
 .debug_aranges
                0x000014e0       0x40 Src/WS2812.o
 .debug_aranges
                0x00001520       0x38 Src/adc.o
 .debug_aranges
                0x00001558       0x20 Src/dma.o
 .debug_aranges
                0x00001578       0x48 Src/fdcan.o
 .debug_aranges
                0x000015c0       0x20 Src/gpio.o
 .debug_aranges
                0x000015e0       0x30 Src/i2c.o
 .debug_aranges
                0x00001610       0x40 Src/main.o
 .debug_aranges
                0x00001650       0x80 Src/runtime.o
 .debug_aranges
                0x000016d0       0x20 Src/stm32g4xx_hal_msp.o
 .debug_aranges
                0x000016f0       0xd0 Src/stm32g4xx_it.o
 .debug_aranges
                0x000017c0       0x28 Src/system_stm32g4xx.o
 .debug_aranges
                0x000017e8       0x48 Src/tim.o
 .debug_aranges
                0x00001830       0x40 Src/usart.o
 .debug_aranges
                0x00001870       0x28 startup/startup_stm32g474xx.o

.debug_ranges   0x00000000     0x1b78
 .debug_ranges  0x00000000      0x120 Drivers/STM32G4xx_HAL_Driver/Src/stm32g4xx_hal.o
 .debug_ranges  0x00000120      0x308 Drivers/STM32G4xx_HAL_Driver/Src/stm32g4xx_hal_adc.o
 .debug_ranges  0x00000428      0x308 Drivers/STM32G4xx_HAL_Driver/Src/stm32g4xx_hal_adc_ex.o
 .debug_ranges  0x00000730       0xf8 Drivers/STM32G4xx_HAL_Driver/Src/stm32g4xx_hal_cortex.o
 .debug_ranges  0x00000828       0x80 Drivers/STM32G4xx_HAL_Driver/Src/stm32g4xx_hal_dma.o
 .debug_ranges  0x000008a8      0x1f8 Drivers/STM32G4xx_HAL_Driver/Src/stm32g4xx_hal_fdcan.o
 .debug_ranges  0x00000aa0       0x48 Drivers/STM32G4xx_HAL_Driver/Src/stm32g4xx_hal_gpio.o
 .debug_ranges  0x00000ae8      0x278 Drivers/STM32G4xx_HAL_Driver/Src/stm32g4xx_hal_i2c.o
 .debug_ranges  0x00000d60       0x38 Drivers/STM32G4xx_HAL_Driver/Src/stm32g4xx_hal_i2c_ex.o
 .debug_ranges  0x00000d98      0x130 Drivers/STM32G4xx_HAL_Driver/Src/stm32g4xx_hal_pwr_ex.o
 .debug_ranges  0x00000ec8       0xa0 Drivers/STM32G4xx_HAL_Driver/Src/stm32g4xx_hal_rcc.o
 .debug_ranges  0x00000f68       0xb8 Drivers/STM32G4xx_HAL_Driver/Src/stm32g4xx_hal_rcc_ex.o
 .debug_ranges  0x00001020      0x3b8 Drivers/STM32G4xx_HAL_Driver/Src/stm32g4xx_hal_tim.o
 .debug_ranges  0x000013d8      0x218 Drivers/STM32G4xx_HAL_Driver/Src/stm32g4xx_hal_tim_ex.o
 .debug_ranges  0x000015f0      0x208 Drivers/STM32G4xx_HAL_Driver/Src/stm32g4xx_hal_uart.o
 .debug_ranges  0x000017f8       0x78 Drivers/STM32G4xx_HAL_Driver/Src/stm32g4xx_hal_uart_ex.o
 .debug_ranges  0x00001870       0x28 Src/SRF02.o
 .debug_ranges  0x00001898       0x30 Src/WS2812.o
 .debug_ranges  0x000018c8       0x28 Src/adc.o
 .debug_ranges  0x000018f0       0x10 Src/dma.o
 .debug_ranges  0x00001900       0x38 Src/fdcan.o
 .debug_ranges  0x00001938       0x10 Src/gpio.o
 .debug_ranges  0x00001948       0x20 Src/i2c.o
 .debug_ranges  0x00001968       0x30 Src/main.o
 .debug_ranges  0x00001998       0x70 Src/runtime.o
 .debug_ranges  0x00001a08       0x10 Src/stm32g4xx_hal_msp.o
 .debug_ranges  0x00001a18       0xc0 Src/stm32g4xx_it.o
 .debug_ranges  0x00001ad8       0x18 Src/system_stm32g4xx.o
 .debug_ranges  0x00001af0       0x38 Src/tim.o
 .debug_ranges  0x00001b28       0x30 Src/usart.o
 .debug_ranges  0x00001b58       0x20 startup/startup_stm32g474xx.o

.debug_macro    0x00000000    0x2a3e1
 .debug_macro   0x00000000      0x262 Drivers/STM32G4xx_HAL_Driver/Src/stm32g4xx_hal.o
 .debug_macro   0x00000262      0xa60 Drivers/STM32G4xx_HAL_Driver/Src/stm32g4xx_hal.o
 .debug_macro   0x00000cc2      0x16d Drivers/STM32G4xx_HAL_Driver/Src/stm32g4xx_hal.o
 .debug_macro   0x00000e2f       0x2e Drivers/STM32G4xx_HAL_Driver/Src/stm32g4xx_hal.o
 .debug_macro   0x00000e5d       0x28 Drivers/STM32G4xx_HAL_Driver/Src/stm32g4xx_hal.o
 .debug_macro   0x00000e85       0x22 Drivers/STM32G4xx_HAL_Driver/Src/stm32g4xx_hal.o
 .debug_macro   0x00000ea7       0x8e Drivers/STM32G4xx_HAL_Driver/Src/stm32g4xx_hal.o
 .debug_macro   0x00000f35       0x51 Drivers/STM32G4xx_HAL_Driver/Src/stm32g4xx_hal.o
 .debug_macro   0x00000f86       0xef Drivers/STM32G4xx_HAL_Driver/Src/stm32g4xx_hal.o
 .debug_macro   0x00001075       0x6a Drivers/STM32G4xx_HAL_Driver/Src/stm32g4xx_hal.o
 .debug_macro   0x000010df      0x1df Drivers/STM32G4xx_HAL_Driver/Src/stm32g4xx_hal.o
 .debug_macro   0x000012be       0x1c Drivers/STM32G4xx_HAL_Driver/Src/stm32g4xx_hal.o
 .debug_macro   0x000012da       0x22 Drivers/STM32G4xx_HAL_Driver/Src/stm32g4xx_hal.o
 .debug_macro   0x000012fc       0xdf Drivers/STM32G4xx_HAL_Driver/Src/stm32g4xx_hal.o
 .debug_macro   0x000013db     0x102d Drivers/STM32G4xx_HAL_Driver/Src/stm32g4xx_hal.o
 .debug_macro   0x00002408      0x11f Drivers/STM32G4xx_HAL_Driver/Src/stm32g4xx_hal.o
 .debug_macro   0x00002527    0x185f8 Drivers/STM32G4xx_HAL_Driver/Src/stm32g4xx_hal.o
 .debug_macro   0x0001ab1f       0x43 Drivers/STM32G4xx_HAL_Driver/Src/stm32g4xx_hal.o
 .debug_macro   0x0001ab62     0x34ae Drivers/STM32G4xx_HAL_Driver/Src/stm32g4xx_hal.o
 .debug_macro   0x0001e010      0x174 Drivers/STM32G4xx_HAL_Driver/Src/stm32g4xx_hal.o
 .debug_macro   0x0001e184       0x4e Drivers/STM32G4xx_HAL_Driver/Src/stm32g4xx_hal.o
 .debug_macro   0x0001e1d2     0x16e0 Drivers/STM32G4xx_HAL_Driver/Src/stm32g4xx_hal.o
 .debug_macro   0x0001f8b2      0x600 Drivers/STM32G4xx_HAL_Driver/Src/stm32g4xx_hal.o
 .debug_macro   0x0001feb2      0x137 Drivers/STM32G4xx_HAL_Driver/Src/stm32g4xx_hal.o
 .debug_macro   0x0001ffe9      0x32f Drivers/STM32G4xx_HAL_Driver/Src/stm32g4xx_hal.o
 .debug_macro   0x00020318      0x53c Drivers/STM32G4xx_HAL_Driver/Src/stm32g4xx_hal.o
 .debug_macro   0x00020854      0x18b Drivers/STM32G4xx_HAL_Driver/Src/stm32g4xx_hal.o
 .debug_macro   0x000209df       0x43 Drivers/STM32G4xx_HAL_Driver/Src/stm32g4xx_hal.o
 .debug_macro   0x00020a22      0x23d Drivers/STM32G4xx_HAL_Driver/Src/stm32g4xx_hal.o
 .debug_macro   0x00020c5f     0x10fd Drivers/STM32G4xx_HAL_Driver/Src/stm32g4xx_hal.o
 .debug_macro   0x00021d5c      0x72e Drivers/STM32G4xx_HAL_Driver/Src/stm32g4xx_hal.o
 .debug_macro   0x0002248a      0x391 Drivers/STM32G4xx_HAL_Driver/Src/stm32g4xx_hal.o
 .debug_macro   0x0002281b      0x212 Drivers/STM32G4xx_HAL_Driver/Src/stm32g4xx_hal.o
 .debug_macro   0x00022a2d      0x6af Drivers/STM32G4xx_HAL_Driver/Src/stm32g4xx_hal.o
 .debug_macro   0x000230dc      0x45c Drivers/STM32G4xx_HAL_Driver/Src/stm32g4xx_hal.o
 .debug_macro   0x00023538      0x11c Drivers/STM32G4xx_HAL_Driver/Src/stm32g4xx_hal.o
 .debug_macro   0x00023654      0x22c Drivers/STM32G4xx_HAL_Driver/Src/stm32g4xx_hal.o
 .debug_macro   0x00023880       0x5e Drivers/STM32G4xx_HAL_Driver/Src/stm32g4xx_hal.o
 .debug_macro   0x000238de       0xa5 Drivers/STM32G4xx_HAL_Driver/Src/stm32g4xx_hal.o
 .debug_macro   0x00023983      0x122 Drivers/STM32G4xx_HAL_Driver/Src/stm32g4xx_hal.o
 .debug_macro   0x00023aa5      0x3d1 Drivers/STM32G4xx_HAL_Driver/Src/stm32g4xx_hal.o
 .debug_macro   0x00023e76      0xb8d Drivers/STM32G4xx_HAL_Driver/Src/stm32g4xx_hal.o
 .debug_macro   0x00024a03      0x71a Drivers/STM32G4xx_HAL_Driver/Src/stm32g4xx_hal.o
 .debug_macro   0x0002511d      0x63f Drivers/STM32G4xx_HAL_Driver/Src/stm32g4xx_hal.o
 .debug_macro   0x0002575c       0xa6 Drivers/STM32G4xx_HAL_Driver/Src/stm32g4xx_hal.o
 .debug_macro   0x00025802      0x359 Drivers/STM32G4xx_HAL_Driver/Src/stm32g4xx_hal.o
 .debug_macro   0x00025b5b      0x231 Drivers/STM32G4xx_HAL_Driver/Src/stm32g4xx_hal_adc.o
 .debug_macro   0x00025d8c      0x220 Drivers/STM32G4xx_HAL_Driver/Src/stm32g4xx_hal_adc_ex.o
 .debug_macro   0x00025fac      0x214 Drivers/STM32G4xx_HAL_Driver/Src/stm32g4xx_hal_cortex.o
 .debug_macro   0x000261c0      0x214 Drivers/STM32G4xx_HAL_Driver/Src/stm32g4xx_hal_dma.o
 .debug_macro   0x000263d4      0x326 Drivers/STM32G4xx_HAL_Driver/Src/stm32g4xx_hal_fdcan.o
 .debug_macro   0x000266fa      0x24c Drivers/STM32G4xx_HAL_Driver/Src/stm32g4xx_hal_gpio.o
 .debug_macro   0x00026946      0x2d9 Drivers/STM32G4xx_HAL_Driver/Src/stm32g4xx_hal_i2c.o
 .debug_macro   0x00026c1f      0x214 Drivers/STM32G4xx_HAL_Driver/Src/stm32g4xx_hal_i2c_ex.o
 .debug_macro   0x00026e33      0x23e Drivers/STM32G4xx_HAL_Driver/Src/stm32g4xx_hal_pwr_ex.o
 .debug_macro   0x00027071      0x250 Drivers/STM32G4xx_HAL_Driver/Src/stm32g4xx_hal_rcc.o
 .debug_macro   0x000272c1      0x23e Drivers/STM32G4xx_HAL_Driver/Src/stm32g4xx_hal_rcc_ex.o
 .debug_macro   0x000274ff      0x21c Drivers/STM32G4xx_HAL_Driver/Src/stm32g4xx_hal_tim.o
 .debug_macro   0x0002771b      0x21a Drivers/STM32G4xx_HAL_Driver/Src/stm32g4xx_hal_tim_ex.o
 .debug_macro   0x00027935      0x23f Drivers/STM32G4xx_HAL_Driver/Src/stm32g4xx_hal_uart.o
 .debug_macro   0x00027b74      0x220 Drivers/STM32G4xx_HAL_Driver/Src/stm32g4xx_hal_uart_ex.o
 .debug_macro   0x00027d94      0x294 Src/SRF02.o
 .debug_macro   0x00028028       0x22 Src/SRF02.o
 .debug_macro   0x0002804a       0x22 Src/SRF02.o
 .debug_macro   0x0002806c      0x1eb Src/SRF02.o
 .debug_macro   0x00028257       0x28 Src/SRF02.o
 .debug_macro   0x0002827f       0x16 Src/SRF02.o
 .debug_macro   0x00028295       0x1c Src/SRF02.o
 .debug_macro   0x000282b1      0x294 Src/WS2812.o
 .debug_macro   0x00028545      0x294 Src/adc.o
 .debug_macro   0x000287d9      0x294 Src/dma.o
 .debug_macro   0x00028a6d      0x294 Src/fdcan.o
 .debug_macro   0x00028d01      0x294 Src/gpio.o
 .debug_macro   0x00028f95      0x294 Src/i2c.o
 .debug_macro   0x00029229      0x2b2 Src/main.o
 .debug_macro   0x000294db      0x294 Src/runtime.o
 .debug_macro   0x0002976f      0x290 Src/stm32g4xx_hal_msp.o
 .debug_macro   0x000299ff      0x29a Src/stm32g4xx_it.o
 .debug_macro   0x00029c99      0x21a Src/system_stm32g4xx.o
 .debug_macro   0x00029eb3      0x294 Src/tim.o
 .debug_macro   0x0002a147      0x29a Src/usart.o

.debug_line     0x00000000    0x16730
 .debug_line    0x00000000      0x9bc Drivers/STM32G4xx_HAL_Driver/Src/stm32g4xx_hal.o
 .debug_line    0x000009bc     0x14ec Drivers/STM32G4xx_HAL_Driver/Src/stm32g4xx_hal_adc.o
 .debug_line    0x00001ea8     0x1310 Drivers/STM32G4xx_HAL_Driver/Src/stm32g4xx_hal_adc_ex.o
 .debug_line    0x000031b8      0x963 Drivers/STM32G4xx_HAL_Driver/Src/stm32g4xx_hal_cortex.o
 .debug_line    0x00003b1b      0x9d1 Drivers/STM32G4xx_HAL_Driver/Src/stm32g4xx_hal_dma.o
 .debug_line    0x000044ec      0xf7c Drivers/STM32G4xx_HAL_Driver/Src/stm32g4xx_hal_fdcan.o
 .debug_line    0x00005468      0x87d Drivers/STM32G4xx_HAL_Driver/Src/stm32g4xx_hal_gpio.o
 .debug_line    0x00005ce5     0x1b51 Drivers/STM32G4xx_HAL_Driver/Src/stm32g4xx_hal_i2c.o
 .debug_line    0x00007836      0x859 Drivers/STM32G4xx_HAL_Driver/Src/stm32g4xx_hal_i2c_ex.o
 .debug_line    0x0000808f      0xb59 Drivers/STM32G4xx_HAL_Driver/Src/stm32g4xx_hal_pwr_ex.o
 .debug_line    0x00008be8      0xa33 Drivers/STM32G4xx_HAL_Driver/Src/stm32g4xx_hal_rcc.o
 .debug_line    0x0000961b      0xca7 Drivers/STM32G4xx_HAL_Driver/Src/stm32g4xx_hal_rcc_ex.o
 .debug_line    0x0000a2c2     0x1c9c Drivers/STM32G4xx_HAL_Driver/Src/stm32g4xx_hal_tim.o
 .debug_line    0x0000bf5e     0x1175 Drivers/STM32G4xx_HAL_Driver/Src/stm32g4xx_hal_tim_ex.o
 .debug_line    0x0000d0d3     0x18cb Drivers/STM32G4xx_HAL_Driver/Src/stm32g4xx_hal_uart.o
 .debug_line    0x0000e99e      0x98b Drivers/STM32G4xx_HAL_Driver/Src/stm32g4xx_hal_uart_ex.o
 .debug_line    0x0000f329      0x817 Src/SRF02.o
 .debug_line    0x0000fb40      0x87c Src/WS2812.o
 .debug_line    0x000103bc      0x866 Src/adc.o
 .debug_line    0x00010c22      0x78f Src/dma.o
 .debug_line    0x000113b1      0x818 Src/fdcan.o
 .debug_line    0x00011bc9      0x787 Src/gpio.o
 .debug_line    0x00012350      0x7ea Src/i2c.o
 .debug_line    0x00012b3a      0x86d Src/main.o
 .debug_line    0x000133a7      0x98b Src/runtime.o
 .debug_line    0x00013d32      0x79b Src/stm32g4xx_hal_msp.o
 .debug_line    0x000144cd      0x9ae Src/stm32g4xx_it.o
 .debug_line    0x00014e7b      0x72c Src/system_stm32g4xx.o
 .debug_line    0x000155a7      0x889 Src/tim.o
 .debug_line    0x00015e30      0x87e Src/usart.o
 .debug_line    0x000166ae       0x82 startup/startup_stm32g474xx.o

.debug_str      0x00000000   0x113dad
 .debug_str     0x00000000   0x10a9d5 Drivers/STM32G4xx_HAL_Driver/Src/stm32g4xx_hal.o
                             0x10b086 (size before relaxing)
 .debug_str     0x0010a9d5      0xff6 Drivers/STM32G4xx_HAL_Driver/Src/stm32g4xx_hal_adc.o
                             0x10b3d0 (size before relaxing)
 .debug_str     0x0010b9cb      0x6bc Drivers/STM32G4xx_HAL_Driver/Src/stm32g4xx_hal_adc_ex.o
                             0x10b31b (size before relaxing)
 .debug_str     0x0010c087      0x3a1 Drivers/STM32G4xx_HAL_Driver/Src/stm32g4xx_hal_cortex.o
                             0x10ad55 (size before relaxing)
 .debug_str     0x0010c428      0x2a7 Drivers/STM32G4xx_HAL_Driver/Src/stm32g4xx_hal_dma.o
                             0x10a787 (size before relaxing)
 .debug_str     0x0010c6cf     0x161c Drivers/STM32G4xx_HAL_Driver/Src/stm32g4xx_hal_fdcan.o
                             0x10b934 (size before relaxing)
 .debug_str     0x0010dceb      0x291 Drivers/STM32G4xx_HAL_Driver/Src/stm32g4xx_hal_gpio.o
                             0x10a62a (size before relaxing)
 .debug_str     0x0010df7c      0xf7e Drivers/STM32G4xx_HAL_Driver/Src/stm32g4xx_hal_i2c.o
                             0x10b5a8 (size before relaxing)
 .debug_str     0x0010eefa       0xb8 Drivers/STM32G4xx_HAL_Driver/Src/stm32g4xx_hal_i2c_ex.o
                             0x10a9ce (size before relaxing)
 .debug_str     0x0010efb2      0x4da Drivers/STM32G4xx_HAL_Driver/Src/stm32g4xx_hal_pwr_ex.o
                             0x10a8b4 (size before relaxing)
 .debug_str     0x0010f48c      0x500 Drivers/STM32G4xx_HAL_Driver/Src/stm32g4xx_hal_rcc.o
                             0x10a983 (size before relaxing)
 .debug_str     0x0010f98c      0x5d8 Drivers/STM32G4xx_HAL_Driver/Src/stm32g4xx_hal_rcc_ex.o
                             0x10ab2d (size before relaxing)
 .debug_str     0x0010ff64     0x10be Drivers/STM32G4xx_HAL_Driver/Src/stm32g4xx_hal_tim.o
                             0x10b6a3 (size before relaxing)
 .debug_str     0x00111022      0x94d Drivers/STM32G4xx_HAL_Driver/Src/stm32g4xx_hal_tim_ex.o
                             0x10b2de (size before relaxing)
 .debug_str     0x0011196f      0xad9 Drivers/STM32G4xx_HAL_Driver/Src/stm32g4xx_hal_uart.o
                             0x10b205 (size before relaxing)
 .debug_str     0x00112448      0x249 Drivers/STM32G4xx_HAL_Driver/Src/stm32g4xx_hal_uart_ex.o
                             0x10aa00 (size before relaxing)
 .debug_str     0x00112691     0x107d Src/SRF02.o
                             0x10c0ab (size before relaxing)
 .debug_str     0x0011370e       0x74 Src/WS2812.o
                             0x10c07f (size before relaxing)
 .debug_str     0x00113782       0x7e Src/adc.o
                             0x10c320 (size before relaxing)
 .debug_str     0x00113800       0x19 Src/dma.o
                             0x10c752 (size before relaxing)
 .debug_str     0x00113819       0x83 Src/fdcan.o
                             0x10c97b (size before relaxing)
 .debug_str     0x0011389c       0x1b Src/gpio.o
                             0x10c17a (size before relaxing)
 .debug_str     0x001138b7       0x3e Src/i2c.o
                             0x10c241 (size before relaxing)
 .debug_str     0x001138f5       0xdd Src/main.o
                             0x10c779 (size before relaxing)
 .debug_str     0x001139d2       0xf9 Src/runtime.o
                             0x10c271 (size before relaxing)
 .debug_str     0x00113acb       0x37 Src/stm32g4xx_hal_msp.o
                             0x10c195 (size before relaxing)
 .debug_str     0x00113b02      0x1cc Src/stm32g4xx_it.o
                             0x10c4fe (size before relaxing)
 .debug_str     0x00113cce       0x52 Src/system_stm32g4xx.o
                             0x10a3b8 (size before relaxing)
 .debug_str     0x00113d20       0x44 Src/tim.o
                             0x10cb03 (size before relaxing)
 .debug_str     0x00113d64       0x1a Src/usart.o
                             0x10c4cc (size before relaxing)
 .debug_str     0x00113d7e       0x2f startup/startup_stm32g474xx.o
                                 0x4d (size before relaxing)

.comment        0x00000000       0x7f
 .comment       0x00000000       0x7f Drivers/STM32G4xx_HAL_Driver/Src/stm32g4xx_hal.o
                                 0x80 (size before relaxing)
 .comment       0x0000007f       0x80 Drivers/STM32G4xx_HAL_Driver/Src/stm32g4xx_hal_adc.o
 .comment       0x0000007f       0x80 Drivers/STM32G4xx_HAL_Driver/Src/stm32g4xx_hal_adc_ex.o
 .comment       0x0000007f       0x80 Drivers/STM32G4xx_HAL_Driver/Src/stm32g4xx_hal_cortex.o
 .comment       0x0000007f       0x80 Drivers/STM32G4xx_HAL_Driver/Src/stm32g4xx_hal_dma.o
 .comment       0x0000007f       0x80 Drivers/STM32G4xx_HAL_Driver/Src/stm32g4xx_hal_fdcan.o
 .comment       0x0000007f       0x80 Drivers/STM32G4xx_HAL_Driver/Src/stm32g4xx_hal_gpio.o
 .comment       0x0000007f       0x80 Drivers/STM32G4xx_HAL_Driver/Src/stm32g4xx_hal_i2c.o
 .comment       0x0000007f       0x80 Drivers/STM32G4xx_HAL_Driver/Src/stm32g4xx_hal_i2c_ex.o
 .comment       0x0000007f       0x80 Drivers/STM32G4xx_HAL_Driver/Src/stm32g4xx_hal_pwr_ex.o
 .comment       0x0000007f       0x80 Drivers/STM32G4xx_HAL_Driver/Src/stm32g4xx_hal_rcc.o
 .comment       0x0000007f       0x80 Drivers/STM32G4xx_HAL_Driver/Src/stm32g4xx_hal_rcc_ex.o
 .comment       0x0000007f       0x80 Drivers/STM32G4xx_HAL_Driver/Src/stm32g4xx_hal_tim.o
 .comment       0x0000007f       0x80 Drivers/STM32G4xx_HAL_Driver/Src/stm32g4xx_hal_tim_ex.o
 .comment       0x0000007f       0x80 Drivers/STM32G4xx_HAL_Driver/Src/stm32g4xx_hal_uart.o
 .comment       0x0000007f       0x80 Drivers/STM32G4xx_HAL_Driver/Src/stm32g4xx_hal_uart_ex.o
 .comment       0x0000007f       0x80 Src/SRF02.o
 .comment       0x0000007f       0x80 Src/WS2812.o
 .comment       0x0000007f       0x80 Src/adc.o
 .comment       0x0000007f       0x80 Src/dma.o
 .comment       0x0000007f       0x80 Src/fdcan.o
 .comment       0x0000007f       0x80 Src/gpio.o
 .comment       0x0000007f       0x80 Src/i2c.o
 .comment       0x0000007f       0x80 Src/main.o
 .comment       0x0000007f       0x80 Src/runtime.o
 .comment       0x0000007f       0x80 Src/stm32g4xx_hal_msp.o
 .comment       0x0000007f       0x80 Src/stm32g4xx_it.o
 .comment       0x0000007f       0x80 Src/system_stm32g4xx.o
 .comment       0x0000007f       0x80 Src/tim.o
 .comment       0x0000007f       0x80 Src/usart.o

.debug_frame    0x00000000     0x4260
 .debug_frame   0x00000000      0x278 Drivers/STM32G4xx_HAL_Driver/Src/stm32g4xx_hal.o
 .debug_frame   0x00000278      0x304 Drivers/STM32G4xx_HAL_Driver/Src/stm32g4xx_hal_adc.o
 .debug_frame   0x0000057c      0x2cc Drivers/STM32G4xx_HAL_Driver/Src/stm32g4xx_hal_adc_ex.o
 .debug_frame   0x00000848      0x15c Drivers/STM32G4xx_HAL_Driver/Src/stm32g4xx_hal_cortex.o
 .debug_frame   0x000009a4      0x18c Drivers/STM32G4xx_HAL_Driver/Src/stm32g4xx_hal_dma.o
 .debug_frame   0x00000b30      0x4cc Drivers/STM32G4xx_HAL_Driver/Src/stm32g4xx_hal_fdcan.o
 .debug_frame   0x00000ffc       0xd8 Drivers/STM32G4xx_HAL_Driver/Src/stm32g4xx_hal_gpio.o
 .debug_frame   0x000010d4      0x8fc Drivers/STM32G4xx_HAL_Driver/Src/stm32g4xx_hal_i2c.o
 .debug_frame   0x000019d0       0x80 Drivers/STM32G4xx_HAL_Driver/Src/stm32g4xx_hal_i2c_ex.o
 .debug_frame   0x00001a50      0x268 Drivers/STM32G4xx_HAL_Driver/Src/stm32g4xx_hal_pwr_ex.o
 .debug_frame   0x00001cb8      0x198 Drivers/STM32G4xx_HAL_Driver/Src/stm32g4xx_hal_rcc.o
 .debug_frame   0x00001e50      0x1a0 Drivers/STM32G4xx_HAL_Driver/Src/stm32g4xx_hal_rcc_ex.o
 .debug_frame   0x00001ff0      0xb04 Drivers/STM32G4xx_HAL_Driver/Src/stm32g4xx_hal_tim.o
 .debug_frame   0x00002af4      0x5c0 Drivers/STM32G4xx_HAL_Driver/Src/stm32g4xx_hal_tim_ex.o
 .debug_frame   0x000030b4      0x5d4 Drivers/STM32G4xx_HAL_Driver/Src/stm32g4xx_hal_uart.o
 .debug_frame   0x00003688      0x164 Drivers/STM32G4xx_HAL_Driver/Src/stm32g4xx_hal_uart_ex.o
 .debug_frame   0x000037ec       0x94 Src/SRF02.o
 .debug_frame   0x00003880       0x8c Src/WS2812.o
 .debug_frame   0x0000390c       0x90 Src/adc.o
 .debug_frame   0x0000399c       0x2c Src/dma.o
 .debug_frame   0x000039c8       0xbc Src/fdcan.o
 .debug_frame   0x00003a84       0x2c Src/gpio.o
 .debug_frame   0x00003ab0       0x6c Src/i2c.o
 .debug_frame   0x00003b1c       0x80 Src/main.o
 .debug_frame   0x00003b9c      0x160 Src/runtime.o
 .debug_frame   0x00003cfc       0x28 Src/stm32g4xx_hal_msp.o
 .debug_frame   0x00003d24      0x1e0 Src/stm32g4xx_it.o
 .debug_frame   0x00003f04       0x30 Src/system_stm32g4xx.o
 .debug_frame   0x00003f34       0xcc Src/tim.o
 .debug_frame   0x00004000       0x94 Src/usart.o
 .debug_frame   0x00004094       0xac c:/ac6/systemworkbench/plugins/fr.ac6.mcu.externaltools.arm-none.win32_1.17.0.201812190825/tools/compiler/bin/../lib/gcc/arm-none-eabi/7.3.1/thumb/v7e-m/fpv4-sp/hard\libgcc.a(_arm_addsubdf3.o)
 .debug_frame   0x00004140       0x50 c:/ac6/systemworkbench/plugins/fr.ac6.mcu.externaltools.arm-none.win32_1.17.0.201812190825/tools/compiler/bin/../lib/gcc/arm-none-eabi/7.3.1/thumb/v7e-m/fpv4-sp/hard\libgcc.a(_arm_muldivdf3.o)
 .debug_frame   0x00004190       0x24 c:/ac6/systemworkbench/plugins/fr.ac6.mcu.externaltools.arm-none.win32_1.17.0.201812190825/tools/compiler/bin/../lib/gcc/arm-none-eabi/7.3.1/thumb/v7e-m/fpv4-sp/hard\libgcc.a(_arm_truncdfsf2.o)
 .debug_frame   0x000041b4       0x2c c:/ac6/systemworkbench/plugins/fr.ac6.mcu.externaltools.arm-none.win32_1.17.0.201812190825/tools/compiler/bin/../lib/gcc/arm-none-eabi/7.3.1/thumb/v7e-m/fpv4-sp/hard\libgcc.a(_aeabi_uldivmod.o)
 .debug_frame   0x000041e0       0x34 c:/ac6/systemworkbench/plugins/fr.ac6.mcu.externaltools.arm-none.win32_1.17.0.201812190825/tools/compiler/bin/../lib/gcc/arm-none-eabi/7.3.1/thumb/v7e-m/fpv4-sp/hard\libgcc.a(_udivmoddi4.o)
 .debug_frame   0x00004214       0x2c c:/ac6/systemworkbench/plugins/fr.ac6.mcu.externaltools.arm-none.win32_1.17.0.201812190825/tools/compiler/bin/../lib/gcc/arm-none-eabi/7.3.1/../../../../arm-none-eabi/lib/thumb/v7e-m/fpv4-sp/hard\libc_nano.a(lib_a-init.o)
 .debug_frame   0x00004240       0x20 c:/ac6/systemworkbench/plugins/fr.ac6.mcu.externaltools.arm-none.win32_1.17.0.201812190825/tools/compiler/bin/../lib/gcc/arm-none-eabi/7.3.1/../../../../arm-none-eabi/lib/thumb/v7e-m/fpv4-sp/hard\libc_nano.a(lib_a-memset.o)
